Archive member included to satisfy reference by file (symbol)

C:/new_sdk/msdk/Libraries/PeriphDrivers/bin/MAX78000/softfp/libPeriphDriver_softfp.a(mxc_delay.o)
                              c:/MaximSDK_RPI/Examples/MAX78000/Flash/build/main.o (MXC_Delay)
C:/new_sdk/msdk/Libraries/PeriphDrivers/bin/MAX78000/softfp/libPeriphDriver_softfp.a(nvic_table.o)
                              c:/MaximSDK_RPI/Examples/MAX78000/Flash/build/main.o (MXC_NVIC_SetVector)
C:/new_sdk/msdk/Libraries/PeriphDrivers/bin/MAX78000/softfp/libPeriphDriver_softfp.a(pins_ai85.o)
                              c:/MaximSDK_RPI/Examples/MAX78000/Flash/build/camera.o (gpio_cfg_pcif_xclk)
C:/new_sdk/msdk/Libraries/PeriphDrivers/bin/MAX78000/softfp/libPeriphDriver_softfp.a(sys_ai85.o)
                              c:/MaximSDK_RPI/Examples/MAX78000/Flash/build/board.o (MXC_SYS_ClockEnable)
C:/new_sdk/msdk/Libraries/PeriphDrivers/bin/MAX78000/softfp/libPeriphDriver_softfp.a(cameraif_ai85.o)
                              c:/MaximSDK_RPI/Examples/MAX78000/Flash/build/camera.o (MXC_PCIF_Init)
C:/new_sdk/msdk/Libraries/PeriphDrivers/bin/MAX78000/softfp/libPeriphDriver_softfp.a(cameraif_reva.o)
                              C:/new_sdk/msdk/Libraries/PeriphDrivers/bin/MAX78000/softfp/libPeriphDriver_softfp.a(cameraif_ai85.o) (MXC_PCIF_RevA_SetDatawidth)
C:/new_sdk/msdk/Libraries/PeriphDrivers/bin/MAX78000/softfp/libPeriphDriver_softfp.a(dma_me17.o)
                              c:/MaximSDK_RPI/Examples/MAX78000/Flash/build/camera.o (MXC_DMA_SetCallback)
C:/new_sdk/msdk/Libraries/PeriphDrivers/bin/MAX78000/softfp/libPeriphDriver_softfp.a(dma_reva.o)
                              C:/new_sdk/msdk/Libraries/PeriphDrivers/bin/MAX78000/softfp/libPeriphDriver_softfp.a(dma_me17.o) (MXC_DMA_RevA_Init)
C:/new_sdk/msdk/Libraries/PeriphDrivers/bin/MAX78000/softfp/libPeriphDriver_softfp.a(flc_me17.o)
                              c:/MaximSDK_RPI/Examples/MAX78000/Flash/build/main.o (MXC_FLC_PageErase)
C:/new_sdk/msdk/Libraries/PeriphDrivers/bin/MAX78000/softfp/libPeriphDriver_softfp.a(flc_reva.o)
                              C:/new_sdk/msdk/Libraries/PeriphDrivers/bin/MAX78000/softfp/libPeriphDriver_softfp.a(flc_me17.o) (MXC_FLC_RevA_Busy)
C:/new_sdk/msdk/Libraries/PeriphDrivers/bin/MAX78000/softfp/libPeriphDriver_softfp.a(gpio_ai85.o)
                              c:/MaximSDK_RPI/Examples/MAX78000/Flash/build/board.o (MXC_GPIO_Config)
C:/new_sdk/msdk/Libraries/PeriphDrivers/bin/MAX78000/softfp/libPeriphDriver_softfp.a(gpio_reva.o)
                              C:/new_sdk/msdk/Libraries/PeriphDrivers/bin/MAX78000/softfp/libPeriphDriver_softfp.a(gpio_ai85.o) (MXC_GPIO_RevA_InGet)
C:/new_sdk/msdk/Libraries/PeriphDrivers/bin/MAX78000/softfp/libPeriphDriver_softfp.a(icc_me17.o)
                              c:/MaximSDK_RPI/Examples/MAX78000/Flash/build/system_max78000.o (MXC_ICC_Enable)
C:/new_sdk/msdk/Libraries/PeriphDrivers/bin/MAX78000/softfp/libPeriphDriver_softfp.a(icc_reva.o)
                              C:/new_sdk/msdk/Libraries/PeriphDrivers/bin/MAX78000/softfp/libPeriphDriver_softfp.a(icc_me17.o) (MXC_ICC_RevA_ID)
C:/new_sdk/msdk/Libraries/PeriphDrivers/bin/MAX78000/softfp/libPeriphDriver_softfp.a(pt_ai85.o)
                              c:/MaximSDK_RPI/Examples/MAX78000/Flash/build/camera.o (MXC_PT_Init)
C:/new_sdk/msdk/Libraries/PeriphDrivers/bin/MAX78000/softfp/libPeriphDriver_softfp.a(pt_reva.o)
                              C:/new_sdk/msdk/Libraries/PeriphDrivers/bin/MAX78000/softfp/libPeriphDriver_softfp.a(pt_ai85.o) (MXC_PT_RevA_Init)
C:/new_sdk/msdk/Libraries/PeriphDrivers/bin/MAX78000/softfp/libPeriphDriver_softfp.a(spi_me17.o)
                              c:/MaximSDK_RPI/Examples/MAX78000/Flash/build/tft_ssd2119.o (MXC_SPI_Init)
C:/new_sdk/msdk/Libraries/PeriphDrivers/bin/MAX78000/softfp/libPeriphDriver_softfp.a(spi_reva.o)
                              C:/new_sdk/msdk/Libraries/PeriphDrivers/bin/MAX78000/softfp/libPeriphDriver_softfp.a(spi_me17.o) (MXC_SPI_RevA_Init)
C:/new_sdk/msdk/Libraries/PeriphDrivers/bin/MAX78000/softfp/libPeriphDriver_softfp.a(uart_ai85.o)
                              c:/MaximSDK_RPI/Examples/MAX78000/Flash/build/board.o (MXC_UART_Shutdown)
C:/new_sdk/msdk/Libraries/PeriphDrivers/bin/MAX78000/softfp/libPeriphDriver_softfp.a(uart_common.o)
                              C:/new_sdk/msdk/Libraries/PeriphDrivers/bin/MAX78000/softfp/libPeriphDriver_softfp.a(uart_ai85.o) (MXC_UART_Common_ReadCharacter)
C:/new_sdk/msdk/Libraries/PeriphDrivers/bin/MAX78000/softfp/libPeriphDriver_softfp.a(uart_revb.o)
                              C:/new_sdk/msdk/Libraries/PeriphDrivers/bin/MAX78000/softfp/libPeriphDriver_softfp.a(uart_ai85.o) (MXC_UART_RevB_Init)
C:/new_sdk/msdk/Libraries/PeriphDrivers/bin/MAX78000/softfp/libPeriphDriver_softfp.a(mxc_lock.o)
                              C:/new_sdk/msdk/Libraries/PeriphDrivers/bin/MAX78000/softfp/libPeriphDriver_softfp.a(dma_reva.o) (MXC_GetLock)
[...]
Memory Configuration

Name             Origin             Length             Attributes
ROM              0x00000000         0x00010000         xr
FLASH            0x10000000         0x00080000         xr
SRAM             0x20000000         0x00020000         xrw
*default*        0x00000000         0xffffffff

Linker script and memory map

LOAD c:/new_sdk/msdk/tools/gnutools/10.3/bin/../lib/gcc/arm-none-eabi/10.3.1/thumb/v7e-m+fp/softfp/crti.o
LOAD c:/new_sdk/msdk/tools/gnutools/10.3/bin/../lib/gcc/arm-none-eabi/10.3.1/thumb/v7e-m+fp/softfp/crtbegin.o
LOAD c:/new_sdk/msdk/tools/gnutools/10.3/bin/../lib/gcc/arm-none-eabi/10.3.1/../../../../arm-none-eabi/lib/thumb/v7e-m+fp/softfp/crt0.o
LOAD c:/MaximSDK_RPI/Examples/MAX78000/Flash/build/main.o
LOAD c:/MaximSDK_RPI/Examples/MAX78000/Flash/build/board.o
LOAD c:/MaximSDK_RPI/Examples/MAX78000/Flash/build/stdio.o
LOAD c:/MaximSDK_RPI/Examples/MAX78000/Flash/build/led.o
LOAD c:/MaximSDK_RPI/Examples/MAX78000/Flash/build/pb.o
LOAD c:/MaximSDK_RPI/Examples/MAX78000/Flash/build/tft_ssd2119.o
LOAD c:/MaximSDK_RPI/Examples/MAX78000/Flash/build/tsc2046.o
LOAD c:/MaximSDK_RPI/Examples/MAX78000/Flash/build/camera.o
LOAD c:/MaximSDK_RPI/Examples/MAX78000/Flash/build/ov7692.o
LOAD c:/MaximSDK_RPI/Examples/MAX78000/Flash/build/sccb.o
LOAD c:/MaximSDK_RPI/Examples/MAX78000/Flash/build/startup_max78000.o
LOAD c:/MaximSDK_RPI/Examples/MAX78000/Flash/build/heap.o
LOAD c:/MaximSDK_RPI/Examples/MAX78000/Flash/build/system_max78000.o
START GROUP
LOAD C:/new_sdk/msdk/Libraries/PeriphDrivers/bin/MAX78000/softfp/libPeriphDriver_softfp.a
LOAD c:/new_sdk/msdk/tools/gnutools/10.3/bin/../lib/gcc/arm-none-eabi/10.3.1/../../../../arm-none-eabi/lib/thumb/v7e-m+fp/softfp\libc.a
LOAD c:/new_sdk/msdk/tools/gnutools/10.3/bin/../lib/gcc/arm-none-eabi/10.3.1/../../../../arm-none-eabi/lib/thumb/v7e-m+fp/softfp\libm.a
LOAD c:/new_sdk/msdk/tools/gnutools/10.3/bin/../lib/gcc/arm-none-eabi/10.3.1/../../../../arm-none-eabi/lib/thumb/v7e-m+fp/softfp\libnosys.a
END GROUP
START GROUP
LOAD c:/new_sdk/msdk/tools/gnutools/10.3/bin/../lib/gcc/arm-none-eabi/10.3.1/thumb/v7e-m+fp/softfp\libgcc.a
LOAD c:/new_sdk/msdk/tools/gnutools/10.3/bin/../lib/gcc/arm-none-eabi/10.3.1/../../../../arm-none-eabi/lib/thumb/v7e-m+fp/softfp\libc.a
END GROUP
LOAD c:/new_sdk/msdk/tools/gnutools/10.3/bin/../lib/gcc/arm-none-eabi/10.3.1/thumb/v7e-m+fp/softfp/crtend.o
LOAD c:/new_sdk/msdk/tools/gnutools/10.3/bin/../lib/gcc/arm-none-eabi/10.3.1/thumb/v7e-m+fp/softfp/crtn.o

.rom
 *(.rom_vector)
 *(.rom_handlers*)

.text           0x10000000     0x915c
                0x10000000                _text = .
 *(.isr_vector)
 .isr_vector    0x10000000      0x1e0 c:/MaximSDK_RPI/Examples/MAX78000/Flash/build/startup_max78000.o
                0x10000000                __isr_vector
 EXCLUDE_FILE(*riscv.o) *(.text*)
 .text          0x100001e0       0x40 c:/new_sdk/msdk/tools/gnutools/10.3/bin/../lib/gcc/arm-none-eabi/10.3.1/thumb/v7e-m+fp/softfp/crtbegin.o
 .text.MXC_SYS_Crit_Exit
                0x10000220       0x20 c:/MaximSDK_RPI/Examples/MAX78000/Flash/build/main.o
 .text.FLC0_IRQHandler
                0x10000240       0x58 c:/MaximSDK_RPI/Examples/MAX78000/Flash/build/main.o
                0x10000240                FLC0_IRQHandler
 .text.setup_irqs
                0x10000298       0x38 c:/MaximSDK_RPI/Examples/MAX78000/Flash/build/main.o
                0x10000298                setup_irqs
 .text.write_test_pattern
                0x100002d0       0xb0 c:/MaximSDK_RPI/Examples/MAX78000/Flash/build/main.o
                0x100002d0                write_test_pattern
 .text.validate_test_pattern
                0x10000380       0x68 c:/MaximSDK_RPI/Examples/MAX78000/Flash/build/main.o
                0x10000380                validate_test_pattern
 .text.erase_magic
                0x100003e8       0xe4 c:/MaximSDK_RPI/Examples/MAX78000/Flash/build/main.o
                0x100003e8                erase_magic
 .text.startup.main
                0x100004cc      0x110 c:/MaximSDK_RPI/Examples/MAX78000/Flash/build/main.o
                0x100004cc                main
 .text.mxc_assert
                0x100005dc       0x10 c:/MaximSDK_RPI/Examples/MAX78000/Flash/build/board.o
                0x100005dc                mxc_assert
 .text.Board_Init
                0x100005ec       0x70 c:/MaximSDK_RPI/Examples/MAX78000/Flash/build/board.o
                0x100005ec                Board_Init
 .text.NMI_Handler
                0x1000065c        0x4 c:/MaximSDK_RPI/Examples/MAX78000/Flash/build/board.o
                0x1000065c                NMI_Handler
 .text._close   0x10000660        0x8 c:/MaximSDK_RPI/Examples/MAX78000/Flash/build/stdio.o
                0x10000660                _close
 .text._isatty  0x10000668        0x8 c:/MaximSDK_RPI/Examples/MAX78000/Flash/build/stdio.o
                0x10000668                _isatty
 .text._lseek   0x10000670        0x8 c:/MaximSDK_RPI/Examples/MAX78000/Flash/build/stdio.o
                0x10000670                _lseek
 .text._fstat   0x10000678        0x8 c:/MaximSDK_RPI/Examples/MAX78000/Flash/build/stdio.o
                0x10000678                _fstat
 .text._read    0x10000680       0x50 c:/MaximSDK_RPI/Examples/MAX78000/Flash/build/stdio.o
                0x10000680                _read
 .text._write   0x100006d0       0x60 c:/MaximSDK_RPI/Examples/MAX78000/Flash/build/stdio.o
                0x100006d0                _write
 .text.LED_Init
                0x10000730       0x40 c:/MaximSDK_RPI/Examples/MAX78000/Flash/build/led.o
                0x10000730                LED_Init
 .text.PB_Init  0x10000770       0x38 c:/MaximSDK_RPI/Examples/MAX78000/Flash/build/pb.o
                0x10000770                PB_Init
 .text          0x100007a8      0x148 c:/MaximSDK_RPI/Examples/MAX78000/Flash/build/startup_max78000.o
                0x100007a8                Reset_Handler
                0x100007e6                HardFault_Handler
                0x100007e8                MemManage_Handler
                0x100007ea                BusFault_Handler
                0x100007ec                UsageFault_Handler
                0x100007ee                SVC_Handler
                0x100007f0                DebugMon_Handler
                0x100007f2                PendSV_Handler
                0x100007f4                SysTick_Handler
                0x100007f6                Default_Handler
                0x100007f8                PF_IRQHandler
                0x100007fa                WDT0_IRQHandler
                0x100007fc                RSV02_IRQHandler
                0x100007fe                RTC_IRQHandler
                0x10000800                TRNG_IRQHandler
                0x10000802                TMR0_IRQHandler
                0x10000804                TMR1_IRQHandler
                0x10000806                TMR2_IRQHandler
                0x10000808                TMR3_IRQHandler
                0x1000080a                TMR4_IRQHandler
                0x1000080c                TMR5_IRQHandler
                0x1000080e                RSV11_IRQHandler
                0x10000810                RSV12_IRQHandler
                0x10000812                I2C0_IRQHandler
                0x10000814                UART0_IRQHandler
                0x10000816                UART1_IRQHandler
                0x10000818                SPI1_IRQHandler
                0x1000081a                RSV17_IRQHandler
                0x1000081c                RSV18_IRQHandler
                0x1000081e                RSV19_IRQHandler
                0x10000820                ADC_IRQHandler
                0x10000822                RSV21_IRQHandler
                0x10000824                RSV22_IRQHandler
                0x10000828                GPIO0_IRQHandler
                0x1000082a                GPIO1_IRQHandler
                0x1000082c                GPIO2_IRQHandler
                0x1000082e                RSV27_IRQHandler
                0x10000830                DMA0_IRQHandler
                0x10000832                DMA1_IRQHandler
                0x10000834                DMA2_IRQHandler
                0x10000836                DMA3_IRQHandler
                0x10000838                RSV32_IRQHandler
                0x1000083a                RSV33_IRQHandler
                0x1000083c                UART2_IRQHandler
                0x1000083e                RSV35_IRQHandler
                0x10000840                I2C1_IRQHandler
                0x10000842                RSV37_IRQHandler
                0x10000844                RSV38_IRQHandler
                0x10000846                RSV39_IRQHandler
                0x10000848                RSV40_IRQHandler
                0x1000084a                RSV41_IRQHandler
                0x1000084c                RSV42_IRQHandler
                0x1000084e                RSV43_IRQHandler
                0x10000850                RSV44_IRQHandler
                0x10000852                RSV45_IRQHandler
                0x10000854                RSV46_IRQHandler
                0x10000856                RSV47_IRQHandler
                0x10000858                RSV48_IRQHandler
                0x1000085a                RSV49_IRQHandler
                0x1000085c                RSV50_IRQHandler
                0x1000085e                RSV51_IRQHandler
                0x10000860                RSV52_IRQHandler
                0x10000862                WUT_IRQHandler
                0x10000864                GPIOWAKE_IRQHandler
                0x10000866                RSV55_IRQHandler
                0x10000868                SPI0_IRQHandler
                0x1000086a                WDT1_IRQHandler
                0x1000086c                RSV58_IRQHandler
                0x1000086e                PT_IRQHandler
                0x10000870                RSV60_IRQHandler
                0x10000872                RSV61_IRQHandler
                0x10000874                I2C2_IRQHandler
                0x10000876                RISCV_IRQHandler
                0x10000878                RSV64_IRQHandler
                0x1000087a                RSV65_IRQHandler
                0x1000087c                RSV66_IRQHandler
                0x1000087e                OWM_IRQHandler
                0x10000880                RSV68_IRQHandler
                0x10000882                RSV69_IRQHandler
                0x10000884                RSV70_IRQHandler
                0x10000886                RSV71_IRQHandler
                0x10000888                RSV72_IRQHandler
                0x1000088a                RSV73_IRQHandler
                0x1000088c                RSV74_IRQHandler
                0x1000088e                RSV75_IRQHandler
                0x10000890                RSV76_IRQHandler
                0x10000892                RSV77_IRQHandler
                0x10000894                RSV78_IRQHandler
                0x10000896                RSV79_IRQHandler
                0x10000898                RSV80_IRQHandler
                0x1000089a                RSV81_IRQHandler
                0x1000089c                ECC_IRQHandler
                0x1000089e                DVS_IRQHandler
                0x100008a0                SIMO_IRQHandler
                0x100008a2                RSV85_IRQHandler
                0x100008a4                RSV86_IRQHandler
                0x100008a6                RSV87_IRQHandler
                0x100008a8                UART3_IRQHandler
                0x100008aa                RSV89_IRQHandler
                0x100008ac                RSV90_IRQHandler
                0x100008ae                PCIF_IRQHandler
                0x100008b0                RSV92_IRQHandler
                0x100008b2                RSV93_IRQHandler
                0x100008b4                RSV94_IRQHandler
                0x100008b6                RSV95_IRQHandler
                0x100008b8                RSV96_IRQHandler
                0x100008ba                AES_IRQHandler
                0x100008bc                RSV98_IRQHandler
                0x100008be                I2S_IRQHandler
                0x100008c0                CNN_FIFO_IRQHandler
                0x100008c2                CNN_IRQHandler
                0x100008c4                RSV102_IRQHandler
                0x100008c6                LPCMP_IRQHandler
 .text._sbrk    0x100008f0       0x3c c:/MaximSDK_RPI/Examples/MAX78000/Flash/build/heap.o
                0x100008f0                _sbrk
 .text.SystemCoreClockUpdate
                0x1000092c       0x68 c:/MaximSDK_RPI/Examples/MAX78000/Flash/build/system_max78000.o
                0x1000092c                SystemCoreClockUpdate
 .text.PreInit  0x10000994        0x4 c:/MaximSDK_RPI/Examples/MAX78000/Flash/build/system_max78000.o
                0x10000994                PreInit
 .text.SystemInit
                0x10000998       0x38 c:/MaximSDK_RPI/Examples/MAX78000/Flash/build/system_max78000.o
                0x10000998                SystemInit
 .text.MXC_DelayInit
                0x100009d0       0x7c C:/new_sdk/msdk/Libraries/PeriphDrivers/bin/MAX78000/softfp/libPeriphDriver_softfp.a(mxc_delay.o)
 .text.MXC_DelayAsync
                0x10000a4c       0x3c C:/new_sdk/msdk/Libraries/PeriphDrivers/bin/MAX78000/softfp/libPeriphDriver_softfp.a(mxc_delay.o)
                0x10000a4c                MXC_DelayAsync
 .text.MXC_DelayCheck
                0x10000a88       0x70 C:/new_sdk/msdk/Libraries/PeriphDrivers/bin/MAX78000/softfp/libPeriphDriver_softfp.a(mxc_delay.o)
                0x10000a88                MXC_DelayCheck
 .text.MXC_DelayAbort
                0x10000af8       0x34 C:/new_sdk/msdk/Libraries/PeriphDrivers/bin/MAX78000/softfp/libPeriphDriver_softfp.a(mxc_delay.o)
                0x10000af8                MXC_DelayAbort
 .text.MXC_Delay
                0x10000b2c       0x74 C:/new_sdk/msdk/Libraries/PeriphDrivers/bin/MAX78000/softfp/libPeriphDriver_softfp.a(mxc_delay.o)
                0x10000b2c                MXC_Delay
 .text.MXC_NVIC_SetVector
                0x10000ba0       0x50 C:/new_sdk/msdk/Libraries/PeriphDrivers/bin/MAX78000/softfp/libPeriphDriver_softfp.a(nvic_table.o)
                0x10000ba0                MXC_NVIC_SetVector
 .text.MXC_SYS_ClockDisable
                0x10000bf0       0x44 C:/new_sdk/msdk/Libraries/PeriphDrivers/bin/MAX78000/softfp/libPeriphDriver_softfp.a(sys_ai85.o)
                0x10000bf0                MXC_SYS_ClockDisable
 .text.MXC_SYS_ClockEnable
                0x10000c34       0x4c C:/new_sdk/msdk/Libraries/PeriphDrivers/bin/MAX78000/softfp/libPeriphDriver_softfp.a(sys_ai85.o)
                0x10000c34                MXC_SYS_ClockEnable
 .text.MXC_SYS_ClockSourceEnable
                0x10000c80       0xf4 C:/new_sdk/msdk/Libraries/PeriphDrivers/bin/MAX78000/softfp/libPeriphDriver_softfp.a(sys_ai85.o)
                0x10000c80                MXC_SYS_ClockSourceEnable
 .text.MXC_SYS_Reset_Periph
                0x10000d74       0x50 C:/new_sdk/msdk/Libraries/PeriphDrivers/bin/MAX78000/softfp/libPeriphDriver_softfp.a(sys_ai85.o)
                0x10000d74                MXC_SYS_Reset_Periph
 .text.MXC_FLC_Write32
                0x10000dc4       0x8c C:/new_sdk/msdk/Libraries/PeriphDrivers/bin/MAX78000/softfp/libPeriphDriver_softfp.a(flc_me17.o)
                0x10000dc4                MXC_FLC_Write32
 .text.MXC_FLC_Read
                0x10000e50        0x4 C:/new_sdk/msdk/Libraries/PeriphDrivers/bin/MAX78000/softfp/libPeriphDriver_softfp.a(flc_me17.o)
                0x10000e50                MXC_FLC_Read
 .text.MXC_FLC_EnableInt
                0x10000e54        0x4 C:/new_sdk/msdk/Libraries/PeriphDrivers/bin/MAX78000/softfp/libPeriphDriver_softfp.a(flc_me17.o)
                0x10000e54                MXC_FLC_EnableInt
 .text.MXC_FLC_RevA_EnableInt
                0x10000e58       0x20 C:/new_sdk/msdk/Libraries/PeriphDrivers/bin/MAX78000/softfp/libPeriphDriver_softfp.a(flc_reva.o)
                0x10000e58                MXC_FLC_RevA_EnableInt
 .text.MXC_GPIO_Init
                0x10000e78       0x40 C:/new_sdk/msdk/Libraries/PeriphDrivers/bin/MAX78000/softfp/libPeriphDriver_softfp.a(gpio_ai85.o)
                0x10000e78                MXC_GPIO_Init
 .text.MXC_GPIO_Config
                0x10000eb8      0x1f4 C:/new_sdk/msdk/Libraries/PeriphDrivers/bin/MAX78000/softfp/libPeriphDriver_softfp.a(gpio_ai85.o)
                0x10000eb8                MXC_GPIO_Config
 .text.MXC_GPIO_OutSet
                0x100010ac       0x34 C:/new_sdk/msdk/Libraries/PeriphDrivers/bin/MAX78000/softfp/libPeriphDriver_softfp.a(gpio_ai85.o)
                0x100010ac                MXC_GPIO_OutSet
 .text.MXC_GPIO_RevA_OutSet
                0x100010e0        0x4 C:/new_sdk/msdk/Libraries/PeriphDrivers/bin/MAX78000/softfp/libPeriphDriver_softfp.a(gpio_reva.o)
                0x100010e0                MXC_GPIO_RevA_OutSet
 .text.MXC_GPIO_RevA_SetVSSEL
                0x100010e4       0x30 C:/new_sdk/msdk/Libraries/PeriphDrivers/bin/MAX78000/softfp/libPeriphDriver_softfp.a(gpio_reva.o)
                0x100010e4                MXC_GPIO_RevA_SetVSSEL
 .text.MXC_GPIO_RevA_SetAF
                0x10001114       0x6c C:/new_sdk/msdk/Libraries/PeriphDrivers/bin/MAX78000/softfp/libPeriphDriver_softfp.a(gpio_reva.o)
                0x10001114                MXC_GPIO_RevA_SetAF
 .text.MXC_ICC_Enable
                0x10001180        0x4 C:/new_sdk/msdk/Libraries/PeriphDrivers/bin/MAX78000/softfp/libPeriphDriver_softfp.a(icc_me17.o)
                0x10001180                MXC_ICC_Enable
 .text.MXC_ICC_Disable
                0x10001184        0x4 C:/new_sdk/msdk/Libraries/PeriphDrivers/bin/MAX78000/softfp/libPeriphDriver_softfp.a(icc_me17.o)
                0x10001184                MXC_ICC_Disable
 .text.MXC_ICC_RevA_Enable
                0x10001188       0x30 C:/new_sdk/msdk/Libraries/PeriphDrivers/bin/MAX78000/softfp/libPeriphDriver_softfp.a(icc_reva.o)
                0x10001188                MXC_ICC_RevA_Enable
 .text.MXC_ICC_RevA_Disable
                0x100011b8       0x10 C:/new_sdk/msdk/Libraries/PeriphDrivers/bin/MAX78000/softfp/libPeriphDriver_softfp.a(icc_reva.o)
                0x100011b8                MXC_ICC_RevA_Disable
 .text.MXC_UART_Shutdown
                0x100011c8       0x70 C:/new_sdk/msdk/Libraries/PeriphDrivers/bin/MAX78000/softfp/libPeriphDriver_softfp.a(uart_ai85.o)
                0x100011c8                MXC_UART_Shutdown
 .text.MXC_UART_Init
                0x10001238       0xb8 C:/new_sdk/msdk/Libraries/PeriphDrivers/bin/MAX78000/softfp/libPeriphDriver_softfp.a(uart_ai85.o)
                0x10001238                MXC_UART_Init
 .text.MXC_UART_SetFrequency
                0x100012f0       0xcc C:/new_sdk/msdk/Libraries/PeriphDrivers/bin/MAX78000/softfp/libPeriphDriver_softfp.a(uart_ai85.o)
                0x100012f0                MXC_UART_SetFrequency
 .text.MXC_UART_GetFrequency
                0x100013bc       0x54 C:/new_sdk/msdk/Libraries/PeriphDrivers/bin/MAX78000/softfp/libPeriphDriver_softfp.a(uart_ai85.o)
                0x100013bc                MXC_UART_GetFrequency
 .text.MXC_UART_SetDataSize
                0x10001410        0x4 C:/new_sdk/msdk/Libraries/PeriphDrivers/bin/MAX78000/softfp/libPeriphDriver_softfp.a(uart_ai85.o)
                0x10001410                MXC_UART_SetDataSize
 .text.MXC_UART_SetStopBits
                0x10001414        0x4 C:/new_sdk/msdk/Libraries/PeriphDrivers/bin/MAX78000/softfp/libPeriphDriver_softfp.a(uart_ai85.o)
                0x10001414                MXC_UART_SetStopBits
 .text.MXC_UART_SetParity
                0x10001418        0x4 C:/new_sdk/msdk/Libraries/PeriphDrivers/bin/MAX78000/softfp/libPeriphDriver_softfp.a(uart_ai85.o)
                0x10001418                MXC_UART_SetParity
 .text.MXC_UART_ReadCharacterRaw
                0x1000141c        0x4 C:/new_sdk/msdk/Libraries/PeriphDrivers/bin/MAX78000/softfp/libPeriphDriver_softfp.a(uart_ai85.o)
                0x1000141c                MXC_UART_ReadCharacterRaw
 .text.MXC_UART_WriteCharacterRaw
                0x10001420        0x4 C:/new_sdk/msdk/Libraries/PeriphDrivers/bin/MAX78000/softfp/libPeriphDriver_softfp.a(uart_ai85.o)
                0x10001420                MXC_UART_WriteCharacterRaw
 .text.MXC_UART_ReadCharacter
                0x10001424        0x4 C:/new_sdk/msdk/Libraries/PeriphDrivers/bin/MAX78000/softfp/libPeriphDriver_softfp.a(uart_ai85.o)
                0x10001424                MXC_UART_ReadCharacter
 .text.MXC_UART_WriteCharacter
                0x10001428        0x4 C:/new_sdk/msdk/Libraries/PeriphDrivers/bin/MAX78000/softfp/libPeriphDriver_softfp.a(uart_ai85.o)
                0x10001428                MXC_UART_WriteCharacter
 .text.MXC_UART_GetRXFIFOAvailable
                0x1000142c        0x4 C:/new_sdk/msdk/Libraries/PeriphDrivers/bin/MAX78000/softfp/libPeriphDriver_softfp.a(uart_ai85.o)
                0x1000142c                MXC_UART_GetRXFIFOAvailable
 .text.MXC_UART_GetTXFIFOAvailable
                0x10001430        0x4 C:/new_sdk/msdk/Libraries/PeriphDrivers/bin/MAX78000/softfp/libPeriphDriver_softfp.a(uart_ai85.o)
                0x10001430                MXC_UART_GetTXFIFOAvailable
 .text.MXC_UART_SetRXThreshold
                0x10001434        0x4 C:/new_sdk/msdk/Libraries/PeriphDrivers/bin/MAX78000/softfp/libPeriphDriver_softfp.a(uart_ai85.o)
                0x10001434                MXC_UART_SetRXThreshold
 .text.MXC_UART_Common_ReadCharacter
                0x10001438       0x18 C:/new_sdk/msdk/Libraries/PeriphDrivers/bin/MAX78000/softfp/libPeriphDriver_softfp.a(uart_common.o)
                0x10001438                MXC_UART_Common_ReadCharacter
 .text.MXC_UART_Common_WriteCharacter
                0x10001450       0x1c C:/new_sdk/msdk/Libraries/PeriphDrivers/bin/MAX78000/softfp/libPeriphDriver_softfp.a(uart_common.o)
                0x10001450                MXC_UART_Common_WriteCharacter
 .text.MXC_UART_RevB_Init
                0x1000146c       0x70 C:/new_sdk/msdk/Libraries/PeriphDrivers/bin/MAX78000/softfp/libPeriphDriver_softfp.a(uart_revb.o)
                0x1000146c                MXC_UART_RevB_Init
 .text.MXC_UART_RevB_SetFrequency
                0x100014dc       0x9c C:/new_sdk/msdk/Libraries/PeriphDrivers/bin/MAX78000/softfp/libPeriphDriver_softfp.a(uart_revb.o)
                0x100014dc                MXC_UART_RevB_SetFrequency
 .text.MXC_UART_RevB_GetFrequency
                0x10001578       0x7c C:/new_sdk/msdk/Libraries/PeriphDrivers/bin/MAX78000/softfp/libPeriphDriver_softfp.a(uart_revb.o)
                0x10001578                MXC_UART_RevB_GetFrequency
 .text.MXC_UART_RevB_SetDataSize
                0x100015f4       0x40 C:/new_sdk/msdk/Libraries/PeriphDrivers/bin/MAX78000/softfp/libPeriphDriver_softfp.a(uart_revb.o)
                0x100015f4                MXC_UART_RevB_SetDataSize
 .text.MXC_UART_RevB_SetStopBits
                0x10001634       0x4c C:/new_sdk/msdk/Libraries/PeriphDrivers/bin/MAX78000/softfp/libPeriphDriver_softfp.a(uart_revb.o)
                0x10001634                MXC_UART_RevB_SetStopBits
 .text.MXC_UART_RevB_SetParity
                0x10001680       0xb4 C:/new_sdk/msdk/Libraries/PeriphDrivers/bin/MAX78000/softfp/libPeriphDriver_softfp.a(uart_revb.o)
                0x10001680                MXC_UART_RevB_SetParity
 .text.MXC_UART_RevB_ReadCharacterRaw
                0x10001734       0x38 C:/new_sdk/msdk/Libraries/PeriphDrivers/bin/MAX78000/softfp/libPeriphDriver_softfp.a(uart_revb.o)
                0x10001734                MXC_UART_RevB_ReadCharacterRaw
 .text.MXC_UART_RevB_WriteCharacterRaw
                0x1000176c       0x3c C:/new_sdk/msdk/Libraries/PeriphDrivers/bin/MAX78000/softfp/libPeriphDriver_softfp.a(uart_revb.o)
                0x1000176c                MXC_UART_RevB_WriteCharacterRaw
 .text.MXC_UART_RevB_GetRXFIFOAvailable
                0x100017a8        0x8 C:/new_sdk/msdk/Libraries/PeriphDrivers/bin/MAX78000/softfp/libPeriphDriver_softfp.a(uart_revb.o)
                0x100017a8                MXC_UART_RevB_GetRXFIFOAvailable
 .text.MXC_UART_RevB_GetTXFIFOAvailable
                0x100017b0        0xc C:/new_sdk/msdk/Libraries/PeriphDrivers/bin/MAX78000/softfp/libPeriphDriver_softfp.a(uart_revb.o)
                0x100017b0                MXC_UART_RevB_GetTXFIFOAvailable
 .text.MXC_UART_RevB_SetRXThreshold
                0x100017bc       0x40 C:/new_sdk/msdk/Libraries/PeriphDrivers/bin/MAX78000/softfp/libPeriphDriver_softfp.a(uart_revb.o)
                0x100017bc                MXC_UART_RevB_SetRXThreshold
 .text.MXC_GPIO_Common_Init
                0x100017fc       0x24 C:/new_sdk/msdk/Libraries/PeriphDrivers/bin/MAX78000/softfp/libPeriphDriver_softfp.a(gpio_common.o)
                0x100017fc                MXC_GPIO_Common_Init
 .text.__errno  0x10001820        0xc c:/new_sdk/msdk/tools/gnutools/10.3/bin/../lib/gcc/arm-none-eabi/10.3.1/../../../../arm-none-eabi/lib/thumb/v7e-m+fp/softfp\libc.a(lib_a-errno.o)
                0x10001820                __errno
 .text.__libc_init_array
                0x1000182c       0x48 c:/new_sdk/msdk/tools/gnutools/10.3/bin/../lib/gcc/arm-none-eabi/10.3.1/../../../../arm-none-eabi/lib/thumb/v7e-m+fp/softfp\libc.a(lib_a-init.o)
                0x1000182c                __libc_init_array
 .text._malloc_r
                0x10001874      0x560 c:/new_sdk/msdk/tools/gnutools/10.3/bin/../lib/gcc/arm-none-eabi/10.3.1/../../../../arm-none-eabi/lib/thumb/v7e-m+fp/softfp\libc.a(lib_a-mallocr.o)
                0x10001874                _malloc_r
 .text          0x10001dd4      0x134 c:/new_sdk/msdk/tools/gnutools/10.3/bin/../lib/gcc/arm-none-eabi/10.3.1/../../../../arm-none-eabi/lib/thumb/v7e-m+fp/softfp\libc.a(lib_a-memcpy.o)
                0x10001dd4                memcpy
 .text.memset   0x10001f08       0xa4 c:/new_sdk/msdk/tools/gnutools/10.3/bin/../lib/gcc/arm-none-eabi/10.3.1/../../../../arm-none-eabi/lib/thumb/v7e-m+fp/softfp\libc.a(lib_a-memset.o)
                0x10001f08                memset
 .text.__malloc_lock
                0x10001fac        0xc c:/new_sdk/msdk/tools/gnutools/10.3/bin/../lib/gcc/arm-none-eabi/10.3.1/../../../../arm-none-eabi/lib/thumb/v7e-m+fp/softfp\libc.a(lib_a-mlock.o)
                0x10001fac                __malloc_lock
 .text.__malloc_unlock
                0x10001fb8        0xc c:/new_sdk/msdk/tools/gnutools/10.3/bin/../lib/gcc/arm-none-eabi/10.3.1/../../../../arm-none-eabi/lib/thumb/v7e-m+fp/softfp\libc.a(lib_a-mlock.o)
                0x10001fb8                __malloc_unlock
 .text.printf   0x10001fc4       0x28 c:/new_sdk/msdk/tools/gnutools/10.3/bin/../lib/gcc/arm-none-eabi/10.3.1/../../../../arm-none-eabi/lib/thumb/v7e-m+fp/softfp\libc.a(lib_a-printf.o)
                0x10001fc4                printf
 .text._puts_r  0x10001fec       0x9c c:/new_sdk/msdk/tools/gnutools/10.3/bin/../lib/gcc/arm-none-eabi/10.3.1/../../../../arm-none-eabi/lib/thumb/v7e-m+fp/softfp\libc.a(lib_a-puts.o)
                0x10001fec                _puts_r
 .text.puts     0x10002088       0x10 c:/new_sdk/msdk/tools/gnutools/10.3/bin/../lib/gcc/arm-none-eabi/10.3.1/../../../../arm-none-eabi/lib/thumb/v7e-m+fp/softfp\libc.a(lib_a-puts.o)
                0x10002088                puts
 .text._sbrk_r  0x10002098       0x24 c:/new_sdk/msdk/tools/gnutools/10.3/bin/../lib/gcc/arm-none-eabi/10.3.1/../../../../arm-none-eabi/lib/thumb/v7e-m+fp/softfp\libc.a(lib_a-sbrkr.o)
                0x10002098                _sbrk_r
 *fill*         0x100020bc        0x4 
 .text          0x100020c0       0xdc c:/new_sdk/msdk/tools/gnutools/10.3/bin/../lib/gcc/arm-none-eabi/10.3.1/../../../../arm-none-eabi/lib/thumb/v7e-m+fp/softfp\libc.a(lib_a-strlen.o)
                0x100020c0                strlen
 *fill*         0x1000219c        0x4 
 .text._vfprintf_r
                0x100021a0     0x1b8c c:/new_sdk/msdk/tools/gnutools/10.3/bin/../lib/gcc/arm-none-eabi/10.3.1/../../../../arm-none-eabi/lib/thumb/v7e-m+fp/softfp\libc.a(lib_a-vfprintf.o)
                0x100021a0                _vfprintf_r
 .text.__sbprintf
                0x10003d2c       0x80 c:/new_sdk/msdk/tools/gnutools/10.3/bin/../lib/gcc/arm-none-eabi/10.3.1/../../../../arm-none-eabi/lib/thumb/v7e-m+fp/softfp\libc.a(lib_a-vfprintf.o)
 .text.__swsetup_r
                0x10003dac       0xd4 c:/new_sdk/msdk/tools/gnutools/10.3/bin/../lib/gcc/arm-none-eabi/10.3.1/../../../../arm-none-eabi/lib/thumb/v7e-m+fp/softfp\libc.a(lib_a-wsetup.o)
                0x10003dac                __swsetup_r
 .text.startup.register_fini
                0x10003e80       0x14 c:/new_sdk/msdk/tools/gnutools/10.3/bin/../lib/gcc/arm-none-eabi/10.3.1/../../../../arm-none-eabi/lib/thumb/v7e-m+fp/softfp\libc.a(lib_a-__call_atexit.o)
 .text.atexit   0x10003e94        0xc c:/new_sdk/msdk/tools/gnutools/10.3/bin/../lib/gcc/arm-none-eabi/10.3.1/../../../../arm-none-eabi/lib/thumb/v7e-m+fp/softfp\libc.a(lib_a-atexit.o)
                0x10003e94                atexit
 .text.quorem   0x10003ea0      0x128 c:/new_sdk/msdk/tools/gnutools/10.3/bin/../lib/gcc/arm-none-eabi/10.3.1/../../../../arm-none-eabi/lib/thumb/v7e-m+fp/softfp\libc.a(lib_a-dtoa.o)
 .text._dtoa_r  0x10003fc8      0xf34 c:/new_sdk/msdk/tools/gnutools/10.3/bin/../lib/gcc/arm-none-eabi/10.3.1/../../../../arm-none-eabi/lib/thumb/v7e-m+fp/softfp\libc.a(lib_a-dtoa.o)
                0x10003fc8                _dtoa_r
 .text.__sflush_r
                0x10004efc      0x130 c:/new_sdk/msdk/tools/gnutools/10.3/bin/../lib/gcc/arm-none-eabi/10.3.1/../../../../arm-none-eabi/lib/thumb/v7e-m+fp/softfp\libc.a(lib_a-fflush.o)
                0x10004efc                __sflush_r
 .text._fflush_r
                0x1000502c       0x5c c:/new_sdk/msdk/tools/gnutools/10.3/bin/../lib/gcc/arm-none-eabi/10.3.1/../../../../arm-none-eabi/lib/thumb/v7e-m+fp/softfp\libc.a(lib_a-fflush.o)
                0x1000502c                _fflush_r
 .text._cleanup_r
                0x10005088        0xc c:/new_sdk/msdk/tools/gnutools/10.3/bin/../lib/gcc/arm-none-eabi/10.3.1/../../../../arm-none-eabi/lib/thumb/v7e-m+fp/softfp\libc.a(lib_a-findfp.o)
                0x10005088                _cleanup_r
 .text.__sinit  0x10005094      0x10c c:/new_sdk/msdk/tools/gnutools/10.3/bin/../lib/gcc/arm-none-eabi/10.3.1/../../../../arm-none-eabi/lib/thumb/v7e-m+fp/softfp\libc.a(lib_a-findfp.o)
                0x10005094                __sinit
 .text.__sfp_lock_acquire
                0x100051a0        0xc c:/new_sdk/msdk/tools/gnutools/10.3/bin/../lib/gcc/arm-none-eabi/10.3.1/../../../../arm-none-eabi/lib/thumb/v7e-m+fp/softfp\libc.a(lib_a-findfp.o)
                0x100051a0                __sfp_lock_acquire
 .text.__sfp_lock_release
                0x100051ac        0xc c:/new_sdk/msdk/tools/gnutools/10.3/bin/../lib/gcc/arm-none-eabi/10.3.1/../../../../arm-none-eabi/lib/thumb/v7e-m+fp/softfp\libc.a(lib_a-findfp.o)
                0x100051ac                __sfp_lock_release
 .text.__libc_fini_array
                0x100051b8       0x2c c:/new_sdk/msdk/tools/gnutools/10.3/bin/../lib/gcc/arm-none-eabi/10.3.1/../../../../arm-none-eabi/lib/thumb/v7e-m+fp/softfp\libc.a(lib_a-fini.o)
                0x100051b8                __libc_fini_array
 .text._malloc_trim_r
                0x100051e4       0xa0 c:/new_sdk/msdk/tools/gnutools/10.3/bin/../lib/gcc/arm-none-eabi/10.3.1/../../../../arm-none-eabi/lib/thumb/v7e-m+fp/softfp\libc.a(lib_a-freer.o)
                0x100051e4                _malloc_trim_r
 .text._free_r  0x10005284      0x20c c:/new_sdk/msdk/tools/gnutools/10.3/bin/../lib/gcc/arm-none-eabi/10.3.1/../../../../arm-none-eabi/lib/thumb/v7e-m+fp/softfp\libc.a(lib_a-freer.o)
                0x10005284                _free_r
 .text.__sfvwrite_r
                0x10005490      0x2f0 c:/new_sdk/msdk/tools/gnutools/10.3/bin/../lib/gcc/arm-none-eabi/10.3.1/../../../../arm-none-eabi/lib/thumb/v7e-m+fp/softfp\libc.a(lib_a-fvwrite.o)
                0x10005490                __sfvwrite_r
 .text._fwalk_reent
                0x10005780       0x48 c:/new_sdk/msdk/tools/gnutools/10.3/bin/../lib/gcc/arm-none-eabi/10.3.1/../../../../arm-none-eabi/lib/thumb/v7e-m+fp/softfp\libc.a(lib_a-fwalk.o)
                0x10005780                _fwalk_reent
 .text._localeconv_r
                0x100057c8        0x8 c:/new_sdk/msdk/tools/gnutools/10.3/bin/../lib/gcc/arm-none-eabi/10.3.1/../../../../arm-none-eabi/lib/thumb/v7e-m+fp/softfp\libc.a(lib_a-localeconv.o)
                0x100057c8                _localeconv_r
 .text.__retarget_lock_init_recursive
                0x100057d0        0x4 c:/new_sdk/msdk/tools/gnutools/10.3/bin/../lib/gcc/arm-none-eabi/10.3.1/../../../../arm-none-eabi/lib/thumb/v7e-m+fp/softfp\libc.a(lib_a-lock.o)
                0x100057d0                __retarget_lock_init_recursive
 .text.__retarget_lock_close_recursive
                0x100057d4        0x4 c:/new_sdk/msdk/tools/gnutools/10.3/bin/../lib/gcc/arm-none-eabi/10.3.1/../../../../arm-none-eabi/lib/thumb/v7e-m+fp/softfp\libc.a(lib_a-lock.o)
                0x100057d4                __retarget_lock_close_recursive
 .text.__retarget_lock_acquire_recursive
                0x100057d8        0x4 c:/new_sdk/msdk/tools/gnutools/10.3/bin/../lib/gcc/arm-none-eabi/10.3.1/../../../../arm-none-eabi/lib/thumb/v7e-m+fp/softfp\libc.a(lib_a-lock.o)
                0x100057d8                __retarget_lock_acquire_recursive
 .text.__retarget_lock_release_recursive
                0x100057dc        0x4 c:/new_sdk/msdk/tools/gnutools/10.3/bin/../lib/gcc/arm-none-eabi/10.3.1/../../../../arm-none-eabi/lib/thumb/v7e-m+fp/softfp\libc.a(lib_a-lock.o)
                0x100057dc                __retarget_lock_release_recursive
 .text.__smakebuf_r
                0x100057e0       0xe0 c:/new_sdk/msdk/tools/gnutools/10.3/bin/../lib/gcc/arm-none-eabi/10.3.1/../../../../arm-none-eabi/lib/thumb/v7e-m+fp/softfp\libc.a(lib_a-makebuf.o)
                0x100057e0                __smakebuf_r
 .text          0x100058c0       0xa0 c:/new_sdk/msdk/tools/gnutools/10.3/bin/../lib/gcc/arm-none-eabi/10.3.1/../../../../arm-none-eabi/lib/thumb/v7e-m+fp/softfp\libc.a(lib_a-memchr.o)
                0x100058c0                memchr
 .text.memmove  0x10005960       0xf8 c:/new_sdk/msdk/tools/gnutools/10.3/bin/../lib/gcc/arm-none-eabi/10.3.1/../../../../arm-none-eabi/lib/thumb/v7e-m+fp/softfp\libc.a(lib_a-memmove.o)
                0x10005960                memmove
 .text._Balloc  0x10005a58       0x4c c:/new_sdk/msdk/tools/gnutools/10.3/bin/../lib/gcc/arm-none-eabi/10.3.1/../../../../arm-none-eabi/lib/thumb/v7e-m+fp/softfp\libc.a(lib_a-mprec.o)
                0x10005a58                _Balloc
 .text._Bfree   0x10005aa4       0x14 c:/new_sdk/msdk/tools/gnutools/10.3/bin/../lib/gcc/arm-none-eabi/10.3.1/../../../../arm-none-eabi/lib/thumb/v7e-m+fp/softfp\libc.a(lib_a-mprec.o)
                0x10005aa4                _Bfree
 .text.__multadd
                0x10005ab8       0xa8 c:/new_sdk/msdk/tools/gnutools/10.3/bin/../lib/gcc/arm-none-eabi/10.3.1/../../../../arm-none-eabi/lib/thumb/v7e-m+fp/softfp\libc.a(lib_a-mprec.o)
                0x10005ab8                __multadd
 .text.__hi0bits
                0x10005b60       0x40 c:/new_sdk/msdk/tools/gnutools/10.3/bin/../lib/gcc/arm-none-eabi/10.3.1/../../../../arm-none-eabi/lib/thumb/v7e-m+fp/softfp\libc.a(lib_a-mprec.o)
                0x10005b60                __hi0bits
 .text.__lo0bits
                0x10005ba0       0x60 c:/new_sdk/msdk/tools/gnutools/10.3/bin/../lib/gcc/arm-none-eabi/10.3.1/../../../../arm-none-eabi/lib/thumb/v7e-m+fp/softfp\libc.a(lib_a-mprec.o)
                0x10005ba0                __lo0bits
 .text.__i2b    0x10005c00       0x5c c:/new_sdk/msdk/tools/gnutools/10.3/bin/../lib/gcc/arm-none-eabi/10.3.1/../../../../arm-none-eabi/lib/thumb/v7e-m+fp/softfp\libc.a(lib_a-mprec.o)
                0x10005c00                __i2b
 .text.__multiply
                0x10005c5c      0x15c c:/new_sdk/msdk/tools/gnutools/10.3/bin/../lib/gcc/arm-none-eabi/10.3.1/../../../../arm-none-eabi/lib/thumb/v7e-m+fp/softfp\libc.a(lib_a-mprec.o)
                0x10005c5c                __multiply
 .text.__pow5mult
                0x10005db8       0xc0 c:/new_sdk/msdk/tools/gnutools/10.3/bin/../lib/gcc/arm-none-eabi/10.3.1/../../../../arm-none-eabi/lib/thumb/v7e-m+fp/softfp\libc.a(lib_a-mprec.o)
                0x10005db8                __pow5mult
 .text.__lshift
                0x10005e78       0xf0 c:/new_sdk/msdk/tools/gnutools/10.3/bin/../lib/gcc/arm-none-eabi/10.3.1/../../../../arm-none-eabi/lib/thumb/v7e-m+fp/softfp\libc.a(lib_a-mprec.o)
                0x10005e78                __lshift
 .text.__mcmp   0x10005f68       0x44 c:/new_sdk/msdk/tools/gnutools/10.3/bin/../lib/gcc/arm-none-eabi/10.3.1/../../../../arm-none-eabi/lib/thumb/v7e-m+fp/softfp\libc.a(lib_a-mprec.o)
                0x10005f68                __mcmp
 .text.__mdiff  0x10005fac      0x14c c:/new_sdk/msdk/tools/gnutools/10.3/bin/../lib/gcc/arm-none-eabi/10.3.1/../../../../arm-none-eabi/lib/thumb/v7e-m+fp/softfp\libc.a(lib_a-mprec.o)
                0x10005fac                __mdiff
 .text.__d2b    0x100060f8       0xc4 c:/new_sdk/msdk/tools/gnutools/10.3/bin/../lib/gcc/arm-none-eabi/10.3.1/../../../../arm-none-eabi/lib/thumb/v7e-m+fp/softfp\libc.a(lib_a-mprec.o)
                0x100060f8                __d2b
 .text._realloc_r
                0x100061bc      0x3d8 c:/new_sdk/msdk/tools/gnutools/10.3/bin/../lib/gcc/arm-none-eabi/10.3.1/../../../../arm-none-eabi/lib/thumb/v7e-m+fp/softfp\libc.a(lib_a-reallocr.o)
                0x100061bc                _realloc_r
 .text.frexp    0x10006594       0x70 c:/new_sdk/msdk/tools/gnutools/10.3/bin/../lib/gcc/arm-none-eabi/10.3.1/../../../../arm-none-eabi/lib/thumb/v7e-m+fp/softfp\libc.a(lib_a-s_frexp.o)
                0x10006594                frexp
 .text.__sread  0x10006604       0x24 c:/new_sdk/msdk/tools/gnutools/10.3/bin/../lib/gcc/arm-none-eabi/10.3.1/../../../../arm-none-eabi/lib/thumb/v7e-m+fp/softfp\libc.a(lib_a-stdio.o)
                0x10006604                __sread
 .text.__swrite
                0x10006628       0x40 c:/new_sdk/msdk/tools/gnutools/10.3/bin/../lib/gcc/arm-none-eabi/10.3.1/../../../../arm-none-eabi/lib/thumb/v7e-m+fp/softfp\libc.a(lib_a-stdio.o)
                0x10006628                __swrite
 .text.__sseek  0x10006668       0x20 c:/new_sdk/msdk/tools/gnutools/10.3/bin/../lib/gcc/arm-none-eabi/10.3.1/../../../../arm-none-eabi/lib/thumb/v7e-m+fp/softfp\libc.a(lib_a-stdio.o)
                0x10006668                __sseek
 .text.__sclose
                0x10006688        0x8 c:/new_sdk/msdk/tools/gnutools/10.3/bin/../lib/gcc/arm-none-eabi/10.3.1/../../../../arm-none-eabi/lib/thumb/v7e-m+fp/softfp\libc.a(lib_a-stdio.o)
                0x10006688                __sclose
 .text.strncpy  0x10006690       0x64 c:/new_sdk/msdk/tools/gnutools/10.3/bin/../lib/gcc/arm-none-eabi/10.3.1/../../../../arm-none-eabi/lib/thumb/v7e-m+fp/softfp\libc.a(lib_a-strncpy.o)
                0x10006690                strncpy
 .text.__sprint_r.part.0
                0x100066f4       0x78 c:/new_sdk/msdk/tools/gnutools/10.3/bin/../lib/gcc/arm-none-eabi/10.3.1/../../../../arm-none-eabi/lib/thumb/v7e-m+fp/softfp\libc.a(lib_a-vfiprintf.o)
 .text.__sprint_r
                0x1000676c       0x18 c:/new_sdk/msdk/tools/gnutools/10.3/bin/../lib/gcc/arm-none-eabi/10.3.1/../../../../arm-none-eabi/lib/thumb/v7e-m+fp/softfp\libc.a(lib_a-vfiprintf.o)
                0x1000676c                __sprint_r
 .text._vfiprintf_r
                0x10006784      0xdfc c:/new_sdk/msdk/tools/gnutools/10.3/bin/../lib/gcc/arm-none-eabi/10.3.1/../../../../arm-none-eabi/lib/thumb/v7e-m+fp/softfp\libc.a(lib_a-vfiprintf.o)
                0x10006784                _vfiprintf_r
 .text.__sbprintf
                0x10007580       0x80 c:/new_sdk/msdk/tools/gnutools/10.3/bin/../lib/gcc/arm-none-eabi/10.3.1/../../../../arm-none-eabi/lib/thumb/v7e-m+fp/softfp\libc.a(lib_a-vfiprintf.o)
 .text._write_r
                0x10007600       0x2c c:/new_sdk/msdk/tools/gnutools/10.3/bin/../lib/gcc/arm-none-eabi/10.3.1/../../../../arm-none-eabi/lib/thumb/v7e-m+fp/softfp\libc.a(lib_a-writer.o)
                0x10007600                _write_r
 .text.__register_exitproc
                0x1000762c       0x8c c:/new_sdk/msdk/tools/gnutools/10.3/bin/../lib/gcc/arm-none-eabi/10.3.1/../../../../arm-none-eabi/lib/thumb/v7e-m+fp/softfp\libc.a(lib_a-__atexit.o)
                0x1000762c                __register_exitproc
 .text.__assert_func
                0x100076b8       0x40 c:/new_sdk/msdk/tools/gnutools/10.3/bin/../lib/gcc/arm-none-eabi/10.3.1/../../../../arm-none-eabi/lib/thumb/v7e-m+fp/softfp\libc.a(lib_a-assert.o)
                0x100076b8                __assert_func
 .text._calloc_r
                0x100076f8       0x78 c:/new_sdk/msdk/tools/gnutools/10.3/bin/../lib/gcc/arm-none-eabi/10.3.1/../../../../arm-none-eabi/lib/thumb/v7e-m+fp/softfp\libc.a(lib_a-callocr.o)
                0x100076f8                _calloc_r
 .text._close_r
                0x10007770       0x24 c:/new_sdk/msdk/tools/gnutools/10.3/bin/../lib/gcc/arm-none-eabi/10.3.1/../../../../arm-none-eabi/lib/thumb/v7e-m+fp/softfp\libc.a(lib_a-closer.o)
                0x10007770                _close_r
 .text._fclose_r
                0x10007794       0xcc c:/new_sdk/msdk/tools/gnutools/10.3/bin/../lib/gcc/arm-none-eabi/10.3.1/../../../../arm-none-eabi/lib/thumb/v7e-m+fp/softfp\libc.a(lib_a-fclose.o)
                0x10007794                _fclose_r
 .text.fiprintf
                0x10007860       0x28 c:/new_sdk/msdk/tools/gnutools/10.3/bin/../lib/gcc/arm-none-eabi/10.3.1/../../../../arm-none-eabi/lib/thumb/v7e-m+fp/softfp\libc.a(lib_a-fiprintf.o)
                0x10007860                fiprintf
 .text.__fputwc
                0x10007888       0xa8 c:/new_sdk/msdk/tools/gnutools/10.3/bin/../lib/gcc/arm-none-eabi/10.3.1/../../../../arm-none-eabi/lib/thumb/v7e-m+fp/softfp\libc.a(lib_a-fputwc.o)
                0x10007888                __fputwc
 .text._fputwc_r
                0x10007930       0x68 c:/new_sdk/msdk/tools/gnutools/10.3/bin/../lib/gcc/arm-none-eabi/10.3.1/../../../../arm-none-eabi/lib/thumb/v7e-m+fp/softfp\libc.a(lib_a-fputwc.o)
                0x10007930                _fputwc_r
 .text._fstat_r
                0x10007998       0x2c c:/new_sdk/msdk/tools/gnutools/10.3/bin/../lib/gcc/arm-none-eabi/10.3.1/../../../../arm-none-eabi/lib/thumb/v7e-m+fp/softfp\libc.a(lib_a-fstatr.o)
                0x10007998                _fstat_r
 .text._isatty_r
                0x100079c4       0x24 c:/new_sdk/msdk/tools/gnutools/10.3/bin/../lib/gcc/arm-none-eabi/10.3.1/../../../../arm-none-eabi/lib/thumb/v7e-m+fp/softfp\libc.a(lib_a-isattyr.o)
                0x100079c4                _isatty_r
 .text.__locale_mb_cur_max
                0x100079e8        0xc c:/new_sdk/msdk/tools/gnutools/10.3/bin/../lib/gcc/arm-none-eabi/10.3.1/../../../../arm-none-eabi/lib/thumb/v7e-m+fp/softfp\libc.a(lib_a-locale.o)
                0x100079e8                __locale_mb_cur_max
 .text._lseek_r
                0x100079f4       0x2c c:/new_sdk/msdk/tools/gnutools/10.3/bin/../lib/gcc/arm-none-eabi/10.3.1/../../../../arm-none-eabi/lib/thumb/v7e-m+fp/softfp\libc.a(lib_a-lseekr.o)
                0x100079f4                _lseek_r
 .text.__ascii_mbtowc
                0x10007a20       0x2c c:/new_sdk/msdk/tools/gnutools/10.3/bin/../lib/gcc/arm-none-eabi/10.3.1/../../../../arm-none-eabi/lib/thumb/v7e-m+fp/softfp\libc.a(lib_a-mbtowc_r.o)
                0x10007a20                __ascii_mbtowc
 .text._read_r  0x10007a4c       0x2c c:/new_sdk/msdk/tools/gnutools/10.3/bin/../lib/gcc/arm-none-eabi/10.3.1/../../../../arm-none-eabi/lib/thumb/v7e-m+fp/softfp\libc.a(lib_a-readr.o)
                0x10007a4c                _read_r
 .text.__swbuf_r
                0x10007a78       0xb0 c:/new_sdk/msdk/tools/gnutools/10.3/bin/../lib/gcc/arm-none-eabi/10.3.1/../../../../arm-none-eabi/lib/thumb/v7e-m+fp/softfp\libc.a(lib_a-wbuf.o)
                0x10007a78                __swbuf_r
 .text._wcrtomb_r
                0x10007b28       0x3c c:/new_sdk/msdk/tools/gnutools/10.3/bin/../lib/gcc/arm-none-eabi/10.3.1/../../../../arm-none-eabi/lib/thumb/v7e-m+fp/softfp\libc.a(lib_a-wcrtomb.o)
                0x10007b28                _wcrtomb_r
 .text.__ascii_wctomb
                0x10007b64       0x1c c:/new_sdk/msdk/tools/gnutools/10.3/bin/../lib/gcc/arm-none-eabi/10.3.1/../../../../arm-none-eabi/lib/thumb/v7e-m+fp/softfp\libc.a(lib_a-wctomb_r.o)
                0x10007b64                __ascii_wctomb
 .text.abort    0x10007b80       0x10 c:/new_sdk/msdk/tools/gnutools/10.3/bin/../lib/gcc/arm-none-eabi/10.3.1/../../../../arm-none-eabi/lib/thumb/v7e-m+fp/softfp\libc.a(lib_a-abort.o)
                0x10007b80                abort
 .text.raise    0x10007b90       0x5c c:/new_sdk/msdk/tools/gnutools/10.3/bin/../lib/gcc/arm-none-eabi/10.3.1/../../../../arm-none-eabi/lib/thumb/v7e-m+fp/softfp\libc.a(lib_a-signal.o)
                0x10007b90                raise
 .text._kill_r  0x10007bec       0x2c c:/new_sdk/msdk/tools/gnutools/10.3/bin/../lib/gcc/arm-none-eabi/10.3.1/../../../../arm-none-eabi/lib/thumb/v7e-m+fp/softfp\libc.a(lib_a-signalr.o)
                0x10007bec                _kill_r
 .text._getpid_r
                0x10007c18        0x4 c:/new_sdk/msdk/tools/gnutools/10.3/bin/../lib/gcc/arm-none-eabi/10.3.1/../../../../arm-none-eabi/lib/thumb/v7e-m+fp/softfp\libc.a(lib_a-signalr.o)
                0x10007c18                _getpid_r
 .text._getpid  0x10007c1c       0x10 c:/new_sdk/msdk/tools/gnutools/10.3/bin/../lib/gcc/arm-none-eabi/10.3.1/../../../../arm-none-eabi/lib/thumb/v7e-m+fp/softfp\libnosys.a(getpid.o)
                0x10007c1c                _getpid
 .text._kill    0x10007c2c       0x10 c:/new_sdk/msdk/tools/gnutools/10.3/bin/../lib/gcc/arm-none-eabi/10.3.1/../../../../arm-none-eabi/lib/thumb/v7e-m+fp/softfp\libnosys.a(kill.o)
                0x10007c2c                _kill
 .text._exit    0x10007c3c        0x4 c:/new_sdk/msdk/tools/gnutools/10.3/bin/../lib/gcc/arm-none-eabi/10.3.1/../../../../arm-none-eabi/lib/thumb/v7e-m+fp/softfp\libnosys.a(_exit.o)
                0x10007c3c                _exit
 .text          0x10007c40      0x378 c:/new_sdk/msdk/tools/gnutools/10.3/bin/../lib/gcc/arm-none-eabi/10.3.1/thumb/v7e-m+fp/softfp\libgcc.a(_arm_addsubdf3.o)
                0x10007c40                __aeabi_drsub
                0x10007c48                __aeabi_dsub
                0x10007c48                __subdf3
                0x10007c4c                __aeabi_dadd
                0x10007c4c                __adddf3
                0x10007ec4                __floatunsidf
                0x10007ec4                __aeabi_ui2d
                0x10007ee4                __floatsidf
                0x10007ee4                __aeabi_i2d
                0x10007f08                __aeabi_f2d
                0x10007f08                __extendsfdf2
                0x10007f4c                __floatundidf
                0x10007f4c                __aeabi_ul2d
                0x10007f5c                __floatdidf
                0x10007f5c                __aeabi_l2d
 .text          0x10007fb8      0x424 c:/new_sdk/msdk/tools/gnutools/10.3/bin/../lib/gcc/arm-none-eabi/10.3.1/thumb/v7e-m+fp/softfp\libgcc.a(_arm_muldivdf3.o)
                0x10007fb8                __aeabi_dmul
                0x10007fb8                __muldf3
                0x1000820c                __divdf3
                0x1000820c                __aeabi_ddiv
 .text          0x100083dc      0x110 c:/new_sdk/msdk/tools/gnutools/10.3/bin/../lib/gcc/arm-none-eabi/10.3.1/thumb/v7e-m+fp/softfp\libgcc.a(_arm_cmpdf2.o)
                0x100083dc                __gtdf2
                0x100083dc                __gedf2
                0x100083e4                __ltdf2
                0x100083e4                __ledf2
                0x100083ec                __nedf2
                0x100083ec                __eqdf2
                0x100083ec                __cmpdf2
                0x10008468                __aeabi_cdrcmple
                0x10008478                __aeabi_cdcmpeq
                0x10008478                __aeabi_cdcmple
                0x10008488                __aeabi_dcmpeq
                0x1000849c                __aeabi_dcmplt
                0x100084b0                __aeabi_dcmple
                0x100084c4                __aeabi_dcmpge
                0x100084d8                __aeabi_dcmpgt
 .text          0x100084ec       0x2c c:/new_sdk/msdk/tools/gnutools/10.3/bin/../lib/gcc/arm-none-eabi/10.3.1/thumb/v7e-m+fp/softfp\libgcc.a(_arm_unorddf2.o)
                0x100084ec                __unorddf2
                0x100084ec                __aeabi_dcmpun
 .text          0x10008518       0x50 c:/new_sdk/msdk/tools/gnutools/10.3/bin/../lib/gcc/arm-none-eabi/10.3.1/thumb/v7e-m+fp/softfp\libgcc.a(_arm_fixdfsi.o)
                0x10008518                __aeabi_d2iz
                0x10008518                __fixdfsi
 .text          0x10008568       0x30 c:/new_sdk/msdk/tools/gnutools/10.3/bin/../lib/gcc/arm-none-eabi/10.3.1/thumb/v7e-m+fp/softfp\libgcc.a(_aeabi_uldivmod.o)
                0x10008568                __aeabi_uldivmod
 .text          0x10008598      0x2d0 c:/new_sdk/msdk/tools/gnutools/10.3/bin/../lib/gcc/arm-none-eabi/10.3.1/thumb/v7e-m+fp/softfp\libgcc.a(_udivmoddi4.o)
                0x10008598                __udivmoddi4
 .text          0x10008868        0x4 c:/new_sdk/msdk/tools/gnutools/10.3/bin/../lib/gcc/arm-none-eabi/10.3.1/thumb/v7e-m+fp/softfp\libgcc.a(_dvmd_tls.o)
                0x10008868                __aeabi_idiv0
                0x10008868                __aeabi_ldiv0
 *(.rodata*)
 .rodata.FLC0_IRQHandler.str1.4
                0x1000886c       0x4f c:/MaximSDK_RPI/Examples/MAX78000/Flash/build/main.o
 *fill*         0x100088bb        0x1 
 .rodata.write_test_pattern.str1.4
                0x100088bc      0x106 c:/MaximSDK_RPI/Examples/MAX78000/Flash/build/main.o
 *fill*         0x100089c2        0x2 
 .rodata.validate_test_pattern.str1.4
                0x100089c4       0x95 c:/MaximSDK_RPI/Examples/MAX78000/Flash/build/main.o
 *fill*         0x10008a59        0x3 
 .rodata.erase_magic.str1.4
                0x10008a5c       0xcf c:/MaximSDK_RPI/Examples/MAX78000/Flash/build/main.o
 *fill*         0x10008b2b        0x1 
 .rodata.main.str1.4
                0x10008b2c      0x12a c:/MaximSDK_RPI/Examples/MAX78000/Flash/build/main.o
 *fill*         0x10008c56        0x2 
 .rodata.mxc_assert.str1.4
                0x10008c58       0x19 c:/MaximSDK_RPI/Examples/MAX78000/Flash/build/board.o
 *fill*         0x10008c71        0x3 
 .rodata.Board_Init.str1.4
                0x10008c74       0x49 c:/MaximSDK_RPI/Examples/MAX78000/Flash/build/board.o
 *fill*         0x10008cbd        0x3 
 .rodata.led_pin
                0x10008cc0       0x24 c:/MaximSDK_RPI/Examples/MAX78000/Flash/build/board.o
                0x10008cc0                led_pin
 .rodata.num_leds
                0x10008ce4        0x4 c:/MaximSDK_RPI/Examples/MAX78000/Flash/build/board.o
                0x10008ce4                num_leds
 .rodata.num_pbs
                0x10008ce8        0x4 c:/MaximSDK_RPI/Examples/MAX78000/Flash/build/board.o
                0x10008ce8                num_pbs
 .rodata.pb_pin
                0x10008cec        0x0 c:/MaximSDK_RPI/Examples/MAX78000/Flash/build/board.o
                0x10008cec                pb_pin
 .rodata.gpio_cfg_extclk
                0x10008cec        0xc C:/new_sdk/msdk/Libraries/PeriphDrivers/bin/MAX78000/softfp/libPeriphDriver_softfp.a(pins_ai85.o)
                0x10008cec                gpio_cfg_extclk
 .rodata.gpio_cfg_uart0
                0x10008cf8        0xc C:/new_sdk/msdk/Libraries/PeriphDrivers/bin/MAX78000/softfp/libPeriphDriver_softfp.a(pins_ai85.o)
                0x10008cf8                gpio_cfg_uart0
 .rodata.gpio_cfg_uart1
                0x10008d04        0xc C:/new_sdk/msdk/Libraries/PeriphDrivers/bin/MAX78000/softfp/libPeriphDriver_softfp.a(pins_ai85.o)
                0x10008d04                gpio_cfg_uart1
 .rodata.gpio_cfg_uart2
                0x10008d10        0xc C:/new_sdk/msdk/Libraries/PeriphDrivers/bin/MAX78000/softfp/libPeriphDriver_softfp.a(pins_ai85.o)
                0x10008d10                gpio_cfg_uart2
 .rodata.gpio_cfg_uart3
                0x10008d1c        0xc C:/new_sdk/msdk/Libraries/PeriphDrivers/bin/MAX78000/softfp/libPeriphDriver_softfp.a(pins_ai85.o)
                0x10008d1c                gpio_cfg_uart3
 .rodata._global_impure_ptr
                0x10008d28        0x4 c:/new_sdk/msdk/tools/gnutools/10.3/bin/../lib/gcc/arm-none-eabi/10.3.1/../../../../arm-none-eabi/lib/thumb/v7e-m+fp/softfp\libc.a(lib_a-impure.o)
                0x10008d28                _global_impure_ptr
 .rodata._puts_r.str1.4
                0x10008d2c        0x2 c:/new_sdk/msdk/tools/gnutools/10.3/bin/../lib/gcc/arm-none-eabi/10.3.1/../../../../arm-none-eabi/lib/thumb/v7e-m+fp/softfp\libc.a(lib_a-puts.o)
 *fill*         0x10008d2e        0x2 
 .rodata._vfprintf_r.str1.4
                0x10008d30       0x42 c:/new_sdk/msdk/tools/gnutools/10.3/bin/../lib/gcc/arm-none-eabi/10.3.1/../../../../arm-none-eabi/lib/thumb/v7e-m+fp/softfp\libc.a(lib_a-vfprintf.o)
 *fill*         0x10008d72        0x2 
 .rodata.blanks.1
                0x10008d74       0x10 c:/new_sdk/msdk/tools/gnutools/10.3/bin/../lib/gcc/arm-none-eabi/10.3.1/../../../../arm-none-eabi/lib/thumb/v7e-m+fp/softfp\libc.a(lib_a-vfprintf.o)
 .rodata.zeroes.0
                0x10008d84       0x10 c:/new_sdk/msdk/tools/gnutools/10.3/bin/../lib/gcc/arm-none-eabi/10.3.1/../../../../arm-none-eabi/lib/thumb/v7e-m+fp/softfp\libc.a(lib_a-vfprintf.o)
 .rodata._dtoa_r.str1.4
                0x10008d94       0xa2 c:/new_sdk/msdk/tools/gnutools/10.3/bin/../lib/gcc/arm-none-eabi/10.3.1/../../../../arm-none-eabi/lib/thumb/v7e-m+fp/softfp\libc.a(lib_a-dtoa.o)
                                 0xa6 (size before relaxing)
 *fill*         0x10008e36        0x2 
 .rodata.__multadd.str1.4
                0x10008e38       0x7f c:/new_sdk/msdk/tools/gnutools/10.3/bin/../lib/gcc/arm-none-eabi/10.3.1/../../../../arm-none-eabi/lib/thumb/v7e-m+fp/softfp\libc.a(lib_a-mprec.o)
                                 0x93 (size before relaxing)
 *fill*         0x10008eb7        0x1 
 .rodata.__mprec_bigtens
                0x10008eb8       0x28 c:/new_sdk/msdk/tools/gnutools/10.3/bin/../lib/gcc/arm-none-eabi/10.3.1/../../../../arm-none-eabi/lib/thumb/v7e-m+fp/softfp\libc.a(lib_a-mprec.o)
                0x10008eb8                __mprec_bigtens
 .rodata.__mprec_tens
                0x10008ee0       0xc8 c:/new_sdk/msdk/tools/gnutools/10.3/bin/../lib/gcc/arm-none-eabi/10.3.1/../../../../arm-none-eabi/lib/thumb/v7e-m+fp/softfp\libc.a(lib_a-mprec.o)
                0x10008ee0                __mprec_tens
 .rodata.p05.0  0x10008fa8        0xc c:/new_sdk/msdk/tools/gnutools/10.3/bin/../lib/gcc/arm-none-eabi/10.3.1/../../../../arm-none-eabi/lib/thumb/v7e-m+fp/softfp\libc.a(lib_a-mprec.o)
 .rodata._vfiprintf_r.str1.4
                0x10008fb4       0x2f c:/new_sdk/msdk/tools/gnutools/10.3/bin/../lib/gcc/arm-none-eabi/10.3.1/../../../../arm-none-eabi/lib/thumb/v7e-m+fp/softfp\libc.a(lib_a-vfiprintf.o)
 .rodata.blanks.1
                0x10008fb4       0x10 c:/new_sdk/msdk/tools/gnutools/10.3/bin/../lib/gcc/arm-none-eabi/10.3.1/../../../../arm-none-eabi/lib/thumb/v7e-m+fp/softfp\libc.a(lib_a-vfiprintf.o)
 .rodata.zeroes.0
                0x10008fc4       0x10 c:/new_sdk/msdk/tools/gnutools/10.3/bin/../lib/gcc/arm-none-eabi/10.3.1/../../../../arm-none-eabi/lib/thumb/v7e-m+fp/softfp\libc.a(lib_a-vfiprintf.o)
 .rodata.__assert_func.str1.4
                0x10008fd4       0x3f c:/new_sdk/msdk/tools/gnutools/10.3/bin/../lib/gcc/arm-none-eabi/10.3.1/../../../../arm-none-eabi/lib/thumb/v7e-m+fp/softfp\libc.a(lib_a-assert.o)
                                 0x43 (size before relaxing)
 *fill*         0x10009013        0x1 
 .rodata._setlocale_r.str1.4
                0x10009014        0xa c:/new_sdk/msdk/tools/gnutools/10.3/bin/../lib/gcc/arm-none-eabi/10.3.1/../../../../arm-none-eabi/lib/thumb/v7e-m+fp/softfp\libc.a(lib_a-locale.o)
                                  0xd (size before relaxing)
 .rodata.str1.4
                0x1000901e        0xa c:/new_sdk/msdk/tools/gnutools/10.3/bin/../lib/gcc/arm-none-eabi/10.3.1/../../../../arm-none-eabi/lib/thumb/v7e-m+fp/softfp\libc.a(lib_a-locale.o)
                                  0x2 (size before relaxing)
 *fill*         0x1000901e        0x2 
 .rodata._ctype_
                0x10009020      0x101 c:/new_sdk/msdk/tools/gnutools/10.3/bin/../lib/gcc/arm-none-eabi/10.3.1/../../../../arm-none-eabi/lib/thumb/v7e-m+fp/softfp\libc.a(lib_a-ctype_.o)
                0x10009020                _ctype_
 *(.init)
 *fill*         0x10009121        0x3 
 .init          0x10009124        0x4 c:/new_sdk/msdk/tools/gnutools/10.3/bin/../lib/gcc/arm-none-eabi/10.3.1/thumb/v7e-m+fp/softfp/crti.o
                0x10009124                _init
 .init          0x10009128        0x8 c:/new_sdk/msdk/tools/gnutools/10.3/bin/../lib/gcc/arm-none-eabi/10.3.1/thumb/v7e-m+fp/softfp/crtn.o
 *(.fini)
 .fini          0x10009130        0x4 c:/new_sdk/msdk/tools/gnutools/10.3/bin/../lib/gcc/arm-none-eabi/10.3.1/thumb/v7e-m+fp/softfp/crti.o
                0x10009130                _fini
 .fini          0x10009134        0x8 c:/new_sdk/msdk/tools/gnutools/10.3/bin/../lib/gcc/arm-none-eabi/10.3.1/thumb/v7e-m+fp/softfp/crtn.o
 *fill*         0x1000913c        0x4 
 .fini.__stub   0x10009140       0x18 linker stubs
 *crtbegin.o(.ctors)
 *crtbegin?.o(.ctors)
 *(EXCLUDE_FILE(*crtend.o *crtend?.o) .ctors)
 *(SORT_BY_NAME(.ctors.*))
 *(.ctors)
 *crtbegin.o(.dtors)
 *crtbegin?.o(.dtors)
 *(EXCLUDE_FILE(*crtend.o *crtend?.o) .dtors)
 *(SORT_BY_NAME(.dtors.*))
 *(.dtors)
 *(.eh_frame*)
 .eh_frame      0x10009158        0x0 c:/new_sdk/msdk/tools/gnutools/10.3/bin/../lib/gcc/arm-none-eabi/10.3.1/thumb/v7e-m+fp/softfp/crtbegin.o
 .eh_frame      0x10009158        0x4 c:/new_sdk/msdk/tools/gnutools/10.3/bin/../lib/gcc/arm-none-eabi/10.3.1/thumb/v7e-m+fp/softfp/crtend.o
                0x1000915c                _etext = .

.glue_7         0x1000915c        0x0
 .glue_7        0x1000915c        0x0 linker stubs

.glue_7t        0x1000915c        0x0
 .glue_7t       0x1000915c        0x0 linker stubs

.vfp11_veneer   0x1000915c        0x0
 .vfp11_veneer  0x1000915c        0x0 linker stubs

.v4_bx          0x1000915c        0x0
 .v4_bx         0x1000915c        0x0 linker stubs

.iplt           0x1000915c        0x0
 .iplt          0x1000915c        0x0 c:/new_sdk/msdk/tools/gnutools/10.3/bin/../lib/gcc/arm-none-eabi/10.3.1/thumb/v7e-m+fp/softfp/crtbegin.o

.ARM.extab
 *(.ARM.extab* .gnu.linkonce.armextab.*)

.bin_storage    0x1000915c        0x0
 FILL mask 0xff
                0x1000915c                _bin_start_ = .
 *(.bin_storage_img)
                0x1000915c                _bin_end_ = .
                0x1000915c                . = ALIGN (0x4)

.rom_code       0x00000000        0x0
                0x00000000                . = ALIGN (0x10)
                0x20000000                _sran_code = .
 *(.rom_code_section)
                0x20000000                _esran_code = .

.flash_code     0x1000915c        0x4
                0x10009160                . = ALIGN (0x10)
 *fill*         0x1000915c        0x4 
                0x20000000                _sran_code = .
 *(.flash_code_section)
                0x20000000                _esran_code = .

.sram_code      0x20000000        0x0
                0x20000000                . = ALIGN (0x10)
                0x20000000                _sran_code = .
 *(.sram_code_section)
                0x20000000                _esran_code = .

.ARM.exidx      0x10009160        0x8
                0x10009160                __exidx_start = .
 *(.ARM.exidx* .gnu.linkonce.armexidx.*)
 .ARM.exidx     0x10009160        0x8 c:/new_sdk/msdk/tools/gnutools/10.3/bin/../lib/gcc/arm-none-eabi/10.3.1/thumb/v7e-m+fp/softfp\libgcc.a(_udivmoddi4.o)
                0x10009168                __exidx_end = .

.rel.dyn        0x10009168        0x0
 .rel.iplt      0x10009168        0x0 c:/new_sdk/msdk/tools/gnutools/10.3/bin/../lib/gcc/arm-none-eabi/10.3.1/thumb/v7e-m+fp/softfp/crtbegin.o

.data           0x20000000      0xecc load address 0x10009168
                0x20000000                _data = ALIGN (., 0x4)
 *(vtable)
 *(.data*)
 .data._state   0x20000000        0x8 c:/MaximSDK_RPI/Examples/MAX78000/Flash/build/main.o
 .data.ConsoleUart
                0x20000008        0x4 c:/MaximSDK_RPI/Examples/MAX78000/Flash/build/board.o
                0x20000008                ConsoleUart
 .data.overflows
                0x2000000c        0x4 C:/new_sdk/msdk/Libraries/PeriphDrivers/bin/MAX78000/softfp/libPeriphDriver_softfp.a(mxc_delay.o)
 .data.flc_int  0x20000010        0x4 C:/new_sdk/msdk/Libraries/PeriphDrivers/bin/MAX78000/softfp/libPeriphDriver_softfp.a(flc_reva.o)
 .data._impure_ptr
                0x20000014        0x4 c:/new_sdk/msdk/tools/gnutools/10.3/bin/../lib/gcc/arm-none-eabi/10.3.1/../../../../arm-none-eabi/lib/thumb/v7e-m+fp/softfp\libc.a(lib_a-impure.o)
                0x20000014                _impure_ptr
 .data.impure_data
                0x20000018      0x428 c:/new_sdk/msdk/tools/gnutools/10.3/bin/../lib/gcc/arm-none-eabi/10.3.1/../../../../arm-none-eabi/lib/thumb/v7e-m+fp/softfp\libc.a(lib_a-impure.o)
 .data.__malloc_av_
                0x20000440      0x408 c:/new_sdk/msdk/tools/gnutools/10.3/bin/../lib/gcc/arm-none-eabi/10.3.1/../../../../arm-none-eabi/lib/thumb/v7e-m+fp/softfp\libc.a(lib_a-mallocr.o)
                0x20000440                __malloc_av_
 .data.__malloc_sbrk_base
                0x20000848        0x4 c:/new_sdk/msdk/tools/gnutools/10.3/bin/../lib/gcc/arm-none-eabi/10.3.1/../../../../arm-none-eabi/lib/thumb/v7e-m+fp/softfp\libc.a(lib_a-mallocr.o)
                0x20000848                __malloc_sbrk_base
 .data.__malloc_trim_threshold
                0x2000084c        0x4 c:/new_sdk/msdk/tools/gnutools/10.3/bin/../lib/gcc/arm-none-eabi/10.3.1/../../../../arm-none-eabi/lib/thumb/v7e-m+fp/softfp\libc.a(lib_a-mallocr.o)
                0x2000084c                __malloc_trim_threshold
 .data.__atexit_recursive_mutex
                0x20000850        0x4 c:/new_sdk/msdk/tools/gnutools/10.3/bin/../lib/gcc/arm-none-eabi/10.3.1/../../../../arm-none-eabi/lib/thumb/v7e-m+fp/softfp\libc.a(lib_a-__call_atexit.o)
                0x20000850                __atexit_recursive_mutex
 .data.__global_locale
                0x20000854      0x16c c:/new_sdk/msdk/tools/gnutools/10.3/bin/../lib/gcc/arm-none-eabi/10.3.1/../../../../arm-none-eabi/lib/thumb/v7e-m+fp/softfp\libc.a(lib_a-locale.o)
                0x20000854                __global_locale
 *(.flashprog*)
 .flashprog     0x200009c0       0xcc C:/new_sdk/msdk/Libraries/PeriphDrivers/bin/MAX78000/softfp/libPeriphDriver_softfp.a(flc_me17.o)
                0x200009c0                MXC_FLC_Busy
                0x200009c4                MXC_FLC_PageErase
                0x20000a24                MXC_FLC_Write128
 .flashprog     0x20000a8c      0x30c C:/new_sdk/msdk/Libraries/PeriphDrivers/bin/MAX78000/softfp/libPeriphDriver_softfp.a(flc_reva.o)
                0x20000a8c                MXC_FLC_RevA_Busy
                0x20000a9c                MXC_FLC_RevA_MassErase
                0x20000b18                MXC_FLC_RevA_PageErase
                0x20000b94                MXC_FLC_RevA_Write32
                0x20000c38                MXC_FLC_RevA_Write32Using128
                0x20000cf8                MXC_FLC_RevA_Write128
 .flashprog     0x20000d98      0x114 C:/new_sdk/msdk/Libraries/PeriphDrivers/bin/MAX78000/softfp/libPeriphDriver_softfp.a(flc_common.o)
                0x20000d98                MXC_FLC_Com_VerifyData
                0x20000dd0                MXC_FLC_Com_Write
                0x20000ea0                MXC_FLC_Com_Read
 *fill*         0x20000eac        0x4 
 .flashprog.__stub
                0x20000eb0       0x10 linker stubs
                0x20000ec0                . = ALIGN (0x4)
                0x20000ec0                PROVIDE (__preinit_array_start = .)
 *(.preinit_array)
                0x20000ec0                PROVIDE (__preinit_array_end = .)
                0x20000ec0                . = ALIGN (0x4)
                0x20000ec0                PROVIDE (__init_array_start = .)
 *(SORT_BY_NAME(.init_array.*))
 .init_array.00000
                0x20000ec0        0x4 c:/new_sdk/msdk/tools/gnutools/10.3/bin/../lib/gcc/arm-none-eabi/10.3.1/../../../../arm-none-eabi/lib/thumb/v7e-m+fp/softfp\libc.a(lib_a-__call_atexit.o)
 *(.init_array)
 .init_array    0x20000ec4        0x4 c:/new_sdk/msdk/tools/gnutools/10.3/bin/../lib/gcc/arm-none-eabi/10.3.1/thumb/v7e-m+fp/softfp/crtbegin.o
                0x20000ec8                PROVIDE (__init_array_end = .)
                0x20000ec8                . = ALIGN (0x4)
                0x20000ec8                PROVIDE (__fini_array_start = .)
 *(SORT_BY_NAME(.fini_array.*))
 *(.fini_array)
 .fini_array    0x20000ec8        0x4 c:/new_sdk/msdk/tools/gnutools/10.3/bin/../lib/gcc/arm-none-eabi/10.3.1/thumb/v7e-m+fp/softfp/crtbegin.o
                0x20000ecc                PROVIDE (__fini_array_end = .)
                0x20000ecc                _edata = ALIGN (., 0x4)
                0x10009168                __load_data = LOADADDR (.data)

.igot.plt       0x20000ecc        0x0 load address 0x1000a034
 .igot.plt      0x20000ecc        0x0 c:/new_sdk/msdk/tools/gnutools/10.3/bin/../lib/gcc/arm-none-eabi/10.3.1/thumb/v7e-m+fp/softfp/crtbegin.o

.bss            0x20001000      0x62c load address 0x1000a034
                0x20001000                . = ALIGN (0x4)
                0x20001000                _bss = .
 *(.bss*)
 .bss           0x20001000       0x1c c:/new_sdk/msdk/tools/gnutools/10.3/bin/../lib/gcc/arm-none-eabi/10.3.1/thumb/v7e-m+fp/softfp/crtbegin.o
 .bss.isr_cnt   0x2000101c        0x4 c:/MaximSDK_RPI/Examples/MAX78000/Flash/build/main.o
                0x2000101c                isr_cnt
 .bss.isr_flags
                0x20001020        0x4 c:/MaximSDK_RPI/Examples/MAX78000/Flash/build/main.o
                0x20001020                isr_flags
 .bss.heap_end  0x20001024        0x4 c:/MaximSDK_RPI/Examples/MAX78000/Flash/build/heap.o
 .bss.cbFunc    0x20001028        0x4 C:/new_sdk/msdk/Libraries/PeriphDrivers/bin/MAX78000/softfp/libPeriphDriver_softfp.a(mxc_delay.o)
 .bss.ctrl_save
                0x2000102c        0x4 C:/new_sdk/msdk/Libraries/PeriphDrivers/bin/MAX78000/softfp/libPeriphDriver_softfp.a(mxc_delay.o)
 .bss.endtick   0x20001030        0x4 C:/new_sdk/msdk/Libraries/PeriphDrivers/bin/MAX78000/softfp/libPeriphDriver_softfp.a(mxc_delay.o)
 *fill*         0x20001034      0x1cc 
 .bss.ramVectorTable
                0x20001200      0x1e0 C:/new_sdk/msdk/Libraries/PeriphDrivers/bin/MAX78000/softfp/libPeriphDriver_softfp.a(nvic_table.o)
 .bss.callback  0x200013e0      0x200 C:/new_sdk/msdk/Libraries/PeriphDrivers/bin/MAX78000/softfp/libPeriphDriver_softfp.a(gpio_common.o)
 .bss.initialized
                0x200015e0        0x1 C:/new_sdk/msdk/Libraries/PeriphDrivers/bin/MAX78000/softfp/libPeriphDriver_softfp.a(gpio_common.o)
 *fill*         0x200015e1        0x3 
 .bss.__malloc_current_mallinfo
                0x200015e4       0x28 c:/new_sdk/msdk/tools/gnutools/10.3/bin/../lib/gcc/arm-none-eabi/10.3.1/../../../../arm-none-eabi/lib/thumb/v7e-m+fp/softfp\libc.a(lib_a-mallocr.o)
                0x200015e4                __malloc_current_mallinfo
 .bss.__malloc_max_sbrked_mem
                0x2000160c        0x4 c:/new_sdk/msdk/tools/gnutools/10.3/bin/../lib/gcc/arm-none-eabi/10.3.1/../../../../arm-none-eabi/lib/thumb/v7e-m+fp/softfp\libc.a(lib_a-mallocr.o)
                0x2000160c                __malloc_max_sbrked_mem
 .bss.__malloc_max_total_mem
                0x20001610        0x4 c:/new_sdk/msdk/tools/gnutools/10.3/bin/../lib/gcc/arm-none-eabi/10.3.1/../../../../arm-none-eabi/lib/thumb/v7e-m+fp/softfp\libc.a(lib_a-mallocr.o)
                0x20001610                __malloc_max_total_mem
 .bss.__malloc_top_pad
                0x20001614        0x4 c:/new_sdk/msdk/tools/gnutools/10.3/bin/../lib/gcc/arm-none-eabi/10.3.1/../../../../arm-none-eabi/lib/thumb/v7e-m+fp/softfp\libc.a(lib_a-mallocr.o)
                0x20001614                __malloc_top_pad
 .bss.__lock___atexit_recursive_mutex
                0x20001618        0x1 c:/new_sdk/msdk/tools/gnutools/10.3/bin/../lib/gcc/arm-none-eabi/10.3.1/../../../../arm-none-eabi/lib/thumb/v7e-m+fp/softfp\libc.a(lib_a-lock.o)
                0x20001618                __lock___atexit_recursive_mutex
 *fill*         0x20001619        0x3 
 .bss.__lock___malloc_recursive_mutex
                0x2000161c        0x1 c:/new_sdk/msdk/tools/gnutools/10.3/bin/../lib/gcc/arm-none-eabi/10.3.1/../../../../arm-none-eabi/lib/thumb/v7e-m+fp/softfp\libc.a(lib_a-lock.o)
                0x2000161c                __lock___malloc_recursive_mutex
 *fill*         0x2000161d        0x3 
 .bss.__lock___sfp_recursive_mutex
                0x20001620        0x1 c:/new_sdk/msdk/tools/gnutools/10.3/bin/../lib/gcc/arm-none-eabi/10.3.1/../../../../arm-none-eabi/lib/thumb/v7e-m+fp/softfp\libc.a(lib_a-lock.o)
                0x20001620                __lock___sfp_recursive_mutex
 *fill*         0x20001621        0x3 
 .bss.__lock___sinit_recursive_mutex
                0x20001624        0x1 c:/new_sdk/msdk/tools/gnutools/10.3/bin/../lib/gcc/arm-none-eabi/10.3.1/../../../../arm-none-eabi/lib/thumb/v7e-m+fp/softfp\libc.a(lib_a-lock.o)
                0x20001624                __lock___sinit_recursive_mutex
 *fill*         0x20001625        0x3 
 .bss.errno     0x20001628        0x4 c:/new_sdk/msdk/tools/gnutools/10.3/bin/../lib/gcc/arm-none-eabi/10.3.1/../../../../arm-none-eabi/lib/thumb/v7e-m+fp/softfp\libc.a(lib_a-reent.o)
                0x20001628                errno
 *(COMMON)
                0x2000162c                _ebss = ALIGN (., 0x4)

.shared         0x2000162c        0x4 load address 0x1000a034
                0x2000162c                . = ALIGN (0x4)
                0x2000162c                _shared = .
 *(.mailbox*)
                0x2000162c                . = ALIGN (0x4)
 *(.shared*)
 .shared        0x2000162c        0x4 c:/MaximSDK_RPI/Examples/MAX78000/Flash/build/system_max78000.o
                0x2000162c                SystemCoreClock
                0x20001630                _eshared = ALIGN (., 0x4)
                0x1000a034                __shared_data = LOADADDR (.shared)
                0x20020000                __StackTop = (ORIGIN (SRAM) + LENGTH (SRAM))
                0x2001f000                __StackLimit = (__StackTop - SIZEOF (.stack_dummy))

.stack_dummy    0x20001630     0x1000 load address 0x1000a038
 *(.stack*)
 .stack         0x20001630     0x1000 c:/MaximSDK_RPI/Examples/MAX78000/Flash/build/startup_max78000.o

.heap           0x20001630      0xc00 load address 0x1000a038
                0x20001630                . = ALIGN (0x4)
 *(.heap*)
 .heap          0x20001630      0xc00 c:/MaximSDK_RPI/Examples/MAX78000/Flash/build/startup_max78000.o
                0x20001630                __HeapBase
                0x2001f000                __HeapLimit = ABSOLUTE (__StackLimit)
                0x20020000                PROVIDE (__stack = __StackTop)
                0x00000001                ASSERT ((__StackLimit >= _ebss), region RAM overflowed with stack)

.riscv_flash    0x1000a038      0x1c8
                0x1000a100                . = ALIGN (0x100)
 *fill*         0x1000a038       0xc8 
                0x1000a200                . = (. + 0x100)
 *fill*         0x1000a100      0x100 
                0x1000a200                _riscv_boot = .
 *riscv.o(.text*)
OUTPUT(c:/MaximSDK_RPI/Examples/MAX78000/Flash/build/Flash.elf elf32-littlearm)
LOAD linker stubs

.ARM.attributes
                0x00000000       0x2e
 .ARM.attributes
                0x00000000       0x1e c:/new_sdk/msdk/tools/gnutools/10.3/bin/../lib/gcc/arm-none-eabi/10.3.1/thumb/v7e-m+fp/softfp/crti.o
 .ARM.attributes
                0x0000001e       0x32 c:/new_sdk/msdk/tools/gnutools/10.3/bin/../lib/gcc/arm-none-eabi/10.3.1/thumb/v7e-m+fp/softfp/crtbegin.o
 .ARM.attributes
                0x00000050       0x32 c:/MaximSDK_RPI/Examples/MAX78000/Flash/build/main.o
 .ARM.attributes
                0x00000082       0x32 c:/MaximSDK_RPI/Examples/MAX78000/Flash/build/board.o
 .ARM.attributes
                0x000000b4       0x32 c:/MaximSDK_RPI/Examples/MAX78000/Flash/build/stdio.o
 .ARM.attributes
                0x000000e6       0x32 c:/MaximSDK_RPI/Examples/MAX78000/Flash/build/led.o
 .ARM.attributes
                0x00000118       0x32 c:/MaximSDK_RPI/Examples/MAX78000/Flash/build/pb.o
 .ARM.attributes
                0x0000014a       0x1b c:/MaximSDK_RPI/Examples/MAX78000/Flash/build/startup_max78000.o
 .ARM.attributes
                0x00000165       0x32 c:/MaximSDK_RPI/Examples/MAX78000/Flash/build/heap.o
 .ARM.attributes
                0x00000197       0x32 c:/MaximSDK_RPI/Examples/MAX78000/Flash/build/system_max78000.o
 .ARM.attributes
                0x000001c9       0x32 C:/new_sdk/msdk/Libraries/PeriphDrivers/bin/MAX78000/softfp/libPeriphDriver_softfp.a(mxc_delay.o)
 .ARM.attributes
                0x000001fb       0x32 C:/new_sdk/msdk/Libraries/PeriphDrivers/bin/MAX78000/softfp/libPeriphDriver_softfp.a(nvic_table.o)
 .ARM.attributes
                0x0000022d       0x32 C:/new_sdk/msdk/Libraries/PeriphDrivers/bin/MAX78000/softfp/libPeriphDriver_softfp.a(pins_ai85.o)
 .ARM.attributes
                0x0000025f       0x32 C:/new_sdk/msdk/Libraries/PeriphDrivers/bin/MAX78000/softfp/libPeriphDriver_softfp.a(sys_ai85.o)
 .ARM.attributes
                0x00000291       0x32 C:/new_sdk/msdk/Libraries/PeriphDrivers/bin/MAX78000/softfp/libPeriphDriver_softfp.a(flc_me17.o)
 .ARM.attributes
                0x000002c3       0x32 C:/new_sdk/msdk/Libraries/PeriphDrivers/bin/MAX78000/softfp/libPeriphDriver_softfp.a(flc_reva.o)
 .ARM.attributes
                0x000002f5       0x32 C:/new_sdk/msdk/Libraries/PeriphDrivers/bin/MAX78000/softfp/libPeriphDriver_softfp.a(gpio_ai85.o)
 .ARM.attributes
                0x00000327       0x32 C:/new_sdk/msdk/Libraries/PeriphDrivers/bin/MAX78000/softfp/libPeriphDriver_softfp.a(gpio_reva.o)
 .ARM.attributes
                0x00000359       0x32 C:/new_sdk/msdk/Libraries/PeriphDrivers/bin/MAX78000/softfp/libPeriphDriver_softfp.a(icc_me17.o)
 .ARM.attributes
                0x0000038b       0x32 C:/new_sdk/msdk/Libraries/PeriphDrivers/bin/MAX78000/softfp/libPeriphDriver_softfp.a(icc_reva.o)
 .ARM.attributes
                0x000003bd       0x32 C:/new_sdk/msdk/Libraries/PeriphDrivers/bin/MAX78000/softfp/libPeriphDriver_softfp.a(uart_ai85.o)
 .ARM.attributes
                0x000003ef       0x32 C:/new_sdk/msdk/Libraries/PeriphDrivers/bin/MAX78000/softfp/libPeriphDriver_softfp.a(uart_common.o)
 .ARM.attributes
                0x00000421       0x32 C:/new_sdk/msdk/Libraries/PeriphDrivers/bin/MAX78000/softfp/libPeriphDriver_softfp.a(uart_revb.o)
 .ARM.attributes
                0x00000453       0x32 C:/new_sdk/msdk/Libraries/PeriphDrivers/bin/MAX78000/softfp/libPeriphDriver_softfp.a(flc_common.o)
 .ARM.attributes
                0x00000485       0x32 C:/new_sdk/msdk/Libraries/PeriphDrivers/bin/MAX78000/softfp/libPeriphDriver_softfp.a(gpio_common.o)
 .ARM.attributes
                0x000004b7       0x32 c:/new_sdk/msdk/tools/gnutools/10.3/bin/../lib/gcc/arm-none-eabi/10.3.1/../../../../arm-none-eabi/lib/thumb/v7e-m+fp/softfp\libc.a(lib_a-errno.o)
 .ARM.attributes
                0x000004e9       0x32 c:/new_sdk/msdk/tools/gnutools/10.3/bin/../lib/gcc/arm-none-eabi/10.3.1/../../../../arm-none-eabi/lib/thumb/v7e-m+fp/softfp\libc.a(lib_a-impure.o)
 .ARM.attributes
                0x0000051b       0x32 c:/new_sdk/msdk/tools/gnutools/10.3/bin/../lib/gcc/arm-none-eabi/10.3.1/../../../../arm-none-eabi/lib/thumb/v7e-m+fp/softfp\libc.a(lib_a-init.o)
 .ARM.attributes
                0x0000054d       0x32 c:/new_sdk/msdk/tools/gnutools/10.3/bin/../lib/gcc/arm-none-eabi/10.3.1/../../../../arm-none-eabi/lib/thumb/v7e-m+fp/softfp\libc.a(lib_a-mallocr.o)
 .ARM.attributes
                0x0000057f       0x1c c:/new_sdk/msdk/tools/gnutools/10.3/bin/../lib/gcc/arm-none-eabi/10.3.1/../../../../arm-none-eabi/lib/thumb/v7e-m+fp/softfp\libc.a(lib_a-memcpy.o)
 .ARM.attributes
                0x0000059b       0x32 c:/new_sdk/msdk/tools/gnutools/10.3/bin/../lib/gcc/arm-none-eabi/10.3.1/../../../../arm-none-eabi/lib/thumb/v7e-m+fp/softfp\libc.a(lib_a-memset.o)
 .ARM.attributes
                0x000005cd       0x32 c:/new_sdk/msdk/tools/gnutools/10.3/bin/../lib/gcc/arm-none-eabi/10.3.1/../../../../arm-none-eabi/lib/thumb/v7e-m+fp/softfp\libc.a(lib_a-mlock.o)
 .ARM.attributes
                0x000005ff       0x32 c:/new_sdk/msdk/tools/gnutools/10.3/bin/../lib/gcc/arm-none-eabi/10.3.1/../../../../arm-none-eabi/lib/thumb/v7e-m+fp/softfp\libc.a(lib_a-printf.o)
 .ARM.attributes
                0x00000631       0x32 c:/new_sdk/msdk/tools/gnutools/10.3/bin/../lib/gcc/arm-none-eabi/10.3.1/../../../../arm-none-eabi/lib/thumb/v7e-m+fp/softfp\libc.a(lib_a-puts.o)
 .ARM.attributes
                0x00000663       0x32 c:/new_sdk/msdk/tools/gnutools/10.3/bin/../lib/gcc/arm-none-eabi/10.3.1/../../../../arm-none-eabi/lib/thumb/v7e-m+fp/softfp\libc.a(lib_a-sbrkr.o)
 .ARM.attributes
                0x00000695       0x1c c:/new_sdk/msdk/tools/gnutools/10.3/bin/../lib/gcc/arm-none-eabi/10.3.1/../../../../arm-none-eabi/lib/thumb/v7e-m+fp/softfp\libc.a(lib_a-strlen.o)
 .ARM.attributes
                0x000006b1       0x32 c:/new_sdk/msdk/tools/gnutools/10.3/bin/../lib/gcc/arm-none-eabi/10.3.1/../../../../arm-none-eabi/lib/thumb/v7e-m+fp/softfp\libc.a(lib_a-vfprintf.o)
 .ARM.attributes
                0x000006e3       0x32 c:/new_sdk/msdk/tools/gnutools/10.3/bin/../lib/gcc/arm-none-eabi/10.3.1/../../../../arm-none-eabi/lib/thumb/v7e-m+fp/softfp\libc.a(lib_a-wsetup.o)
 .ARM.attributes
                0x00000715       0x32 c:/new_sdk/msdk/tools/gnutools/10.3/bin/../lib/gcc/arm-none-eabi/10.3.1/../../../../arm-none-eabi/lib/thumb/v7e-m+fp/softfp\libc.a(lib_a-__call_atexit.o)
 .ARM.attributes
                0x00000747       0x32 c:/new_sdk/msdk/tools/gnutools/10.3/bin/../lib/gcc/arm-none-eabi/10.3.1/../../../../arm-none-eabi/lib/thumb/v7e-m+fp/softfp\libc.a(lib_a-atexit.o)
 .ARM.attributes
                0x00000779       0x32 c:/new_sdk/msdk/tools/gnutools/10.3/bin/../lib/gcc/arm-none-eabi/10.3.1/../../../../arm-none-eabi/lib/thumb/v7e-m+fp/softfp\libc.a(lib_a-dtoa.o)
 .ARM.attributes
                0x000007ab       0x32 c:/new_sdk/msdk/tools/gnutools/10.3/bin/../lib/gcc/arm-none-eabi/10.3.1/../../../../arm-none-eabi/lib/thumb/v7e-m+fp/softfp\libc.a(lib_a-fflush.o)
 .ARM.attributes
                0x000007dd       0x32 c:/new_sdk/msdk/tools/gnutools/10.3/bin/../lib/gcc/arm-none-eabi/10.3.1/../../../../arm-none-eabi/lib/thumb/v7e-m+fp/softfp\libc.a(lib_a-findfp.o)
 .ARM.attributes
                0x0000080f       0x32 c:/new_sdk/msdk/tools/gnutools/10.3/bin/../lib/gcc/arm-none-eabi/10.3.1/../../../../arm-none-eabi/lib/thumb/v7e-m+fp/softfp\libc.a(lib_a-fini.o)
 .ARM.attributes
                0x00000841       0x32 c:/new_sdk/msdk/tools/gnutools/10.3/bin/../lib/gcc/arm-none-eabi/10.3.1/../../../../arm-none-eabi/lib/thumb/v7e-m+fp/softfp\libc.a(lib_a-freer.o)
 .ARM.attributes
                0x00000873       0x32 c:/new_sdk/msdk/tools/gnutools/10.3/bin/../lib/gcc/arm-none-eabi/10.3.1/../../../../arm-none-eabi/lib/thumb/v7e-m+fp/softfp\libc.a(lib_a-fvwrite.o)
 .ARM.attributes
                0x000008a5       0x32 c:/new_sdk/msdk/tools/gnutools/10.3/bin/../lib/gcc/arm-none-eabi/10.3.1/../../../../arm-none-eabi/lib/thumb/v7e-m+fp/softfp\libc.a(lib_a-fwalk.o)
 .ARM.attributes
                0x000008d7       0x32 c:/new_sdk/msdk/tools/gnutools/10.3/bin/../lib/gcc/arm-none-eabi/10.3.1/../../../../arm-none-eabi/lib/thumb/v7e-m+fp/softfp\libc.a(lib_a-localeconv.o)
 .ARM.attributes
                0x00000909       0x32 c:/new_sdk/msdk/tools/gnutools/10.3/bin/../lib/gcc/arm-none-eabi/10.3.1/../../../../arm-none-eabi/lib/thumb/v7e-m+fp/softfp\libc.a(lib_a-lock.o)
 .ARM.attributes
                0x0000093b       0x32 c:/new_sdk/msdk/tools/gnutools/10.3/bin/../lib/gcc/arm-none-eabi/10.3.1/../../../../arm-none-eabi/lib/thumb/v7e-m+fp/softfp\libc.a(lib_a-makebuf.o)
 .ARM.attributes
                0x0000096d       0x1c c:/new_sdk/msdk/tools/gnutools/10.3/bin/../lib/gcc/arm-none-eabi/10.3.1/../../../../arm-none-eabi/lib/thumb/v7e-m+fp/softfp\libc.a(lib_a-memchr.o)
 .ARM.attributes
                0x00000989       0x32 c:/new_sdk/msdk/tools/gnutools/10.3/bin/../lib/gcc/arm-none-eabi/10.3.1/../../../../arm-none-eabi/lib/thumb/v7e-m+fp/softfp\libc.a(lib_a-memmove.o)
 .ARM.attributes
                0x000009bb       0x32 c:/new_sdk/msdk/tools/gnutools/10.3/bin/../lib/gcc/arm-none-eabi/10.3.1/../../../../arm-none-eabi/lib/thumb/v7e-m+fp/softfp\libc.a(lib_a-mprec.o)
 .ARM.attributes
                0x000009ed       0x32 c:/new_sdk/msdk/tools/gnutools/10.3/bin/../lib/gcc/arm-none-eabi/10.3.1/../../../../arm-none-eabi/lib/thumb/v7e-m+fp/softfp\libc.a(lib_a-reallocr.o)
 .ARM.attributes
                0x00000a1f       0x32 c:/new_sdk/msdk/tools/gnutools/10.3/bin/../lib/gcc/arm-none-eabi/10.3.1/../../../../arm-none-eabi/lib/thumb/v7e-m+fp/softfp\libc.a(lib_a-reent.o)
 .ARM.attributes
                0x00000a51       0x32 c:/new_sdk/msdk/tools/gnutools/10.3/bin/../lib/gcc/arm-none-eabi/10.3.1/../../../../arm-none-eabi/lib/thumb/v7e-m+fp/softfp\libc.a(lib_a-s_frexp.o)
 .ARM.attributes
                0x00000a83       0x32 c:/new_sdk/msdk/tools/gnutools/10.3/bin/../lib/gcc/arm-none-eabi/10.3.1/../../../../arm-none-eabi/lib/thumb/v7e-m+fp/softfp\libc.a(lib_a-stdio.o)
 .ARM.attributes
                0x00000ab5       0x32 c:/new_sdk/msdk/tools/gnutools/10.3/bin/../lib/gcc/arm-none-eabi/10.3.1/../../../../arm-none-eabi/lib/thumb/v7e-m+fp/softfp\libc.a(lib_a-strncpy.o)
 .ARM.attributes
                0x00000ae7       0x32 c:/new_sdk/msdk/tools/gnutools/10.3/bin/../lib/gcc/arm-none-eabi/10.3.1/../../../../arm-none-eabi/lib/thumb/v7e-m+fp/softfp\libc.a(lib_a-vfiprintf.o)
 .ARM.attributes
                0x00000b19       0x32 c:/new_sdk/msdk/tools/gnutools/10.3/bin/../lib/gcc/arm-none-eabi/10.3.1/../../../../arm-none-eabi/lib/thumb/v7e-m+fp/softfp\libc.a(lib_a-writer.o)
 .ARM.attributes
                0x00000b4b       0x32 c:/new_sdk/msdk/tools/gnutools/10.3/bin/../lib/gcc/arm-none-eabi/10.3.1/../../../../arm-none-eabi/lib/thumb/v7e-m+fp/softfp\libc.a(lib_a-__atexit.o)
 .ARM.attributes
                0x00000b7d       0x32 c:/new_sdk/msdk/tools/gnutools/10.3/bin/../lib/gcc/arm-none-eabi/10.3.1/../../../../arm-none-eabi/lib/thumb/v7e-m+fp/softfp\libc.a(lib_a-assert.o)
 .ARM.attributes
                0x00000baf       0x32 c:/new_sdk/msdk/tools/gnutools/10.3/bin/../lib/gcc/arm-none-eabi/10.3.1/../../../../arm-none-eabi/lib/thumb/v7e-m+fp/softfp\libc.a(lib_a-callocr.o)
 .ARM.attributes
                0x00000be1       0x32 c:/new_sdk/msdk/tools/gnutools/10.3/bin/../lib/gcc/arm-none-eabi/10.3.1/../../../../arm-none-eabi/lib/thumb/v7e-m+fp/softfp\libc.a(lib_a-closer.o)
 .ARM.attributes
                0x00000c13       0x32 c:/new_sdk/msdk/tools/gnutools/10.3/bin/../lib/gcc/arm-none-eabi/10.3.1/../../../../arm-none-eabi/lib/thumb/v7e-m+fp/softfp\libc.a(lib_a-fclose.o)
 .ARM.attributes
                0x00000c45       0x32 c:/new_sdk/msdk/tools/gnutools/10.3/bin/../lib/gcc/arm-none-eabi/10.3.1/../../../../arm-none-eabi/lib/thumb/v7e-m+fp/softfp\libc.a(lib_a-fiprintf.o)
 .ARM.attributes
                0x00000c77       0x32 c:/new_sdk/msdk/tools/gnutools/10.3/bin/../lib/gcc/arm-none-eabi/10.3.1/../../../../arm-none-eabi/lib/thumb/v7e-m+fp/softfp\libc.a(lib_a-fputwc.o)
 .ARM.attributes
                0x00000ca9       0x32 c:/new_sdk/msdk/tools/gnutools/10.3/bin/../lib/gcc/arm-none-eabi/10.3.1/../../../../arm-none-eabi/lib/thumb/v7e-m+fp/softfp\libc.a(lib_a-fstatr.o)
 .ARM.attributes
                0x00000cdb       0x32 c:/new_sdk/msdk/tools/gnutools/10.3/bin/../lib/gcc/arm-none-eabi/10.3.1/../../../../arm-none-eabi/lib/thumb/v7e-m+fp/softfp\libc.a(lib_a-isattyr.o)
 .ARM.attributes
                0x00000d0d       0x32 c:/new_sdk/msdk/tools/gnutools/10.3/bin/../lib/gcc/arm-none-eabi/10.3.1/../../../../arm-none-eabi/lib/thumb/v7e-m+fp/softfp\libc.a(lib_a-locale.o)
 .ARM.attributes
                0x00000d3f       0x32 c:/new_sdk/msdk/tools/gnutools/10.3/bin/../lib/gcc/arm-none-eabi/10.3.1/../../../../arm-none-eabi/lib/thumb/v7e-m+fp/softfp\libc.a(lib_a-lseekr.o)
 .ARM.attributes
                0x00000d71       0x32 c:/new_sdk/msdk/tools/gnutools/10.3/bin/../lib/gcc/arm-none-eabi/10.3.1/../../../../arm-none-eabi/lib/thumb/v7e-m+fp/softfp\libc.a(lib_a-mbtowc_r.o)
 .ARM.attributes
                0x00000da3       0x32 c:/new_sdk/msdk/tools/gnutools/10.3/bin/../lib/gcc/arm-none-eabi/10.3.1/../../../../arm-none-eabi/lib/thumb/v7e-m+fp/softfp\libc.a(lib_a-readr.o)
 .ARM.attributes
                0x00000dd5       0x32 c:/new_sdk/msdk/tools/gnutools/10.3/bin/../lib/gcc/arm-none-eabi/10.3.1/../../../../arm-none-eabi/lib/thumb/v7e-m+fp/softfp\libc.a(lib_a-wbuf.o)
 .ARM.attributes
                0x00000e07       0x32 c:/new_sdk/msdk/tools/gnutools/10.3/bin/../lib/gcc/arm-none-eabi/10.3.1/../../../../arm-none-eabi/lib/thumb/v7e-m+fp/softfp\libc.a(lib_a-wcrtomb.o)
 .ARM.attributes
                0x00000e39       0x32 c:/new_sdk/msdk/tools/gnutools/10.3/bin/../lib/gcc/arm-none-eabi/10.3.1/../../../../arm-none-eabi/lib/thumb/v7e-m+fp/softfp\libc.a(lib_a-wctomb_r.o)
 .ARM.attributes
                0x00000e6b       0x32 c:/new_sdk/msdk/tools/gnutools/10.3/bin/../lib/gcc/arm-none-eabi/10.3.1/../../../../arm-none-eabi/lib/thumb/v7e-m+fp/softfp\libc.a(lib_a-abort.o)
 .ARM.attributes
                0x00000e9d       0x32 c:/new_sdk/msdk/tools/gnutools/10.3/bin/../lib/gcc/arm-none-eabi/10.3.1/../../../../arm-none-eabi/lib/thumb/v7e-m+fp/softfp\libc.a(lib_a-ctype_.o)
 .ARM.attributes
                0x00000ecf       0x32 c:/new_sdk/msdk/tools/gnutools/10.3/bin/../lib/gcc/arm-none-eabi/10.3.1/../../../../arm-none-eabi/lib/thumb/v7e-m+fp/softfp\libc.a(lib_a-signal.o)
 .ARM.attributes
                0x00000f01       0x32 c:/new_sdk/msdk/tools/gnutools/10.3/bin/../lib/gcc/arm-none-eabi/10.3.1/../../../../arm-none-eabi/lib/thumb/v7e-m+fp/softfp\libc.a(lib_a-signalr.o)
 .ARM.attributes
                0x00000f33       0x32 c:/new_sdk/msdk/tools/gnutools/10.3/bin/../lib/gcc/arm-none-eabi/10.3.1/../../../../arm-none-eabi/lib/thumb/v7e-m+fp/softfp\libnosys.a(getpid.o)
 .ARM.attributes
                0x00000f65       0x32 c:/new_sdk/msdk/tools/gnutools/10.3/bin/../lib/gcc/arm-none-eabi/10.3.1/../../../../arm-none-eabi/lib/thumb/v7e-m+fp/softfp\libnosys.a(kill.o)
 .ARM.attributes
                0x00000f97       0x32 c:/new_sdk/msdk/tools/gnutools/10.3/bin/../lib/gcc/arm-none-eabi/10.3.1/../../../../arm-none-eabi/lib/thumb/v7e-m+fp/softfp\libnosys.a(_exit.o)
 .ARM.attributes
                0x00000fc9       0x1e c:/new_sdk/msdk/tools/gnutools/10.3/bin/../lib/gcc/arm-none-eabi/10.3.1/thumb/v7e-m+fp/softfp\libgcc.a(_arm_addsubdf3.o)
 .ARM.attributes
                0x00000fe7       0x1e c:/new_sdk/msdk/tools/gnutools/10.3/bin/../lib/gcc/arm-none-eabi/10.3.1/thumb/v7e-m+fp/softfp\libgcc.a(_arm_muldivdf3.o)
 .ARM.attributes
                0x00001005       0x1e c:/new_sdk/msdk/tools/gnutools/10.3/bin/../lib/gcc/arm-none-eabi/10.3.1/thumb/v7e-m+fp/softfp\libgcc.a(_arm_cmpdf2.o)
 .ARM.attributes
                0x00001023       0x1e c:/new_sdk/msdk/tools/gnutools/10.3/bin/../lib/gcc/arm-none-eabi/10.3.1/thumb/v7e-m+fp/softfp\libgcc.a(_arm_unorddf2.o)
 .ARM.attributes
                0x00001041       0x1e c:/new_sdk/msdk/tools/gnutools/10.3/bin/../lib/gcc/arm-none-eabi/10.3.1/thumb/v7e-m+fp/softfp\libgcc.a(_arm_fixdfsi.o)
 .ARM.attributes
                0x0000105f       0x1e c:/new_sdk/msdk/tools/gnutools/10.3/bin/../lib/gcc/arm-none-eabi/10.3.1/thumb/v7e-m+fp/softfp\libgcc.a(_aeabi_uldivmod.o)
 .ARM.attributes
                0x0000107d       0x32 c:/new_sdk/msdk/tools/gnutools/10.3/bin/../lib/gcc/arm-none-eabi/10.3.1/thumb/v7e-m+fp/softfp\libgcc.a(_udivmoddi4.o)
 .ARM.attributes
                0x000010af       0x1e c:/new_sdk/msdk/tools/gnutools/10.3/bin/../lib/gcc/arm-none-eabi/10.3.1/thumb/v7e-m+fp/softfp\libgcc.a(_dvmd_tls.o)
 .ARM.attributes
                0x000010cd       0x32 c:/new_sdk/msdk/tools/gnutools/10.3/bin/../lib/gcc/arm-none-eabi/10.3.1/thumb/v7e-m+fp/softfp/crtend.o
 .ARM.attributes
                0x000010ff       0x1e c:/new_sdk/msdk/tools/gnutools/10.3/bin/../lib/gcc/arm-none-eabi/10.3.1/thumb/v7e-m+fp/softfp/crtn.o

.comment        0x00000000       0x49
 .comment       0x00000000       0x49 c:/MaximSDK_RPI/Examples/MAX78000/Flash/build/main.o
                                 0x4a (size before relaxing)
 .comment       0x00000049       0x4a c:/MaximSDK_RPI/Examples/MAX78000/Flash/build/board.o
 .comment       0x00000049       0x4a c:/MaximSDK_RPI/Examples/MAX78000/Flash/build/stdio.o
 .comment       0x00000049       0x4a c:/MaximSDK_RPI/Examples/MAX78000/Flash/build/led.o
 .comment       0x00000049       0x4a c:/MaximSDK_RPI/Examples/MAX78000/Flash/build/pb.o
 .comment       0x00000049       0x4a c:/MaximSDK_RPI/Examples/MAX78000/Flash/build/heap.o
 .comment       0x00000049       0x4a c:/MaximSDK_RPI/Examples/MAX78000/Flash/build/system_max78000.o
 .comment       0x00000049       0x4a C:/new_sdk/msdk/Libraries/PeriphDrivers/bin/MAX78000/softfp/libPeriphDriver_softfp.a(mxc_delay.o)
 .comment       0x00000049       0x4a C:/new_sdk/msdk/Libraries/PeriphDrivers/bin/MAX78000/softfp/libPeriphDriver_softfp.a(nvic_table.o)
 .comment       0x00000049       0x4a C:/new_sdk/msdk/Libraries/PeriphDrivers/bin/MAX78000/softfp/libPeriphDriver_softfp.a(pins_ai85.o)
 .comment       0x00000049       0x4a C:/new_sdk/msdk/Libraries/PeriphDrivers/bin/MAX78000/softfp/libPeriphDriver_softfp.a(sys_ai85.o)
 .comment       0x00000049       0x4a C:/new_sdk/msdk/Libraries/PeriphDrivers/bin/MAX78000/softfp/libPeriphDriver_softfp.a(flc_me17.o)
 .comment       0x00000049       0x4a C:/new_sdk/msdk/Libraries/PeriphDrivers/bin/MAX78000/softfp/libPeriphDriver_softfp.a(flc_reva.o)
 .comment       0x00000049       0x4a C:/new_sdk/msdk/Libraries/PeriphDrivers/bin/MAX78000/softfp/libPeriphDriver_softfp.a(gpio_ai85.o)
 .comment       0x00000049       0x4a C:/new_sdk/msdk/Libraries/PeriphDrivers/bin/MAX78000/softfp/libPeriphDriver_softfp.a(gpio_reva.o)
 .comment       0x00000049       0x4a C:/new_sdk/msdk/Libraries/PeriphDrivers/bin/MAX78000/softfp/libPeriphDriver_softfp.a(icc_me17.o)
 .comment       0x00000049       0x4a C:/new_sdk/msdk/Libraries/PeriphDrivers/bin/MAX78000/softfp/libPeriphDriver_softfp.a(icc_reva.o)
 .comment       0x00000049       0x4a C:/new_sdk/msdk/Libraries/PeriphDrivers/bin/MAX78000/softfp/libPeriphDriver_softfp.a(uart_ai85.o)
 .comment       0x00000049       0x4a C:/new_sdk/msdk/Libraries/PeriphDrivers/bin/MAX78000/softfp/libPeriphDriver_softfp.a(uart_common.o)
 .comment       0x00000049       0x4a C:/new_sdk/msdk/Libraries/PeriphDrivers/bin/MAX78000/softfp/libPeriphDriver_softfp.a(uart_revb.o)
 .comment       0x00000049       0x4a C:/new_sdk/msdk/Libraries/PeriphDrivers/bin/MAX78000/softfp/libPeriphDriver_softfp.a(flc_common.o)
 .comment       0x00000049       0x4a C:/new_sdk/msdk/Libraries/PeriphDrivers/bin/MAX78000/softfp/libPeriphDriver_softfp.a(gpio_common.o)

.debug_info     0x00000000     0xea22
 .debug_info    0x00000000     0x1070 c:/MaximSDK_RPI/Examples/MAX78000/Flash/build/main.o
 .debug_info    0x00001070      0xafc c:/MaximSDK_RPI/Examples/MAX78000/Flash/build/board.o
 .debug_info    0x00001b6c      0x6a3 c:/MaximSDK_RPI/Examples/MAX78000/Flash/build/stdio.o
 .debug_info    0x0000220f      0x5d4 c:/MaximSDK_RPI/Examples/MAX78000/Flash/build/led.o
 .debug_info    0x000027e3      0xd1b c:/MaximSDK_RPI/Examples/MAX78000/Flash/build/pb.o
 .debug_info    0x000034fe      0x112 c:/MaximSDK_RPI/Examples/MAX78000/Flash/build/heap.o
 .debug_info    0x00003610      0x623 c:/MaximSDK_RPI/Examples/MAX78000/Flash/build/system_max78000.o
 .debug_info    0x00003c33      0x403 C:/new_sdk/msdk/Libraries/PeriphDrivers/bin/MAX78000/softfp/libPeriphDriver_softfp.a(mxc_delay.o)
 .debug_info    0x00004036      0x81d C:/new_sdk/msdk/Libraries/PeriphDrivers/bin/MAX78000/softfp/libPeriphDriver_softfp.a(nvic_table.o)
 .debug_info    0x00004853      0x887 C:/new_sdk/msdk/Libraries/PeriphDrivers/bin/MAX78000/softfp/libPeriphDriver_softfp.a(pins_ai85.o)
 .debug_info    0x000050da     0x1047 C:/new_sdk/msdk/Libraries/PeriphDrivers/bin/MAX78000/softfp/libPeriphDriver_softfp.a(sys_ai85.o)
 .debug_info    0x00006121      0xf51 C:/new_sdk/msdk/Libraries/PeriphDrivers/bin/MAX78000/softfp/libPeriphDriver_softfp.a(flc_me17.o)
 .debug_info    0x00007072      0xa97 C:/new_sdk/msdk/Libraries/PeriphDrivers/bin/MAX78000/softfp/libPeriphDriver_softfp.a(flc_reva.o)
 .debug_info    0x00007b09     0x127a C:/new_sdk/msdk/Libraries/PeriphDrivers/bin/MAX78000/softfp/libPeriphDriver_softfp.a(gpio_ai85.o)
 .debug_info    0x00008d83      0xa24 C:/new_sdk/msdk/Libraries/PeriphDrivers/bin/MAX78000/softfp/libPeriphDriver_softfp.a(gpio_reva.o)
 .debug_info    0x000097a7      0x3b9 C:/new_sdk/msdk/Libraries/PeriphDrivers/bin/MAX78000/softfp/libPeriphDriver_softfp.a(icc_me17.o)
 .debug_info    0x00009b60      0x298 C:/new_sdk/msdk/Libraries/PeriphDrivers/bin/MAX78000/softfp/libPeriphDriver_softfp.a(icc_reva.o)
 .debug_info    0x00009df8     0x1f1b C:/new_sdk/msdk/Libraries/PeriphDrivers/bin/MAX78000/softfp/libPeriphDriver_softfp.a(uart_ai85.o)
 .debug_info    0x0000bd13      0x2be C:/new_sdk/msdk/Libraries/PeriphDrivers/bin/MAX78000/softfp/libPeriphDriver_softfp.a(uart_common.o)
 .debug_info    0x0000bfd1     0x209a C:/new_sdk/msdk/Libraries/PeriphDrivers/bin/MAX78000/softfp/libPeriphDriver_softfp.a(uart_revb.o)
 .debug_info    0x0000e06b      0x390 C:/new_sdk/msdk/Libraries/PeriphDrivers/bin/MAX78000/softfp/libPeriphDriver_softfp.a(flc_common.o)
 .debug_info    0x0000e3fb      0x627 C:/new_sdk/msdk/Libraries/PeriphDrivers/bin/MAX78000/softfp/libPeriphDriver_softfp.a(gpio_common.o)

.debug_abbrev   0x00000000     0x31d8
 .debug_abbrev  0x00000000      0x407 c:/MaximSDK_RPI/Examples/MAX78000/Flash/build/main.o