Archive member included to satisfy reference by file (symbol)

C:/new_sdk/msdk/Libraries/PeriphDrivers/bin/MAX78000/softfp/libPeriphDriver_softfp.a(mxc_delay.o)
                              c:/Code/pihat/PiHat_I2C/build/main.o (MXC_Delay)
C:/new_sdk/msdk/Libraries/PeriphDrivers/bin/MAX78000/softfp/libPeriphDriver_softfp.a(nvic_table.o)
                              c:/Code/pihat/PiHat_I2C/build/camera.o (MXC_NVIC_SetVector)
C:/new_sdk/msdk/Libraries/PeriphDrivers/bin/MAX78000/softfp/libPeriphDriver_softfp.a(pins_ai85.o)
                              c:/Code/pihat/PiHat_I2C/build/camera.o (gpio_cfg_pcif_xclk)
C:/new_sdk/msdk/Libraries/PeriphDrivers/bin/MAX78000/softfp/libPeriphDriver_softfp.a(sys_ai85.o)
                              c:/Code/pihat/PiHat_I2C/build/board.o (MXC_SYS_ClockEnable)
C:/new_sdk/msdk/Libraries/PeriphDrivers/bin/MAX78000/softfp/libPeriphDriver_softfp.a(aes_me17.o)
                              C:/new_sdk/msdk/Libraries/PeriphDrivers/bin/MAX78000/softfp/libPeriphDriver_softfp.a(sys_ai85.o) (MXC_AES_Init)
C:/new_sdk/msdk/Libraries/PeriphDrivers/bin/MAX78000/softfp/libPeriphDriver_softfp.a(aes_revb.o)
                              C:/new_sdk/msdk/Libraries/PeriphDrivers/bin/MAX78000/softfp/libPeriphDriver_softfp.a(aes_me17.o) (MXC_AES_RevB_Init)
C:/new_sdk/msdk/Libraries/PeriphDrivers/bin/MAX78000/softfp/libPeriphDriver_softfp.a(cameraif_ai85.o)
                              c:/Code/pihat/PiHat_I2C/build/camera.o (MXC_PCIF_Init)
C:/new_sdk/msdk/Libraries/PeriphDrivers/bin/MAX78000/softfp/libPeriphDriver_softfp.a(cameraif_reva.o)
                              C:/new_sdk/msdk/Libraries/PeriphDrivers/bin/MAX78000/softfp/libPeriphDriver_softfp.a(cameraif_ai85.o) (MXC_PCIF_RevA_SetDatawidth)
C:/new_sdk/msdk/Libraries/PeriphDrivers/bin/MAX78000/softfp/libPeriphDriver_softfp.a(dma_me17.o)
                              C:/new_sdk/msdk/Libraries/PeriphDrivers/bin/MAX78000/softfp/libPeriphDriver_softfp.a(aes_revb.o) (MXC_DMA_Init)
C:/new_sdk/msdk/Libraries/PeriphDrivers/bin/MAX78000/softfp/libPeriphDriver_softfp.a(dma_reva.o)
                              C:/new_sdk/msdk/Libraries/PeriphDrivers/bin/MAX78000/softfp/libPeriphDriver_softfp.a(dma_me17.o) (MXC_DMA_RevA_Init)
C:/new_sdk/msdk/Libraries/PeriphDrivers/bin/MAX78000/softfp/libPeriphDriver_softfp.a(flc_me17.o)
                              C:/new_sdk/msdk/Libraries/PeriphDrivers/bin/MAX78000/softfp/libPeriphDriver_softfp.a(sys_ai85.o) (MXC_FLC_UnlockInfoBlock)
C:/new_sdk/msdk/Libraries/PeriphDrivers/bin/MAX78000/softfp/libPeriphDriver_softfp.a(flc_reva.o)
                              C:/new_sdk/msdk/Libraries/PeriphDrivers/bin/MAX78000/softfp/libPeriphDriver_softfp.a(flc_me17.o) (MXC_FLC_RevA_Busy)
C:/new_sdk/msdk/Libraries/PeriphDrivers/bin/MAX78000/softfp/libPeriphDriver_softfp.a(gpio_ai85.o)
                              c:/Code/pihat/PiHat_I2C/build/led.o (MXC_GPIO_Config)
C:/new_sdk/msdk/Libraries/PeriphDrivers/bin/MAX78000/softfp/libPeriphDriver_softfp.a(gpio_reva.o)
                              C:/new_sdk/msdk/Libraries/PeriphDrivers/bin/MAX78000/softfp/libPeriphDriver_softfp.a(gpio_ai85.o) (MXC_GPIO_RevA_InGet)
C:/new_sdk/msdk/Libraries/PeriphDrivers/bin/MAX78000/softfp/libPeriphDriver_softfp.a(i2c_me17.o)
                              c:/Code/pihat/PiHat_I2C/build/main.o (MXC_I2C_Init)
C:/new_sdk/msdk/Libraries/PeriphDrivers/bin/MAX78000/softfp/libPeriphDriver_softfp.a(i2c_reva.o)
                              C:/new_sdk/msdk/Libraries/PeriphDrivers/bin/MAX78000/softfp/libPeriphDriver_softfp.a(i2c_me17.o) (MXC_I2C_RevA_DMACallback)
C:/new_sdk/msdk/Libraries/PeriphDrivers/bin/MAX78000/softfp/libPeriphDriver_softfp.a(icc_me17.o)
                              c:/Code/pihat/PiHat_I2C/build/system_max78000.o (MXC_ICC_Enable)
C:/new_sdk/msdk/Libraries/PeriphDrivers/bin/MAX78000/softfp/libPeriphDriver_softfp.a(icc_reva.o)
                              C:/new_sdk/msdk/Libraries/PeriphDrivers/bin/MAX78000/softfp/libPeriphDriver_softfp.a(icc_me17.o) (MXC_ICC_RevA_ID)
C:/new_sdk/msdk/Libraries/PeriphDrivers/bin/MAX78000/softfp/libPeriphDriver_softfp.a(pt_ai85.o)
                              c:/Code/pihat/PiHat_I2C/build/camera.o (MXC_PT_Init)
C:/new_sdk/msdk/Libraries/PeriphDrivers/bin/MAX78000/softfp/libPeriphDriver_softfp.a(pt_reva.o)
                              C:/new_sdk/msdk/Libraries/PeriphDrivers/bin/MAX78000/softfp/libPeriphDriver_softfp.a(pt_ai85.o) (MXC_PT_RevA_Init)
C:/new_sdk/msdk/Libraries/PeriphDrivers/bin/MAX78000/softfp/libPeriphDriver_softfp.a(spi_me17.o)
                              c:/Code/pihat/PiHat_I2C/build/tft_ili9341.o (MXC_SPI_Init)
C:/new_sdk/msdk/Libraries/PeriphDrivers/bin/MAX78000/softfp/libPeriphDriver_softfp.a(spi_reva1.o)
                              C:/new_sdk/msdk/Libraries/PeriphDrivers/bin/MAX78000/softfp/libPeriphDriver_softfp.a(spi_me17.o) (MXC_SPI_RevA1_Init)
C:/new_sdk/msdk/Libraries/PeriphDrivers/bin/MAX78000/softfp/libPeriphDriver_softfp.a(trng_revb.o)
[...]
Memory Configuration

Name             Origin             Length             Attributes
ROM              0x00000000         0x00010000         xr
FLASH            0x10000000         0x00080000         xr
SRAM             0x20000000         0x00020000         xrw
*default*        0x00000000         0xffffffff

Linker script and memory map

LOAD c:/new_sdk/msdk/tools/gnutools/10.3/bin/../lib/gcc/arm-none-eabi/10.3.1/thumb/v7e-m+fp/softfp/crti.o
LOAD c:/new_sdk/msdk/tools/gnutools/10.3/bin/../lib/gcc/arm-none-eabi/10.3.1/thumb/v7e-m+fp/softfp/crtbegin.o
LOAD c:/new_sdk/msdk/tools/gnutools/10.3/bin/../lib/gcc/arm-none-eabi/10.3.1/../../../../arm-none-eabi/lib/thumb/v7e-m+fp/softfp/crt0.o
LOAD c:/Code/pihat/PiHat_I2C/build/main.o
LOAD c:/Code/pihat/PiHat_I2C/build/board.o
LOAD c:/Code/pihat/PiHat_I2C/build/stdio.o
LOAD c:/Code/pihat/PiHat_I2C/build/led.o
LOAD c:/Code/pihat/PiHat_I2C/build/pb.o
LOAD c:/Code/pihat/PiHat_I2C/build/tft_ili9341.o
LOAD c:/Code/pihat/PiHat_I2C/build/camera.o
LOAD c:/Code/pihat/PiHat_I2C/build/ov7692.o
LOAD c:/Code/pihat/PiHat_I2C/build/sccb.o
LOAD c:/Code/pihat/PiHat_I2C/build/max20303.o
LOAD c:/Code/pihat/PiHat_I2C/build/max9867.o
LOAD c:/Code/pihat/PiHat_I2C/build/startup_max78000.o
LOAD c:/Code/pihat/PiHat_I2C/build/heap.o
LOAD c:/Code/pihat/PiHat_I2C/build/system_max78000.o
START GROUP
LOAD C:/new_sdk/msdk/Libraries/PeriphDrivers/bin/MAX78000/softfp/libPeriphDriver_softfp.a
LOAD c:/new_sdk/msdk/tools/gnutools/10.3/bin/../lib/gcc/arm-none-eabi/10.3.1/../../../../arm-none-eabi/lib/thumb/v7e-m+fp/softfp\libc.a
LOAD c:/new_sdk/msdk/tools/gnutools/10.3/bin/../lib/gcc/arm-none-eabi/10.3.1/../../../../arm-none-eabi/lib/thumb/v7e-m+fp/softfp\libm.a
LOAD c:/new_sdk/msdk/tools/gnutools/10.3/bin/../lib/gcc/arm-none-eabi/10.3.1/../../../../arm-none-eabi/lib/thumb/v7e-m+fp/softfp\libnosys.a
END GROUP
START GROUP
LOAD c:/new_sdk/msdk/tools/gnutools/10.3/bin/../lib/gcc/arm-none-eabi/10.3.1/thumb/v7e-m+fp/softfp\libgcc.a
LOAD c:/new_sdk/msdk/tools/gnutools/10.3/bin/../lib/gcc/arm-none-eabi/10.3.1/../../../../arm-none-eabi/lib/thumb/v7e-m+fp/softfp\libc.a
END GROUP
LOAD c:/new_sdk/msdk/tools/gnutools/10.3/bin/../lib/gcc/arm-none-eabi/10.3.1/thumb/v7e-m+fp/softfp/crtend.o
LOAD c:/new_sdk/msdk/tools/gnutools/10.3/bin/../lib/gcc/arm-none-eabi/10.3.1/thumb/v7e-m+fp/softfp/crtn.o

.rom
 *(.rom_vector)
 *(.rom_handlers*)

.text           0x10000000     0x9894
                0x10000000                _text = .
 *(.isr_vector)
 .isr_vector    0x10000000      0x1e0 c:/Code/pihat/PiHat_I2C/build/startup_max78000.o
                0x10000000                __isr_vector
 EXCLUDE_FILE(*riscv.o) *(.text*)
 .text          0x100001e0       0x40 c:/new_sdk/msdk/tools/gnutools/10.3/bin/../lib/gcc/arm-none-eabi/10.3.1/thumb/v7e-m+fp/softfp/crtbegin.o
 .text.slaveHandler
                0x10000220      0x104 c:/Code/pihat/PiHat_I2C/build/main.o
                0x10000220                slaveHandler
 .text.I2C1_IRQHandler
                0x10000324       0x24 c:/Code/pihat/PiHat_I2C/build/main.o
                0x10000324                I2C1_IRQHandler
 .text.startup.main
                0x10000348       0xbc c:/Code/pihat/PiHat_I2C/build/main.o
                0x10000348                main
 .text.mxc_assert
                0x10000404       0x10 c:/Code/pihat/PiHat_I2C/build/board.o
                0x10000404                mxc_assert
 .text.GPIO0_IRQHandler
                0x10000414        0x8 c:/Code/pihat/PiHat_I2C/build/board.o
                0x10000414                GPIO0_IRQHandler
 .text.GPIO1_IRQHandler
                0x1000041c        0x8 c:/Code/pihat/PiHat_I2C/build/board.o
                0x1000041c                GPIO1_IRQHandler
 .text.Board_Init
                0x10000424       0x6c c:/Code/pihat/PiHat_I2C/build/board.o
                0x10000424                Board_Init
 .text.NMI_Handler
                0x10000490        0x4 c:/Code/pihat/PiHat_I2C/build/board.o
                0x10000490                NMI_Handler
 .text._close   0x10000494        0x8 c:/Code/pihat/PiHat_I2C/build/stdio.o
                0x10000494                _close
 .text._isatty  0x1000049c        0x8 c:/Code/pihat/PiHat_I2C/build/stdio.o
                0x1000049c                _isatty
 .text._lseek   0x100004a4        0x8 c:/Code/pihat/PiHat_I2C/build/stdio.o
                0x100004a4                _lseek
 .text._fstat   0x100004ac        0x8 c:/Code/pihat/PiHat_I2C/build/stdio.o
                0x100004ac                _fstat
 .text._read    0x100004b4       0x50 c:/Code/pihat/PiHat_I2C/build/stdio.o
                0x100004b4                _read
 .text._write   0x10000504       0x60 c:/Code/pihat/PiHat_I2C/build/stdio.o
                0x10000504                _write
 .text.LED_Init
                0x10000564       0x40 c:/Code/pihat/PiHat_I2C/build/led.o
                0x10000564                LED_Init
 .text.PB_Init  0x100005a4       0x38 c:/Code/pihat/PiHat_I2C/build/pb.o
                0x100005a4                PB_Init
 .text          0x100005dc      0x148 c:/Code/pihat/PiHat_I2C/build/startup_max78000.o
                0x100005dc                Reset_Handler
                0x1000061a                HardFault_Handler
                0x1000061c                MemManage_Handler
                0x1000061e                BusFault_Handler
                0x10000620                UsageFault_Handler
                0x10000622                SVC_Handler
                0x10000624                DebugMon_Handler
                0x10000626                PendSV_Handler
                0x10000628                SysTick_Handler
                0x1000062a                Default_Handler
                0x1000062c                PF_IRQHandler
                0x1000062e                WDT0_IRQHandler
                0x10000630                RSV02_IRQHandler
                0x10000632                RTC_IRQHandler
                0x10000634                TRNG_IRQHandler
                0x10000636                TMR0_IRQHandler
                0x10000638                TMR1_IRQHandler
                0x1000063a                TMR2_IRQHandler
                0x1000063c                TMR3_IRQHandler
                0x1000063e                TMR4_IRQHandler
                0x10000640                TMR5_IRQHandler
                0x10000642                RSV11_IRQHandler
                0x10000644                RSV12_IRQHandler
                0x10000646                I2C0_IRQHandler
                0x10000648                UART0_IRQHandler
                0x1000064a                UART1_IRQHandler
                0x1000064c                SPI1_IRQHandler
                0x1000064e                RSV17_IRQHandler
                0x10000650                RSV18_IRQHandler
                0x10000652                RSV19_IRQHandler
                0x10000654                ADC_IRQHandler
                0x10000656                RSV21_IRQHandler
                0x10000658                RSV22_IRQHandler
                0x1000065a                FLC0_IRQHandler
                0x10000660                GPIO2_IRQHandler
                0x10000662                RSV27_IRQHandler
                0x10000664                DMA0_IRQHandler
                0x10000666                DMA1_IRQHandler
                0x10000668                DMA2_IRQHandler
                0x1000066a                DMA3_IRQHandler
                0x1000066c                RSV32_IRQHandler
                0x1000066e                RSV33_IRQHandler
                0x10000670                UART2_IRQHandler
                0x10000672                RSV35_IRQHandler
                0x10000676                RSV37_IRQHandler
                0x10000678                RSV38_IRQHandler
                0x1000067a                RSV39_IRQHandler
                0x1000067c                RSV40_IRQHandler
                0x1000067e                RSV41_IRQHandler
                0x10000680                RSV42_IRQHandler
                0x10000682                RSV43_IRQHandler
                0x10000684                RSV44_IRQHandler
                0x10000686                RSV45_IRQHandler
                0x10000688                RSV46_IRQHandler
                0x1000068a                RSV47_IRQHandler
                0x1000068c                RSV48_IRQHandler
                0x1000068e                RSV49_IRQHandler
                0x10000690                RSV50_IRQHandler
                0x10000692                RSV51_IRQHandler
                0x10000694                RSV52_IRQHandler
                0x10000696                WUT_IRQHandler
                0x10000698                GPIOWAKE_IRQHandler
                0x1000069a                RSV55_IRQHandler
                0x1000069c                SPI0_IRQHandler
                0x1000069e                WDT1_IRQHandler
                0x100006a0                RSV58_IRQHandler
                0x100006a2                PT_IRQHandler
                0x100006a4                RSV60_IRQHandler
                0x100006a6                RSV61_IRQHandler
                0x100006a8                I2C2_IRQHandler
                0x100006aa                RISCV_IRQHandler
                0x100006ac                RSV64_IRQHandler
                0x100006ae                RSV65_IRQHandler
                0x100006b0                RSV66_IRQHandler
                0x100006b2                OWM_IRQHandler
                0x100006b4                RSV68_IRQHandler
                0x100006b6                RSV69_IRQHandler
                0x100006b8                RSV70_IRQHandler
                0x100006ba                RSV71_IRQHandler
                0x100006bc                RSV72_IRQHandler
                0x100006be                RSV73_IRQHandler
                0x100006c0                RSV74_IRQHandler
                0x100006c2                RSV75_IRQHandler
                0x100006c4                RSV76_IRQHandler
                0x100006c6                RSV77_IRQHandler
                0x100006c8                RSV78_IRQHandler
                0x100006ca                RSV79_IRQHandler
                0x100006cc                RSV80_IRQHandler
                0x100006ce                RSV81_IRQHandler
                0x100006d0                ECC_IRQHandler
                0x100006d2                DVS_IRQHandler
                0x100006d4                SIMO_IRQHandler
                0x100006d6                RSV85_IRQHandler
                0x100006d8                RSV86_IRQHandler
                0x100006da                RSV87_IRQHandler
                0x100006dc                UART3_IRQHandler
                0x100006de                RSV89_IRQHandler
                0x100006e0                RSV90_IRQHandler
                0x100006e2                PCIF_IRQHandler
                0x100006e4                RSV92_IRQHandler
                0x100006e6                RSV93_IRQHandler
                0x100006e8                RSV94_IRQHandler
                0x100006ea                RSV95_IRQHandler
                0x100006ec                RSV96_IRQHandler
                0x100006ee                AES_IRQHandler
                0x100006f0                RSV98_IRQHandler
                0x100006f2                I2S_IRQHandler
                0x100006f4                CNN_FIFO_IRQHandler
                0x100006f6                CNN_IRQHandler
                0x100006f8                RSV102_IRQHandler
                0x100006fa                LPCMP_IRQHandler
 .text._sbrk    0x10000724       0x3c c:/Code/pihat/PiHat_I2C/build/heap.o
                0x10000724                _sbrk
 .text.SystemCoreClockUpdate
                0x10000760       0x68 c:/Code/pihat/PiHat_I2C/build/system_max78000.o
                0x10000760                SystemCoreClockUpdate
 .text.PreInit  0x100007c8        0x4 c:/Code/pihat/PiHat_I2C/build/system_max78000.o
                0x100007c8                PreInit
 .text.SystemInit
                0x100007cc       0x38 c:/Code/pihat/PiHat_I2C/build/system_max78000.o
                0x100007cc                SystemInit
 .text.MXC_DelayInit
                0x10000804       0x7c C:/new_sdk/msdk/Libraries/PeriphDrivers/bin/MAX78000/softfp/libPeriphDriver_softfp.a(mxc_delay.o)
 .text.MXC_DelayAsync
                0x10000880       0x3c C:/new_sdk/msdk/Libraries/PeriphDrivers/bin/MAX78000/softfp/libPeriphDriver_softfp.a(mxc_delay.o)
                0x10000880                MXC_DelayAsync
 .text.MXC_DelayCheck
                0x100008bc       0x70 C:/new_sdk/msdk/Libraries/PeriphDrivers/bin/MAX78000/softfp/libPeriphDriver_softfp.a(mxc_delay.o)
                0x100008bc                MXC_DelayCheck
 .text.MXC_DelayAbort
                0x1000092c       0x34 C:/new_sdk/msdk/Libraries/PeriphDrivers/bin/MAX78000/softfp/libPeriphDriver_softfp.a(mxc_delay.o)
                0x1000092c                MXC_DelayAbort
 .text.MXC_Delay
                0x10000960       0x74 C:/new_sdk/msdk/Libraries/PeriphDrivers/bin/MAX78000/softfp/libPeriphDriver_softfp.a(mxc_delay.o)
                0x10000960                MXC_Delay
 .text.MXC_SYS_ClockDisable
                0x100009d4       0x44 C:/new_sdk/msdk/Libraries/PeriphDrivers/bin/MAX78000/softfp/libPeriphDriver_softfp.a(sys_ai85.o)
                0x100009d4                MXC_SYS_ClockDisable
 .text.MXC_SYS_ClockEnable
                0x10000a18       0x4c C:/new_sdk/msdk/Libraries/PeriphDrivers/bin/MAX78000/softfp/libPeriphDriver_softfp.a(sys_ai85.o)
                0x10000a18                MXC_SYS_ClockEnable
 .text.MXC_SYS_ClockSourceEnable
                0x10000a64       0xf4 C:/new_sdk/msdk/Libraries/PeriphDrivers/bin/MAX78000/softfp/libPeriphDriver_softfp.a(sys_ai85.o)
                0x10000a64                MXC_SYS_ClockSourceEnable
 .text.MXC_SYS_Reset_Periph
                0x10000b58       0x50 C:/new_sdk/msdk/Libraries/PeriphDrivers/bin/MAX78000/softfp/libPeriphDriver_softfp.a(sys_ai85.o)
                0x10000b58                MXC_SYS_Reset_Periph
 .text.MXC_GPIO_Init
                0x10000ba8       0x40 C:/new_sdk/msdk/Libraries/PeriphDrivers/bin/MAX78000/softfp/libPeriphDriver_softfp.a(gpio_ai85.o)
                0x10000ba8                MXC_GPIO_Init
 .text.MXC_GPIO_Config
                0x10000be8      0x210 C:/new_sdk/msdk/Libraries/PeriphDrivers/bin/MAX78000/softfp/libPeriphDriver_softfp.a(gpio_ai85.o)
                0x10000be8                MXC_GPIO_Config
 .text.MXC_GPIO_OutSet
                0x10000df8       0x30 C:/new_sdk/msdk/Libraries/PeriphDrivers/bin/MAX78000/softfp/libPeriphDriver_softfp.a(gpio_ai85.o)
                0x10000df8                MXC_GPIO_OutSet
 .text.MXC_GPIO_Handler
                0x10000e28        0x4 C:/new_sdk/msdk/Libraries/PeriphDrivers/bin/MAX78000/softfp/libPeriphDriver_softfp.a(gpio_ai85.o)
                0x10000e28                MXC_GPIO_Handler
 .text.MXC_GPIO_ClearFlags
                0x10000e2c       0x18 C:/new_sdk/msdk/Libraries/PeriphDrivers/bin/MAX78000/softfp/libPeriphDriver_softfp.a(gpio_ai85.o)
                0x10000e2c                MXC_GPIO_ClearFlags
 .text.MXC_GPIO_GetFlags
                0x10000e44       0x18 C:/new_sdk/msdk/Libraries/PeriphDrivers/bin/MAX78000/softfp/libPeriphDriver_softfp.a(gpio_ai85.o)
                0x10000e44                MXC_GPIO_GetFlags
 .text.MXC_GPIO_RevA_OutSet
                0x10000e5c        0x4 C:/new_sdk/msdk/Libraries/PeriphDrivers/bin/MAX78000/softfp/libPeriphDriver_softfp.a(gpio_reva.o)
                0x10000e5c                MXC_GPIO_RevA_OutSet
 .text.MXC_GPIO_RevA_ClearFlags
                0x10000e60        0x4 C:/new_sdk/msdk/Libraries/PeriphDrivers/bin/MAX78000/softfp/libPeriphDriver_softfp.a(gpio_reva.o)
                0x10000e60                MXC_GPIO_RevA_ClearFlags
 .text.MXC_GPIO_RevA_GetFlags
                0x10000e64        0x4 C:/new_sdk/msdk/Libraries/PeriphDrivers/bin/MAX78000/softfp/libPeriphDriver_softfp.a(gpio_reva.o)
                0x10000e64                MXC_GPIO_RevA_GetFlags
 .text.MXC_GPIO_RevA_SetVSSEL
                0x10000e68       0x30 C:/new_sdk/msdk/Libraries/PeriphDrivers/bin/MAX78000/softfp/libPeriphDriver_softfp.a(gpio_reva.o)
                0x10000e68                MXC_GPIO_RevA_SetVSSEL
 .text.MXC_GPIO_RevA_SetAF
                0x10000e98       0x6c C:/new_sdk/msdk/Libraries/PeriphDrivers/bin/MAX78000/softfp/libPeriphDriver_softfp.a(gpio_reva.o)
                0x10000e98                MXC_GPIO_RevA_SetAF
 .text.MXC_I2C_SetSlaveAddr
                0x10000f04        0x4 C:/new_sdk/msdk/Libraries/PeriphDrivers/bin/MAX78000/softfp/libPeriphDriver_softfp.a(i2c_me17.o)
                0x10000f04                MXC_I2C_SetSlaveAddr
 .text.MXC_I2C_Shutdown
                0x10000f08       0x58 C:/new_sdk/msdk/Libraries/PeriphDrivers/bin/MAX78000/softfp/libPeriphDriver_softfp.a(i2c_me17.o)
                0x10000f08                MXC_I2C_Shutdown
 .text.MXC_I2C_Init
                0x10000f60       0x94 C:/new_sdk/msdk/Libraries/PeriphDrivers/bin/MAX78000/softfp/libPeriphDriver_softfp.a(i2c_me17.o)
                0x10000f60                MXC_I2C_Init
 .text.MXC_I2C_SetFrequency
                0x10000ff4        0x4 C:/new_sdk/msdk/Libraries/PeriphDrivers/bin/MAX78000/softfp/libPeriphDriver_softfp.a(i2c_me17.o)
                0x10000ff4                MXC_I2C_SetFrequency
 .text.MXC_I2C_GetFrequency
                0x10000ff8        0x4 C:/new_sdk/msdk/Libraries/PeriphDrivers/bin/MAX78000/softfp/libPeriphDriver_softfp.a(i2c_me17.o)
                0x10000ff8                MXC_I2C_GetFrequency
 .text.MXC_I2C_Stop
                0x10000ffc        0x4 C:/new_sdk/msdk/Libraries/PeriphDrivers/bin/MAX78000/softfp/libPeriphDriver_softfp.a(i2c_me17.o)
                0x10000ffc                MXC_I2C_Stop
 .text.MXC_I2C_ReadRXFIFO
                0x10001000        0x4 C:/new_sdk/msdk/Libraries/PeriphDrivers/bin/MAX78000/softfp/libPeriphDriver_softfp.a(i2c_me17.o)
                0x10001000                MXC_I2C_ReadRXFIFO
 .text.MXC_I2C_GetRXFIFOAvailable
                0x10001004        0x4 C:/new_sdk/msdk/Libraries/PeriphDrivers/bin/MAX78000/softfp/libPeriphDriver_softfp.a(i2c_me17.o)
                0x10001004                MXC_I2C_GetRXFIFOAvailable
 .text.MXC_I2C_WriteTXFIFO
                0x10001008        0x4 C:/new_sdk/msdk/Libraries/PeriphDrivers/bin/MAX78000/softfp/libPeriphDriver_softfp.a(i2c_me17.o)
                0x10001008                MXC_I2C_WriteTXFIFO
 .text.MXC_I2C_GetTXFIFOAvailable
                0x1000100c        0x4 C:/new_sdk/msdk/Libraries/PeriphDrivers/bin/MAX78000/softfp/libPeriphDriver_softfp.a(i2c_me17.o)
                0x1000100c                MXC_I2C_GetTXFIFOAvailable
 .text.MXC_I2C_ClearRXFIFO
                0x10001010        0x4 C:/new_sdk/msdk/Libraries/PeriphDrivers/bin/MAX78000/softfp/libPeriphDriver_softfp.a(i2c_me17.o)
                0x10001010                MXC_I2C_ClearRXFIFO
 .text.MXC_I2C_ClearTXFIFO
                0x10001014        0x4 C:/new_sdk/msdk/Libraries/PeriphDrivers/bin/MAX78000/softfp/libPeriphDriver_softfp.a(i2c_me17.o)
                0x10001014                MXC_I2C_ClearTXFIFO
 .text.MXC_I2C_ClearFlags
                0x10001018        0x4 C:/new_sdk/msdk/Libraries/PeriphDrivers/bin/MAX78000/softfp/libPeriphDriver_softfp.a(i2c_me17.o)
                0x10001018                MXC_I2C_ClearFlags
 .text.MXC_I2C_Recover
                0x1000101c        0x4 C:/new_sdk/msdk/Libraries/PeriphDrivers/bin/MAX78000/softfp/libPeriphDriver_softfp.a(i2c_me17.o)
                0x1000101c                MXC_I2C_Recover
 .text.MXC_I2C_SlaveTransactionAsync
                0x10001020        0xc C:/new_sdk/msdk/Libraries/PeriphDrivers/bin/MAX78000/softfp/libPeriphDriver_softfp.a(i2c_me17.o)
                0x10001020                MXC_I2C_SlaveTransactionAsync
 .text.MXC_I2C_SetRXThreshold
                0x1000102c        0x4 C:/new_sdk/msdk/Libraries/PeriphDrivers/bin/MAX78000/softfp/libPeriphDriver_softfp.a(i2c_me17.o)
                0x1000102c                MXC_I2C_SetRXThreshold
 .text.MXC_I2C_SetTXThreshold
                0x10001030        0x4 C:/new_sdk/msdk/Libraries/PeriphDrivers/bin/MAX78000/softfp/libPeriphDriver_softfp.a(i2c_me17.o)
                0x10001030                MXC_I2C_SetTXThreshold
 .text.MXC_I2C_AsyncHandler
                0x10001034        0xc C:/new_sdk/msdk/Libraries/PeriphDrivers/bin/MAX78000/softfp/libPeriphDriver_softfp.a(i2c_me17.o)
                0x10001034                MXC_I2C_AsyncHandler
 .text.MXC_I2C_RevA_Init
                0x10001040       0xd0 C:/new_sdk/msdk/Libraries/PeriphDrivers/bin/MAX78000/softfp/libPeriphDriver_softfp.a(i2c_reva.o)
                0x10001040                MXC_I2C_RevA_Init
 .text.MXC_I2C_RevA_SetSlaveAddr
                0x10001110       0x34 C:/new_sdk/msdk/Libraries/PeriphDrivers/bin/MAX78000/softfp/libPeriphDriver_softfp.a(i2c_reva.o)
                0x10001110                MXC_I2C_RevA_SetSlaveAddr
 .text.MXC_I2C_RevA_SetFrequency
                0x10001144       0xa4 C:/new_sdk/msdk/Libraries/PeriphDrivers/bin/MAX78000/softfp/libPeriphDriver_softfp.a(i2c_reva.o)
                0x10001144                MXC_I2C_RevA_SetFrequency
 .text.MXC_I2C_RevA_GetFrequency
                0x100011e8       0x20 C:/new_sdk/msdk/Libraries/PeriphDrivers/bin/MAX78000/softfp/libPeriphDriver_softfp.a(i2c_reva.o)
                0x100011e8                MXC_I2C_RevA_GetFrequency
 .text.MXC_I2C_RevA_Stop
                0x10001208       0x1c C:/new_sdk/msdk/Libraries/PeriphDrivers/bin/MAX78000/softfp/libPeriphDriver_softfp.a(i2c_reva.o)
                0x10001208                MXC_I2C_RevA_Stop
 .text.MXC_I2C_RevA_ReadRXFIFO
                0x10001224       0x30 C:/new_sdk/msdk/Libraries/PeriphDrivers/bin/MAX78000/softfp/libPeriphDriver_softfp.a(i2c_reva.o)
                0x10001224                MXC_I2C_RevA_ReadRXFIFO
 .text.MXC_I2C_RevA_GetRXFIFOAvailable
                0x10001254       0x10 C:/new_sdk/msdk/Libraries/PeriphDrivers/bin/MAX78000/softfp/libPeriphDriver_softfp.a(i2c_reva.o)
                0x10001254                MXC_I2C_RevA_GetRXFIFOAvailable
 .text.MXC_I2C_RevA_WriteTXFIFO
                0x10001264       0x30 C:/new_sdk/msdk/Libraries/PeriphDrivers/bin/MAX78000/softfp/libPeriphDriver_softfp.a(i2c_reva.o)
                0x10001264                MXC_I2C_RevA_WriteTXFIFO
 .text.MXC_I2C_RevA_GetTXFIFOAvailable
                0x10001294       0x18 C:/new_sdk/msdk/Libraries/PeriphDrivers/bin/MAX78000/softfp/libPeriphDriver_softfp.a(i2c_reva.o)
                0x10001294                MXC_I2C_RevA_GetTXFIFOAvailable
 .text.MXC_I2C_RevA_ClearRXFIFO
                0x100012ac       0x10 C:/new_sdk/msdk/Libraries/PeriphDrivers/bin/MAX78000/softfp/libPeriphDriver_softfp.a(i2c_reva.o)
                0x100012ac                MXC_I2C_RevA_ClearRXFIFO
 .text.MXC_I2C_RevA_ClearTXFIFO
                0x100012bc       0x10 C:/new_sdk/msdk/Libraries/PeriphDrivers/bin/MAX78000/softfp/libPeriphDriver_softfp.a(i2c_reva.o)
                0x100012bc                MXC_I2C_RevA_ClearTXFIFO
 .text.MXC_I2C_RevA_ClearFlags
                0x100012cc        0x8 C:/new_sdk/msdk/Libraries/PeriphDrivers/bin/MAX78000/softfp/libPeriphDriver_softfp.a(i2c_reva.o)
                0x100012cc                MXC_I2C_RevA_ClearFlags
 .text.MXC_I2C_RevA_Recover
                0x100012d4       0xd8 C:/new_sdk/msdk/Libraries/PeriphDrivers/bin/MAX78000/softfp/libPeriphDriver_softfp.a(i2c_reva.o)
                0x100012d4                MXC_I2C_RevA_Recover
 .text.MXC_I2C_RevA_SlaveTransactionAsync
                0x100013ac       0x88 C:/new_sdk/msdk/Libraries/PeriphDrivers/bin/MAX78000/softfp/libPeriphDriver_softfp.a(i2c_reva.o)
                0x100013ac                MXC_I2C_RevA_SlaveTransactionAsync
 .text.MXC_I2C_RevA_SetRXThreshold
                0x10001434       0x20 C:/new_sdk/msdk/Libraries/PeriphDrivers/bin/MAX78000/softfp/libPeriphDriver_softfp.a(i2c_reva.o)
                0x10001434                MXC_I2C_RevA_SetRXThreshold
 .text.MXC_I2C_RevA_SetTXThreshold
                0x10001454       0x24 C:/new_sdk/msdk/Libraries/PeriphDrivers/bin/MAX78000/softfp/libPeriphDriver_softfp.a(i2c_reva.o)
                0x10001454                MXC_I2C_RevA_SetTXThreshold
 .text.MXC_I2C_RevA_MasterAsyncHandler
                0x10001478      0x34c C:/new_sdk/msdk/Libraries/PeriphDrivers/bin/MAX78000/softfp/libPeriphDriver_softfp.a(i2c_reva.o)
                0x10001478                MXC_I2C_RevA_MasterAsyncHandler
 .text.MXC_I2C_RevA_SlaveAsyncHandler
                0x100017c4      0x298 C:/new_sdk/msdk/Libraries/PeriphDrivers/bin/MAX78000/softfp/libPeriphDriver_softfp.a(i2c_reva.o)
                0x100017c4                MXC_I2C_RevA_SlaveAsyncHandler
 .text.MXC_I2C_RevA_AsyncHandler
                0x10001a5c       0x68 C:/new_sdk/msdk/Libraries/PeriphDrivers/bin/MAX78000/softfp/libPeriphDriver_softfp.a(i2c_reva.o)
                0x10001a5c                MXC_I2C_RevA_AsyncHandler
 .text.MXC_ICC_Enable
                0x10001ac4        0x4 C:/new_sdk/msdk/Libraries/PeriphDrivers/bin/MAX78000/softfp/libPeriphDriver_softfp.a(icc_me17.o)
                0x10001ac4                MXC_ICC_Enable
 .text.MXC_ICC_RevA_Enable
                0x10001ac8       0x30 C:/new_sdk/msdk/Libraries/PeriphDrivers/bin/MAX78000/softfp/libPeriphDriver_softfp.a(icc_reva.o)
                0x10001ac8                MXC_ICC_RevA_Enable
 .text.MXC_UART_Shutdown
                0x10001af8       0x70 C:/new_sdk/msdk/Libraries/PeriphDrivers/bin/MAX78000/softfp/libPeriphDriver_softfp.a(uart_ai85.o)
                0x10001af8                MXC_UART_Shutdown
 .text.MXC_UART_Init
                0x10001b68       0xb8 C:/new_sdk/msdk/Libraries/PeriphDrivers/bin/MAX78000/softfp/libPeriphDriver_softfp.a(uart_ai85.o)
                0x10001b68                MXC_UART_Init
 .text.MXC_UART_SetFrequency
                0x10001c20       0xcc C:/new_sdk/msdk/Libraries/PeriphDrivers/bin/MAX78000/softfp/libPeriphDriver_softfp.a(uart_ai85.o)
                0x10001c20                MXC_UART_SetFrequency
 .text.MXC_UART_GetFrequency
                0x10001cec       0x54 C:/new_sdk/msdk/Libraries/PeriphDrivers/bin/MAX78000/softfp/libPeriphDriver_softfp.a(uart_ai85.o)
                0x10001cec                MXC_UART_GetFrequency
 .text.MXC_UART_SetDataSize
                0x10001d40        0x4 C:/new_sdk/msdk/Libraries/PeriphDrivers/bin/MAX78000/softfp/libPeriphDriver_softfp.a(uart_ai85.o)
                0x10001d40                MXC_UART_SetDataSize
 .text.MXC_UART_SetStopBits
                0x10001d44        0x4 C:/new_sdk/msdk/Libraries/PeriphDrivers/bin/MAX78000/softfp/libPeriphDriver_softfp.a(uart_ai85.o)
                0x10001d44                MXC_UART_SetStopBits
 .text.MXC_UART_SetParity
                0x10001d48        0x4 C:/new_sdk/msdk/Libraries/PeriphDrivers/bin/MAX78000/softfp/libPeriphDriver_softfp.a(uart_ai85.o)
                0x10001d48                MXC_UART_SetParity
 .text.MXC_UART_ReadCharacterRaw
                0x10001d4c        0x4 C:/new_sdk/msdk/Libraries/PeriphDrivers/bin/MAX78000/softfp/libPeriphDriver_softfp.a(uart_ai85.o)
                0x10001d4c                MXC_UART_ReadCharacterRaw
 .text.MXC_UART_WriteCharacterRaw
                0x10001d50        0x4 C:/new_sdk/msdk/Libraries/PeriphDrivers/bin/MAX78000/softfp/libPeriphDriver_softfp.a(uart_ai85.o)
                0x10001d50                MXC_UART_WriteCharacterRaw
 .text.MXC_UART_ReadCharacter
                0x10001d54        0x4 C:/new_sdk/msdk/Libraries/PeriphDrivers/bin/MAX78000/softfp/libPeriphDriver_softfp.a(uart_ai85.o)
                0x10001d54                MXC_UART_ReadCharacter
 .text.MXC_UART_WriteCharacter
                0x10001d58        0x4 C:/new_sdk/msdk/Libraries/PeriphDrivers/bin/MAX78000/softfp/libPeriphDriver_softfp.a(uart_ai85.o)
                0x10001d58                MXC_UART_WriteCharacter
 .text.MXC_UART_GetRXFIFOAvailable
                0x10001d5c        0x4 C:/new_sdk/msdk/Libraries/PeriphDrivers/bin/MAX78000/softfp/libPeriphDriver_softfp.a(uart_ai85.o)
                0x10001d5c                MXC_UART_GetRXFIFOAvailable
 .text.MXC_UART_GetTXFIFOAvailable
                0x10001d60        0x4 C:/new_sdk/msdk/Libraries/PeriphDrivers/bin/MAX78000/softfp/libPeriphDriver_softfp.a(uart_ai85.o)
                0x10001d60                MXC_UART_GetTXFIFOAvailable
 .text.MXC_UART_SetRXThreshold
                0x10001d64        0x4 C:/new_sdk/msdk/Libraries/PeriphDrivers/bin/MAX78000/softfp/libPeriphDriver_softfp.a(uart_ai85.o)
                0x10001d64                MXC_UART_SetRXThreshold
 .text.MXC_UART_Common_ReadCharacter
                0x10001d68       0x18 C:/new_sdk/msdk/Libraries/PeriphDrivers/bin/MAX78000/softfp/libPeriphDriver_softfp.a(uart_common.o)
                0x10001d68                MXC_UART_Common_ReadCharacter
 .text.MXC_UART_Common_WriteCharacter
                0x10001d80       0x1c C:/new_sdk/msdk/Libraries/PeriphDrivers/bin/MAX78000/softfp/libPeriphDriver_softfp.a(uart_common.o)
                0x10001d80                MXC_UART_Common_WriteCharacter
 .text.MXC_UART_RevB_Init
                0x10001d9c       0x70 C:/new_sdk/msdk/Libraries/PeriphDrivers/bin/MAX78000/softfp/libPeriphDriver_softfp.a(uart_revb.o)
                0x10001d9c                MXC_UART_RevB_Init
 .text.MXC_UART_RevB_SetFrequency
                0x10001e0c       0x9c C:/new_sdk/msdk/Libraries/PeriphDrivers/bin/MAX78000/softfp/libPeriphDriver_softfp.a(uart_revb.o)
                0x10001e0c                MXC_UART_RevB_SetFrequency
 .text.MXC_UART_RevB_GetFrequency
                0x10001ea8       0x7c C:/new_sdk/msdk/Libraries/PeriphDrivers/bin/MAX78000/softfp/libPeriphDriver_softfp.a(uart_revb.o)
                0x10001ea8                MXC_UART_RevB_GetFrequency
 .text.MXC_UART_RevB_SetDataSize
                0x10001f24       0x40 C:/new_sdk/msdk/Libraries/PeriphDrivers/bin/MAX78000/softfp/libPeriphDriver_softfp.a(uart_revb.o)
                0x10001f24                MXC_UART_RevB_SetDataSize
 .text.MXC_UART_RevB_SetStopBits
                0x10001f64       0x4c C:/new_sdk/msdk/Libraries/PeriphDrivers/bin/MAX78000/softfp/libPeriphDriver_softfp.a(uart_revb.o)
                0x10001f64                MXC_UART_RevB_SetStopBits
 .text.MXC_UART_RevB_SetParity
                0x10001fb0       0xb4 C:/new_sdk/msdk/Libraries/PeriphDrivers/bin/MAX78000/softfp/libPeriphDriver_softfp.a(uart_revb.o)
                0x10001fb0                MXC_UART_RevB_SetParity
 .text.MXC_UART_RevB_ReadCharacterRaw
                0x10002064       0x38 C:/new_sdk/msdk/Libraries/PeriphDrivers/bin/MAX78000/softfp/libPeriphDriver_softfp.a(uart_revb.o)
                0x10002064                MXC_UART_RevB_ReadCharacterRaw
 .text.MXC_UART_RevB_WriteCharacterRaw
                0x1000209c       0x3c C:/new_sdk/msdk/Libraries/PeriphDrivers/bin/MAX78000/softfp/libPeriphDriver_softfp.a(uart_revb.o)
                0x1000209c                MXC_UART_RevB_WriteCharacterRaw
 .text.MXC_UART_RevB_GetRXFIFOAvailable
                0x100020d8        0x8 C:/new_sdk/msdk/Libraries/PeriphDrivers/bin/MAX78000/softfp/libPeriphDriver_softfp.a(uart_revb.o)
                0x100020d8                MXC_UART_RevB_GetRXFIFOAvailable
 .text.MXC_UART_RevB_GetTXFIFOAvailable
                0x100020e0        0xc C:/new_sdk/msdk/Libraries/PeriphDrivers/bin/MAX78000/softfp/libPeriphDriver_softfp.a(uart_revb.o)
                0x100020e0                MXC_UART_RevB_GetTXFIFOAvailable
 .text.MXC_UART_RevB_SetRXThreshold
                0x100020ec       0x40 C:/new_sdk/msdk/Libraries/PeriphDrivers/bin/MAX78000/softfp/libPeriphDriver_softfp.a(uart_revb.o)
                0x100020ec                MXC_UART_RevB_SetRXThreshold
 .text.MXC_GPIO_Common_Init
                0x1000212c       0x24 C:/new_sdk/msdk/Libraries/PeriphDrivers/bin/MAX78000/softfp/libPeriphDriver_softfp.a(gpio_common.o)
                0x1000212c                MXC_GPIO_Common_Init
 .text.MXC_GPIO_Common_Handler
                0x10002150       0x88 C:/new_sdk/msdk/Libraries/PeriphDrivers/bin/MAX78000/softfp/libPeriphDriver_softfp.a(gpio_common.o)
                0x10002150                MXC_GPIO_Common_Handler
 .text.__errno  0x100021d8        0xc c:/new_sdk/msdk/tools/gnutools/10.3/bin/../lib/gcc/arm-none-eabi/10.3.1/../../../../arm-none-eabi/lib/thumb/v7e-m+fp/softfp\libc.a(lib_a-errno.o)
                0x100021d8                __errno
 .text.__libc_init_array
                0x100021e4       0x48 c:/new_sdk/msdk/tools/gnutools/10.3/bin/../lib/gcc/arm-none-eabi/10.3.1/../../../../arm-none-eabi/lib/thumb/v7e-m+fp/softfp\libc.a(lib_a-init.o)
                0x100021e4                __libc_init_array
 .text._malloc_r
                0x1000222c      0x560 c:/new_sdk/msdk/tools/gnutools/10.3/bin/../lib/gcc/arm-none-eabi/10.3.1/../../../../arm-none-eabi/lib/thumb/v7e-m+fp/softfp\libc.a(lib_a-mallocr.o)
                0x1000222c                _malloc_r
 .text          0x1000278c      0x134 c:/new_sdk/msdk/tools/gnutools/10.3/bin/../lib/gcc/arm-none-eabi/10.3.1/../../../../arm-none-eabi/lib/thumb/v7e-m+fp/softfp\libc.a(lib_a-memcpy.o)
                0x1000278c                memcpy
 .text.memset   0x100028c0       0xa4 c:/new_sdk/msdk/tools/gnutools/10.3/bin/../lib/gcc/arm-none-eabi/10.3.1/../../../../arm-none-eabi/lib/thumb/v7e-m+fp/softfp\libc.a(lib_a-memset.o)
                0x100028c0                memset
 .text.__malloc_lock
                0x10002964        0xc c:/new_sdk/msdk/tools/gnutools/10.3/bin/../lib/gcc/arm-none-eabi/10.3.1/../../../../arm-none-eabi/lib/thumb/v7e-m+fp/softfp\libc.a(lib_a-mlock.o)
                0x10002964                __malloc_lock
 .text.__malloc_unlock
                0x10002970        0xc c:/new_sdk/msdk/tools/gnutools/10.3/bin/../lib/gcc/arm-none-eabi/10.3.1/../../../../arm-none-eabi/lib/thumb/v7e-m+fp/softfp\libc.a(lib_a-mlock.o)
                0x10002970                __malloc_unlock
 .text.printf   0x1000297c       0x28 c:/new_sdk/msdk/tools/gnutools/10.3/bin/../lib/gcc/arm-none-eabi/10.3.1/../../../../arm-none-eabi/lib/thumb/v7e-m+fp/softfp\libc.a(lib_a-printf.o)
                0x1000297c                printf
 .text._puts_r  0x100029a4       0x9c c:/new_sdk/msdk/tools/gnutools/10.3/bin/../lib/gcc/arm-none-eabi/10.3.1/../../../../arm-none-eabi/lib/thumb/v7e-m+fp/softfp\libc.a(lib_a-puts.o)
                0x100029a4                _puts_r
 .text.puts     0x10002a40       0x10 c:/new_sdk/msdk/tools/gnutools/10.3/bin/../lib/gcc/arm-none-eabi/10.3.1/../../../../arm-none-eabi/lib/thumb/v7e-m+fp/softfp\libc.a(lib_a-puts.o)
                0x10002a40                puts
 .text._sbrk_r  0x10002a50       0x24 c:/new_sdk/msdk/tools/gnutools/10.3/bin/../lib/gcc/arm-none-eabi/10.3.1/../../../../arm-none-eabi/lib/thumb/v7e-m+fp/softfp\libc.a(lib_a-sbrkr.o)
                0x10002a50                _sbrk_r
 *fill*         0x10002a74        0xc 
 .text          0x10002a80       0xdc c:/new_sdk/msdk/tools/gnutools/10.3/bin/../lib/gcc/arm-none-eabi/10.3.1/../../../../arm-none-eabi/lib/thumb/v7e-m+fp/softfp\libc.a(lib_a-strlen.o)
                0x10002a80                strlen
 *fill*         0x10002b5c        0x4 
 .text._vfprintf_r
                0x10002b60     0x1b8c c:/new_sdk/msdk/tools/gnutools/10.3/bin/../lib/gcc/arm-none-eabi/10.3.1/../../../../arm-none-eabi/lib/thumb/v7e-m+fp/softfp\libc.a(lib_a-vfprintf.o)
                0x10002b60                _vfprintf_r
 .text.__sbprintf
                0x100046ec       0x80 c:/new_sdk/msdk/tools/gnutools/10.3/bin/../lib/gcc/arm-none-eabi/10.3.1/../../../../arm-none-eabi/lib/thumb/v7e-m+fp/softfp\libc.a(lib_a-vfprintf.o)
 .text.__swsetup_r
                0x1000476c       0xd4 c:/new_sdk/msdk/tools/gnutools/10.3/bin/../lib/gcc/arm-none-eabi/10.3.1/../../../../arm-none-eabi/lib/thumb/v7e-m+fp/softfp\libc.a(lib_a-wsetup.o)
                0x1000476c                __swsetup_r
 .text.startup.register_fini
                0x10004840       0x14 c:/new_sdk/msdk/tools/gnutools/10.3/bin/../lib/gcc/arm-none-eabi/10.3.1/../../../../arm-none-eabi/lib/thumb/v7e-m+fp/softfp\libc.a(lib_a-__call_atexit.o)
 .text.atexit   0x10004854        0xc c:/new_sdk/msdk/tools/gnutools/10.3/bin/../lib/gcc/arm-none-eabi/10.3.1/../../../../arm-none-eabi/lib/thumb/v7e-m+fp/softfp\libc.a(lib_a-atexit.o)
                0x10004854                atexit
 .text.quorem   0x10004860      0x128 c:/new_sdk/msdk/tools/gnutools/10.3/bin/../lib/gcc/arm-none-eabi/10.3.1/../../../../arm-none-eabi/lib/thumb/v7e-m+fp/softfp\libc.a(lib_a-dtoa.o)
 .text._dtoa_r  0x10004988      0xf34 c:/new_sdk/msdk/tools/gnutools/10.3/bin/../lib/gcc/arm-none-eabi/10.3.1/../../../../arm-none-eabi/lib/thumb/v7e-m+fp/softfp\libc.a(lib_a-dtoa.o)
                0x10004988                _dtoa_r
 .text.__sflush_r
                0x100058bc      0x130 c:/new_sdk/msdk/tools/gnutools/10.3/bin/../lib/gcc/arm-none-eabi/10.3.1/../../../../arm-none-eabi/lib/thumb/v7e-m+fp/softfp\libc.a(lib_a-fflush.o)
                0x100058bc                __sflush_r
 .text._fflush_r
                0x100059ec       0x5c c:/new_sdk/msdk/tools/gnutools/10.3/bin/../lib/gcc/arm-none-eabi/10.3.1/../../../../arm-none-eabi/lib/thumb/v7e-m+fp/softfp\libc.a(lib_a-fflush.o)
                0x100059ec                _fflush_r
 .text._cleanup_r
                0x10005a48        0xc c:/new_sdk/msdk/tools/gnutools/10.3/bin/../lib/gcc/arm-none-eabi/10.3.1/../../../../arm-none-eabi/lib/thumb/v7e-m+fp/softfp\libc.a(lib_a-findfp.o)
                0x10005a48                _cleanup_r
 .text.__sinit  0x10005a54      0x10c c:/new_sdk/msdk/tools/gnutools/10.3/bin/../lib/gcc/arm-none-eabi/10.3.1/../../../../arm-none-eabi/lib/thumb/v7e-m+fp/softfp\libc.a(lib_a-findfp.o)
                0x10005a54                __sinit
 .text.__sfp_lock_acquire
                0x10005b60        0xc c:/new_sdk/msdk/tools/gnutools/10.3/bin/../lib/gcc/arm-none-eabi/10.3.1/../../../../arm-none-eabi/lib/thumb/v7e-m+fp/softfp\libc.a(lib_a-findfp.o)
                0x10005b60                __sfp_lock_acquire
 .text.__sfp_lock_release
                0x10005b6c        0xc c:/new_sdk/msdk/tools/gnutools/10.3/bin/../lib/gcc/arm-none-eabi/10.3.1/../../../../arm-none-eabi/lib/thumb/v7e-m+fp/softfp\libc.a(lib_a-findfp.o)
                0x10005b6c                __sfp_lock_release
 .text.__libc_fini_array
                0x10005b78       0x2c c:/new_sdk/msdk/tools/gnutools/10.3/bin/../lib/gcc/arm-none-eabi/10.3.1/../../../../arm-none-eabi/lib/thumb/v7e-m+fp/softfp\libc.a(lib_a-fini.o)
                0x10005b78                __libc_fini_array
 .text._malloc_trim_r
                0x10005ba4       0xa0 c:/new_sdk/msdk/tools/gnutools/10.3/bin/../lib/gcc/arm-none-eabi/10.3.1/../../../../arm-none-eabi/lib/thumb/v7e-m+fp/softfp\libc.a(lib_a-freer.o)
                0x10005ba4                _malloc_trim_r
 .text._free_r  0x10005c44      0x20c c:/new_sdk/msdk/tools/gnutools/10.3/bin/../lib/gcc/arm-none-eabi/10.3.1/../../../../arm-none-eabi/lib/thumb/v7e-m+fp/softfp\libc.a(lib_a-freer.o)
                0x10005c44                _free_r
 .text.__sfvwrite_r
                0x10005e50      0x2f0 c:/new_sdk/msdk/tools/gnutools/10.3/bin/../lib/gcc/arm-none-eabi/10.3.1/../../../../arm-none-eabi/lib/thumb/v7e-m+fp/softfp\libc.a(lib_a-fvwrite.o)
                0x10005e50                __sfvwrite_r
 .text._fwalk_reent
                0x10006140       0x48 c:/new_sdk/msdk/tools/gnutools/10.3/bin/../lib/gcc/arm-none-eabi/10.3.1/../../../../arm-none-eabi/lib/thumb/v7e-m+fp/softfp\libc.a(lib_a-fwalk.o)
                0x10006140                _fwalk_reent
 .text._localeconv_r
                0x10006188        0x8 c:/new_sdk/msdk/tools/gnutools/10.3/bin/../lib/gcc/arm-none-eabi/10.3.1/../../../../arm-none-eabi/lib/thumb/v7e-m+fp/softfp\libc.a(lib_a-localeconv.o)
                0x10006188                _localeconv_r
 .text.__retarget_lock_init_recursive
                0x10006190        0x4 c:/new_sdk/msdk/tools/gnutools/10.3/bin/../lib/gcc/arm-none-eabi/10.3.1/../../../../arm-none-eabi/lib/thumb/v7e-m+fp/softfp\libc.a(lib_a-lock.o)
                0x10006190                __retarget_lock_init_recursive
 .text.__retarget_lock_close_recursive
                0x10006194        0x4 c:/new_sdk/msdk/tools/gnutools/10.3/bin/../lib/gcc/arm-none-eabi/10.3.1/../../../../arm-none-eabi/lib/thumb/v7e-m+fp/softfp\libc.a(lib_a-lock.o)
                0x10006194                __retarget_lock_close_recursive
 .text.__retarget_lock_acquire_recursive
                0x10006198        0x4 c:/new_sdk/msdk/tools/gnutools/10.3/bin/../lib/gcc/arm-none-eabi/10.3.1/../../../../arm-none-eabi/lib/thumb/v7e-m+fp/softfp\libc.a(lib_a-lock.o)
                0x10006198                __retarget_lock_acquire_recursive
 .text.__retarget_lock_release_recursive
                0x1000619c        0x4 c:/new_sdk/msdk/tools/gnutools/10.3/bin/../lib/gcc/arm-none-eabi/10.3.1/../../../../arm-none-eabi/lib/thumb/v7e-m+fp/softfp\libc.a(lib_a-lock.o)
                0x1000619c                __retarget_lock_release_recursive
 .text.__smakebuf_r
                0x100061a0       0xe0 c:/new_sdk/msdk/tools/gnutools/10.3/bin/../lib/gcc/arm-none-eabi/10.3.1/../../../../arm-none-eabi/lib/thumb/v7e-m+fp/softfp\libc.a(lib_a-makebuf.o)
                0x100061a0                __smakebuf_r
 .text          0x10006280       0xa0 c:/new_sdk/msdk/tools/gnutools/10.3/bin/../lib/gcc/arm-none-eabi/10.3.1/../../../../arm-none-eabi/lib/thumb/v7e-m+fp/softfp\libc.a(lib_a-memchr.o)
                0x10006280                memchr
 .text.memmove  0x10006320       0xf8 c:/new_sdk/msdk/tools/gnutools/10.3/bin/../lib/gcc/arm-none-eabi/10.3.1/../../../../arm-none-eabi/lib/thumb/v7e-m+fp/softfp\libc.a(lib_a-memmove.o)
                0x10006320                memmove
 .text._Balloc  0x10006418       0x4c c:/new_sdk/msdk/tools/gnutools/10.3/bin/../lib/gcc/arm-none-eabi/10.3.1/../../../../arm-none-eabi/lib/thumb/v7e-m+fp/softfp\libc.a(lib_a-mprec.o)
                0x10006418                _Balloc
 .text._Bfree   0x10006464       0x14 c:/new_sdk/msdk/tools/gnutools/10.3/bin/../lib/gcc/arm-none-eabi/10.3.1/../../../../arm-none-eabi/lib/thumb/v7e-m+fp/softfp\libc.a(lib_a-mprec.o)
                0x10006464                _Bfree
 .text.__multadd
                0x10006478       0xa8 c:/new_sdk/msdk/tools/gnutools/10.3/bin/../lib/gcc/arm-none-eabi/10.3.1/../../../../arm-none-eabi/lib/thumb/v7e-m+fp/softfp\libc.a(lib_a-mprec.o)
                0x10006478                __multadd
 .text.__hi0bits
                0x10006520       0x40 c:/new_sdk/msdk/tools/gnutools/10.3/bin/../lib/gcc/arm-none-eabi/10.3.1/../../../../arm-none-eabi/lib/thumb/v7e-m+fp/softfp\libc.a(lib_a-mprec.o)
                0x10006520                __hi0bits
 .text.__lo0bits
                0x10006560       0x60 c:/new_sdk/msdk/tools/gnutools/10.3/bin/../lib/gcc/arm-none-eabi/10.3.1/../../../../arm-none-eabi/lib/thumb/v7e-m+fp/softfp\libc.a(lib_a-mprec.o)
                0x10006560                __lo0bits
 .text.__i2b    0x100065c0       0x5c c:/new_sdk/msdk/tools/gnutools/10.3/bin/../lib/gcc/arm-none-eabi/10.3.1/../../../../arm-none-eabi/lib/thumb/v7e-m+fp/softfp\libc.a(lib_a-mprec.o)
                0x100065c0                __i2b
 .text.__multiply
                0x1000661c      0x15c c:/new_sdk/msdk/tools/gnutools/10.3/bin/../lib/gcc/arm-none-eabi/10.3.1/../../../../arm-none-eabi/lib/thumb/v7e-m+fp/softfp\libc.a(lib_a-mprec.o)
                0x1000661c                __multiply
 .text.__pow5mult
                0x10006778       0xc0 c:/new_sdk/msdk/tools/gnutools/10.3/bin/../lib/gcc/arm-none-eabi/10.3.1/../../../../arm-none-eabi/lib/thumb/v7e-m+fp/softfp\libc.a(lib_a-mprec.o)
                0x10006778                __pow5mult
 .text.__lshift
                0x10006838       0xf0 c:/new_sdk/msdk/tools/gnutools/10.3/bin/../lib/gcc/arm-none-eabi/10.3.1/../../../../arm-none-eabi/lib/thumb/v7e-m+fp/softfp\libc.a(lib_a-mprec.o)
                0x10006838                __lshift
 .text.__mcmp   0x10006928       0x44 c:/new_sdk/msdk/tools/gnutools/10.3/bin/../lib/gcc/arm-none-eabi/10.3.1/../../../../arm-none-eabi/lib/thumb/v7e-m+fp/softfp\libc.a(lib_a-mprec.o)
                0x10006928                __mcmp
 .text.__mdiff  0x1000696c      0x14c c:/new_sdk/msdk/tools/gnutools/10.3/bin/../lib/gcc/arm-none-eabi/10.3.1/../../../../arm-none-eabi/lib/thumb/v7e-m+fp/softfp\libc.a(lib_a-mprec.o)
                0x1000696c                __mdiff
 .text.__d2b    0x10006ab8       0xc4 c:/new_sdk/msdk/tools/gnutools/10.3/bin/../lib/gcc/arm-none-eabi/10.3.1/../../../../arm-none-eabi/lib/thumb/v7e-m+fp/softfp\libc.a(lib_a-mprec.o)
                0x10006ab8                __d2b
 .text._realloc_r
                0x10006b7c      0x3d8 c:/new_sdk/msdk/tools/gnutools/10.3/bin/../lib/gcc/arm-none-eabi/10.3.1/../../../../arm-none-eabi/lib/thumb/v7e-m+fp/softfp\libc.a(lib_a-reallocr.o)
                0x10006b7c                _realloc_r
 .text.frexp    0x10006f54       0x70 c:/new_sdk/msdk/tools/gnutools/10.3/bin/../lib/gcc/arm-none-eabi/10.3.1/../../../../arm-none-eabi/lib/thumb/v7e-m+fp/softfp\libc.a(lib_a-s_frexp.o)
                0x10006f54                frexp
 .text.__sread  0x10006fc4       0x24 c:/new_sdk/msdk/tools/gnutools/10.3/bin/../lib/gcc/arm-none-eabi/10.3.1/../../../../arm-none-eabi/lib/thumb/v7e-m+fp/softfp\libc.a(lib_a-stdio.o)
                0x10006fc4                __sread
 .text.__swrite
                0x10006fe8       0x40 c:/new_sdk/msdk/tools/gnutools/10.3/bin/../lib/gcc/arm-none-eabi/10.3.1/../../../../arm-none-eabi/lib/thumb/v7e-m+fp/softfp\libc.a(lib_a-stdio.o)
                0x10006fe8                __swrite
 .text.__sseek  0x10007028       0x20 c:/new_sdk/msdk/tools/gnutools/10.3/bin/../lib/gcc/arm-none-eabi/10.3.1/../../../../arm-none-eabi/lib/thumb/v7e-m+fp/softfp\libc.a(lib_a-stdio.o)
                0x10007028                __sseek
 .text.__sclose
                0x10007048        0x8 c:/new_sdk/msdk/tools/gnutools/10.3/bin/../lib/gcc/arm-none-eabi/10.3.1/../../../../arm-none-eabi/lib/thumb/v7e-m+fp/softfp\libc.a(lib_a-stdio.o)
                0x10007048                __sclose
 .text.strncpy  0x10007050       0x64 c:/new_sdk/msdk/tools/gnutools/10.3/bin/../lib/gcc/arm-none-eabi/10.3.1/../../../../arm-none-eabi/lib/thumb/v7e-m+fp/softfp\libc.a(lib_a-strncpy.o)
                0x10007050                strncpy
 .text.__sprint_r.part.0
                0x100070b4       0x78 c:/new_sdk/msdk/tools/gnutools/10.3/bin/../lib/gcc/arm-none-eabi/10.3.1/../../../../arm-none-eabi/lib/thumb/v7e-m+fp/softfp\libc.a(lib_a-vfiprintf.o)
 .text.__sprint_r
                0x1000712c       0x18 c:/new_sdk/msdk/tools/gnutools/10.3/bin/../lib/gcc/arm-none-eabi/10.3.1/../../../../arm-none-eabi/lib/thumb/v7e-m+fp/softfp\libc.a(lib_a-vfiprintf.o)
                0x1000712c                __sprint_r
 .text._vfiprintf_r
                0x10007144      0xdfc c:/new_sdk/msdk/tools/gnutools/10.3/bin/../lib/gcc/arm-none-eabi/10.3.1/../../../../arm-none-eabi/lib/thumb/v7e-m+fp/softfp\libc.a(lib_a-vfiprintf.o)
                0x10007144                _vfiprintf_r
 .text.__sbprintf
                0x10007f40       0x80 c:/new_sdk/msdk/tools/gnutools/10.3/bin/../lib/gcc/arm-none-eabi/10.3.1/../../../../arm-none-eabi/lib/thumb/v7e-m+fp/softfp\libc.a(lib_a-vfiprintf.o)
 .text._write_r
                0x10007fc0       0x2c c:/new_sdk/msdk/tools/gnutools/10.3/bin/../lib/gcc/arm-none-eabi/10.3.1/../../../../arm-none-eabi/lib/thumb/v7e-m+fp/softfp\libc.a(lib_a-writer.o)
                0x10007fc0                _write_r
 .text.__register_exitproc
                0x10007fec       0x8c c:/new_sdk/msdk/tools/gnutools/10.3/bin/../lib/gcc/arm-none-eabi/10.3.1/../../../../arm-none-eabi/lib/thumb/v7e-m+fp/softfp\libc.a(lib_a-__atexit.o)
                0x10007fec                __register_exitproc
 .text.__assert_func
                0x10008078       0x40 c:/new_sdk/msdk/tools/gnutools/10.3/bin/../lib/gcc/arm-none-eabi/10.3.1/../../../../arm-none-eabi/lib/thumb/v7e-m+fp/softfp\libc.a(lib_a-assert.o)
                0x10008078                __assert_func
 .text._calloc_r
                0x100080b8       0x78 c:/new_sdk/msdk/tools/gnutools/10.3/bin/../lib/gcc/arm-none-eabi/10.3.1/../../../../arm-none-eabi/lib/thumb/v7e-m+fp/softfp\libc.a(lib_a-callocr.o)
                0x100080b8                _calloc_r
 .text._close_r
                0x10008130       0x24 c:/new_sdk/msdk/tools/gnutools/10.3/bin/../lib/gcc/arm-none-eabi/10.3.1/../../../../arm-none-eabi/lib/thumb/v7e-m+fp/softfp\libc.a(lib_a-closer.o)
                0x10008130                _close_r
 .text._fclose_r
                0x10008154       0xcc c:/new_sdk/msdk/tools/gnutools/10.3/bin/../lib/gcc/arm-none-eabi/10.3.1/../../../../arm-none-eabi/lib/thumb/v7e-m+fp/softfp\libc.a(lib_a-fclose.o)
                0x10008154                _fclose_r
 .text.fiprintf
                0x10008220       0x28 c:/new_sdk/msdk/tools/gnutools/10.3/bin/../lib/gcc/arm-none-eabi/10.3.1/../../../../arm-none-eabi/lib/thumb/v7e-m+fp/softfp\libc.a(lib_a-fiprintf.o)
                0x10008220                fiprintf
 .text.__fputwc
                0x10008248       0xa8 c:/new_sdk/msdk/tools/gnutools/10.3/bin/../lib/gcc/arm-none-eabi/10.3.1/../../../../arm-none-eabi/lib/thumb/v7e-m+fp/softfp\libc.a(lib_a-fputwc.o)
                0x10008248                __fputwc
 .text._fputwc_r
                0x100082f0       0x68 c:/new_sdk/msdk/tools/gnutools/10.3/bin/../lib/gcc/arm-none-eabi/10.3.1/../../../../arm-none-eabi/lib/thumb/v7e-m+fp/softfp\libc.a(lib_a-fputwc.o)
                0x100082f0                _fputwc_r
 .text._fstat_r
                0x10008358       0x2c c:/new_sdk/msdk/tools/gnutools/10.3/bin/../lib/gcc/arm-none-eabi/10.3.1/../../../../arm-none-eabi/lib/thumb/v7e-m+fp/softfp\libc.a(lib_a-fstatr.o)
                0x10008358                _fstat_r
 .text._isatty_r
                0x10008384       0x24 c:/new_sdk/msdk/tools/gnutools/10.3/bin/../lib/gcc/arm-none-eabi/10.3.1/../../../../arm-none-eabi/lib/thumb/v7e-m+fp/softfp\libc.a(lib_a-isattyr.o)
                0x10008384                _isatty_r
 .text.__locale_mb_cur_max
                0x100083a8        0xc c:/new_sdk/msdk/tools/gnutools/10.3/bin/../lib/gcc/arm-none-eabi/10.3.1/../../../../arm-none-eabi/lib/thumb/v7e-m+fp/softfp\libc.a(lib_a-locale.o)
                0x100083a8                __locale_mb_cur_max
 .text._lseek_r
                0x100083b4       0x2c c:/new_sdk/msdk/tools/gnutools/10.3/bin/../lib/gcc/arm-none-eabi/10.3.1/../../../../arm-none-eabi/lib/thumb/v7e-m+fp/softfp\libc.a(lib_a-lseekr.o)
                0x100083b4                _lseek_r
 .text.__ascii_mbtowc
                0x100083e0       0x2c c:/new_sdk/msdk/tools/gnutools/10.3/bin/../lib/gcc/arm-none-eabi/10.3.1/../../../../arm-none-eabi/lib/thumb/v7e-m+fp/softfp\libc.a(lib_a-mbtowc_r.o)
                0x100083e0                __ascii_mbtowc
 .text._read_r  0x1000840c       0x2c c:/new_sdk/msdk/tools/gnutools/10.3/bin/../lib/gcc/arm-none-eabi/10.3.1/../../../../arm-none-eabi/lib/thumb/v7e-m+fp/softfp\libc.a(lib_a-readr.o)
                0x1000840c                _read_r
 .text.__swbuf_r
                0x10008438       0xb0 c:/new_sdk/msdk/tools/gnutools/10.3/bin/../lib/gcc/arm-none-eabi/10.3.1/../../../../arm-none-eabi/lib/thumb/v7e-m+fp/softfp\libc.a(lib_a-wbuf.o)
                0x10008438                __swbuf_r
 .text._wcrtomb_r
                0x100084e8       0x3c c:/new_sdk/msdk/tools/gnutools/10.3/bin/../lib/gcc/arm-none-eabi/10.3.1/../../../../arm-none-eabi/lib/thumb/v7e-m+fp/softfp\libc.a(lib_a-wcrtomb.o)
                0x100084e8                _wcrtomb_r
 .text.__ascii_wctomb
                0x10008524       0x1c c:/new_sdk/msdk/tools/gnutools/10.3/bin/../lib/gcc/arm-none-eabi/10.3.1/../../../../arm-none-eabi/lib/thumb/v7e-m+fp/softfp\libc.a(lib_a-wctomb_r.o)
                0x10008524                __ascii_wctomb
 .text.abort    0x10008540       0x10 c:/new_sdk/msdk/tools/gnutools/10.3/bin/../lib/gcc/arm-none-eabi/10.3.1/../../../../arm-none-eabi/lib/thumb/v7e-m+fp/softfp\libc.a(lib_a-abort.o)
                0x10008540                abort
 .text.raise    0x10008550       0x5c c:/new_sdk/msdk/tools/gnutools/10.3/bin/../lib/gcc/arm-none-eabi/10.3.1/../../../../arm-none-eabi/lib/thumb/v7e-m+fp/softfp\libc.a(lib_a-signal.o)
                0x10008550                raise
 .text._kill_r  0x100085ac       0x2c c:/new_sdk/msdk/tools/gnutools/10.3/bin/../lib/gcc/arm-none-eabi/10.3.1/../../../../arm-none-eabi/lib/thumb/v7e-m+fp/softfp\libc.a(lib_a-signalr.o)
                0x100085ac                _kill_r
 .text._getpid_r
                0x100085d8        0x4 c:/new_sdk/msdk/tools/gnutools/10.3/bin/../lib/gcc/arm-none-eabi/10.3.1/../../../../arm-none-eabi/lib/thumb/v7e-m+fp/softfp\libc.a(lib_a-signalr.o)
                0x100085d8                _getpid_r
 .text._getpid  0x100085dc       0x10 c:/new_sdk/msdk/tools/gnutools/10.3/bin/../lib/gcc/arm-none-eabi/10.3.1/../../../../arm-none-eabi/lib/thumb/v7e-m+fp/softfp\libnosys.a(getpid.o)
                0x100085dc                _getpid
 .text._kill    0x100085ec       0x10 c:/new_sdk/msdk/tools/gnutools/10.3/bin/../lib/gcc/arm-none-eabi/10.3.1/../../../../arm-none-eabi/lib/thumb/v7e-m+fp/softfp\libnosys.a(kill.o)
                0x100085ec                _kill
 .text._exit    0x100085fc        0x4 c:/new_sdk/msdk/tools/gnutools/10.3/bin/../lib/gcc/arm-none-eabi/10.3.1/../../../../arm-none-eabi/lib/thumb/v7e-m+fp/softfp\libnosys.a(_exit.o)
                0x100085fc                _exit
 .text          0x10008600      0x378 c:/new_sdk/msdk/tools/gnutools/10.3/bin/../lib/gcc/arm-none-eabi/10.3.1/thumb/v7e-m+fp/softfp\libgcc.a(_arm_addsubdf3.o)
                0x10008600                __aeabi_drsub
                0x10008608                __aeabi_dsub
                0x10008608                __subdf3
                0x1000860c                __aeabi_dadd
                0x1000860c                __adddf3
                0x10008884                __floatunsidf
                0x10008884                __aeabi_ui2d
                0x100088a4                __floatsidf
                0x100088a4                __aeabi_i2d
                0x100088c8                __aeabi_f2d
                0x100088c8                __extendsfdf2
                0x1000890c                __floatundidf
                0x1000890c                __aeabi_ul2d
                0x1000891c                __floatdidf
                0x1000891c                __aeabi_l2d
 .text          0x10008978      0x424 c:/new_sdk/msdk/tools/gnutools/10.3/bin/../lib/gcc/arm-none-eabi/10.3.1/thumb/v7e-m+fp/softfp\libgcc.a(_arm_muldivdf3.o)
                0x10008978                __aeabi_dmul
                0x10008978                __muldf3
                0x10008bcc                __divdf3
                0x10008bcc                __aeabi_ddiv
 .text          0x10008d9c      0x110 c:/new_sdk/msdk/tools/gnutools/10.3/bin/../lib/gcc/arm-none-eabi/10.3.1/thumb/v7e-m+fp/softfp\libgcc.a(_arm_cmpdf2.o)
                0x10008d9c                __gtdf2
                0x10008d9c                __gedf2
                0x10008da4                __ltdf2
                0x10008da4                __ledf2
                0x10008dac                __nedf2
                0x10008dac                __eqdf2
                0x10008dac                __cmpdf2
                0x10008e28                __aeabi_cdrcmple
                0x10008e38                __aeabi_cdcmpeq
                0x10008e38                __aeabi_cdcmple
                0x10008e48                __aeabi_dcmpeq
                0x10008e5c                __aeabi_dcmplt
                0x10008e70                __aeabi_dcmple
                0x10008e84                __aeabi_dcmpge
                0x10008e98                __aeabi_dcmpgt
 .text          0x10008eac       0x2c c:/new_sdk/msdk/tools/gnutools/10.3/bin/../lib/gcc/arm-none-eabi/10.3.1/thumb/v7e-m+fp/softfp\libgcc.a(_arm_unorddf2.o)
                0x10008eac                __unorddf2
                0x10008eac                __aeabi_dcmpun
 .text          0x10008ed8       0x50 c:/new_sdk/msdk/tools/gnutools/10.3/bin/../lib/gcc/arm-none-eabi/10.3.1/thumb/v7e-m+fp/softfp\libgcc.a(_arm_fixdfsi.o)
                0x10008ed8                __aeabi_d2iz
                0x10008ed8                __fixdfsi
 .text          0x10008f28       0x30 c:/new_sdk/msdk/tools/gnutools/10.3/bin/../lib/gcc/arm-none-eabi/10.3.1/thumb/v7e-m+fp/softfp\libgcc.a(_aeabi_uldivmod.o)
                0x10008f28                __aeabi_uldivmod
 .text          0x10008f58      0x2d0 c:/new_sdk/msdk/tools/gnutools/10.3/bin/../lib/gcc/arm-none-eabi/10.3.1/thumb/v7e-m+fp/softfp\libgcc.a(_udivmoddi4.o)
                0x10008f58                __udivmoddi4
 .text          0x10009228        0x4 c:/new_sdk/msdk/tools/gnutools/10.3/bin/../lib/gcc/arm-none-eabi/10.3.1/thumb/v7e-m+fp/softfp\libgcc.a(_dvmd_tls.o)
                0x10009228                __aeabi_idiv0
                0x10009228                __aeabi_ldiv0
 *(.rodata*)
 .rodata.slaveHandler.str1.4
                0x1000922c       0x43 c:/Code/pihat/PiHat_I2C/build/main.o
 *fill*         0x1000926f        0x1 
 .rodata.main.str1.4
                0x10009270       0x8e c:/Code/pihat/PiHat_I2C/build/main.o
 *fill*         0x100092fe        0x2 
 .rodata.mxc_assert.str1.4
                0x10009300       0x19 c:/Code/pihat/PiHat_I2C/build/board.o
 *fill*         0x10009319        0x3 
 .rodata.Board_Init.str1.4
                0x1000931c       0x49 c:/Code/pihat/PiHat_I2C/build/board.o
 *fill*         0x10009365        0x3 
 .rodata.led_pin
                0x10009368       0x24 c:/Code/pihat/PiHat_I2C/build/board.o
                0x10009368                led_pin
 .rodata.num_leds
                0x1000938c        0x4 c:/Code/pihat/PiHat_I2C/build/board.o
                0x1000938c                num_leds
 .rodata.num_pbs
                0x10009390        0x4 c:/Code/pihat/PiHat_I2C/build/board.o
                0x10009390                num_pbs
 .rodata.pb_pin
                0x10009394       0x18 c:/Code/pihat/PiHat_I2C/build/board.o
                0x10009394                pb_pin
 .rodata.gpio_cfg_extclk
                0x100093ac        0xc C:/new_sdk/msdk/Libraries/PeriphDrivers/bin/MAX78000/softfp/libPeriphDriver_softfp.a(pins_ai85.o)
                0x100093ac                gpio_cfg_extclk
 .rodata.gpio_cfg_i2c0
                0x100093b8        0xc C:/new_sdk/msdk/Libraries/PeriphDrivers/bin/MAX78000/softfp/libPeriphDriver_softfp.a(pins_ai85.o)
                0x100093b8                gpio_cfg_i2c0
 .rodata.gpio_cfg_i2c1
                0x100093c4        0xc C:/new_sdk/msdk/Libraries/PeriphDrivers/bin/MAX78000/softfp/libPeriphDriver_softfp.a(pins_ai85.o)
                0x100093c4                gpio_cfg_i2c1
 .rodata.gpio_cfg_i2c2
                0x100093d0        0xc C:/new_sdk/msdk/Libraries/PeriphDrivers/bin/MAX78000/softfp/libPeriphDriver_softfp.a(pins_ai85.o)
                0x100093d0                gpio_cfg_i2c2
 .rodata.gpio_cfg_uart0
                0x100093dc        0xc C:/new_sdk/msdk/Libraries/PeriphDrivers/bin/MAX78000/softfp/libPeriphDriver_softfp.a(pins_ai85.o)
                0x100093dc                gpio_cfg_uart0
 .rodata.gpio_cfg_uart1
                0x100093e8        0xc C:/new_sdk/msdk/Libraries/PeriphDrivers/bin/MAX78000/softfp/libPeriphDriver_softfp.a(pins_ai85.o)
                0x100093e8                gpio_cfg_uart1
 .rodata.gpio_cfg_uart2
                0x100093f4        0xc C:/new_sdk/msdk/Libraries/PeriphDrivers/bin/MAX78000/softfp/libPeriphDriver_softfp.a(pins_ai85.o)
                0x100093f4                gpio_cfg_uart2
 .rodata.gpio_cfg_uart3
                0x10009400        0xc C:/new_sdk/msdk/Libraries/PeriphDrivers/bin/MAX78000/softfp/libPeriphDriver_softfp.a(pins_ai85.o)
                0x10009400                gpio_cfg_uart3
 .rodata.MXC_GPIO_Common_Handler.str1.4
                0x1000940c       0x6a C:/new_sdk/msdk/Libraries/PeriphDrivers/bin/MAX78000/softfp/libPeriphDriver_softfp.a(gpio_common.o)
 *fill*         0x10009476        0x2 
 .rodata._global_impure_ptr
                0x10009478        0x4 c:/new_sdk/msdk/tools/gnutools/10.3/bin/../lib/gcc/arm-none-eabi/10.3.1/../../../../arm-none-eabi/lib/thumb/v7e-m+fp/softfp\libc.a(lib_a-impure.o)
                0x10009478                _global_impure_ptr
 .rodata._puts_r.str1.4
                0x1000947c       0x6a c:/new_sdk/msdk/tools/gnutools/10.3/bin/../lib/gcc/arm-none-eabi/10.3.1/../../../../arm-none-eabi/lib/thumb/v7e-m+fp/softfp\libc.a(lib_a-puts.o)
                                  0x2 (size before relaxing)
 .rodata._vfprintf_r.str1.4
                0x1000947c       0x42 c:/new_sdk/msdk/tools/gnutools/10.3/bin/../lib/gcc/arm-none-eabi/10.3.1/../../../../arm-none-eabi/lib/thumb/v7e-m+fp/softfp\libc.a(lib_a-vfprintf.o)
 *fill*         0x100094be        0x2 
 .rodata.blanks.1
                0x100094c0       0x10 c:/new_sdk/msdk/tools/gnutools/10.3/bin/../lib/gcc/arm-none-eabi/10.3.1/../../../../arm-none-eabi/lib/thumb/v7e-m+fp/softfp\libc.a(lib_a-vfprintf.o)
 .rodata.zeroes.0
                0x100094d0       0x10 c:/new_sdk/msdk/tools/gnutools/10.3/bin/../lib/gcc/arm-none-eabi/10.3.1/../../../../arm-none-eabi/lib/thumb/v7e-m+fp/softfp\libc.a(lib_a-vfprintf.o)
 .rodata._dtoa_r.str1.4
                0x100094e0       0xa2 c:/new_sdk/msdk/tools/gnutools/10.3/bin/../lib/gcc/arm-none-eabi/10.3.1/../../../../arm-none-eabi/lib/thumb/v7e-m+fp/softfp\libc.a(lib_a-dtoa.o)
                                 0xa6 (size before relaxing)
 *fill*         0x10009582        0x2 
 .rodata.__multadd.str1.4
                0x10009584       0x7f c:/new_sdk/msdk/tools/gnutools/10.3/bin/../lib/gcc/arm-none-eabi/10.3.1/../../../../arm-none-eabi/lib/thumb/v7e-m+fp/softfp\libc.a(lib_a-mprec.o)
                                 0x93 (size before relaxing)
 *fill*         0x10009603        0x5 
 .rodata.__mprec_bigtens
                0x10009608       0x28 c:/new_sdk/msdk/tools/gnutools/10.3/bin/../lib/gcc/arm-none-eabi/10.3.1/../../../../arm-none-eabi/lib/thumb/v7e-m+fp/softfp\libc.a(lib_a-mprec.o)
                0x10009608                __mprec_bigtens
 .rodata.__mprec_tens
                0x10009630       0xc8 c:/new_sdk/msdk/tools/gnutools/10.3/bin/../lib/gcc/arm-none-eabi/10.3.1/../../../../arm-none-eabi/lib/thumb/v7e-m+fp/softfp\libc.a(lib_a-mprec.o)
                0x10009630                __mprec_tens
 .rodata.p05.0  0x100096f8        0xc c:/new_sdk/msdk/tools/gnutools/10.3/bin/../lib/gcc/arm-none-eabi/10.3.1/../../../../arm-none-eabi/lib/thumb/v7e-m+fp/softfp\libc.a(lib_a-mprec.o)
 .rodata._vfiprintf_r.str1.4
                0x10009704       0x2f c:/new_sdk/msdk/tools/gnutools/10.3/bin/../lib/gcc/arm-none-eabi/10.3.1/../../../../arm-none-eabi/lib/thumb/v7e-m+fp/softfp\libc.a(lib_a-vfiprintf.o)
 .rodata.blanks.1
                0x10009704       0x10 c:/new_sdk/msdk/tools/gnutools/10.3/bin/../lib/gcc/arm-none-eabi/10.3.1/../../../../arm-none-eabi/lib/thumb/v7e-m+fp/softfp\libc.a(lib_a-vfiprintf.o)
 .rodata.zeroes.0
                0x10009714       0x10 c:/new_sdk/msdk/tools/gnutools/10.3/bin/../lib/gcc/arm-none-eabi/10.3.1/../../../../arm-none-eabi/lib/thumb/v7e-m+fp/softfp\libc.a(lib_a-vfiprintf.o)
 .rodata.__assert_func.str1.4
                0x10009724       0x3f c:/new_sdk/msdk/tools/gnutools/10.3/bin/../lib/gcc/arm-none-eabi/10.3.1/../../../../arm-none-eabi/lib/thumb/v7e-m+fp/softfp\libc.a(lib_a-assert.o)
                                 0x43 (size before relaxing)
 *fill*         0x10009763        0x1 
 .rodata._setlocale_r.str1.4
                0x10009764        0xa c:/new_sdk/msdk/tools/gnutools/10.3/bin/../lib/gcc/arm-none-eabi/10.3.1/../../../../arm-none-eabi/lib/thumb/v7e-m+fp/softfp\libc.a(lib_a-locale.o)
                                  0xd (size before relaxing)
 *fill*         0x1000976e        0x2 
 .rodata.str1.4
                0x10009770        0x2 c:/new_sdk/msdk/tools/gnutools/10.3/bin/../lib/gcc/arm-none-eabi/10.3.1/../../../../arm-none-eabi/lib/thumb/v7e-m+fp/softfp\libc.a(lib_a-locale.o)
 *fill*         0x10009772        0x2 
 .rodata._ctype_
                0x10009774      0x101 c:/new_sdk/msdk/tools/gnutools/10.3/bin/../lib/gcc/arm-none-eabi/10.3.1/../../../../arm-none-eabi/lib/thumb/v7e-m+fp/softfp\libc.a(lib_a-ctype_.o)
                0x10009774                _ctype_
 *(.init)
 *fill*         0x10009875        0x3 
 .init          0x10009878        0x4 c:/new_sdk/msdk/tools/gnutools/10.3/bin/../lib/gcc/arm-none-eabi/10.3.1/thumb/v7e-m+fp/softfp/crti.o
                0x10009878                _init
 .init          0x1000987c        0x8 c:/new_sdk/msdk/tools/gnutools/10.3/bin/../lib/gcc/arm-none-eabi/10.3.1/thumb/v7e-m+fp/softfp/crtn.o
 *(.fini)
 .fini          0x10009884        0x4 c:/new_sdk/msdk/tools/gnutools/10.3/bin/../lib/gcc/arm-none-eabi/10.3.1/thumb/v7e-m+fp/softfp/crti.o
                0x10009884                _fini
 .fini          0x10009888        0x8 c:/new_sdk/msdk/tools/gnutools/10.3/bin/../lib/gcc/arm-none-eabi/10.3.1/thumb/v7e-m+fp/softfp/crtn.o
 *crtbegin.o(.ctors)
 *crtbegin?.o(.ctors)
 *(EXCLUDE_FILE(*crtend.o *crtend?.o) .ctors)
 *(SORT_BY_NAME(.ctors.*))
 *(.ctors)
 *crtbegin.o(.dtors)
 *crtbegin?.o(.dtors)
 *(EXCLUDE_FILE(*crtend.o *crtend?.o) .dtors)
 *(SORT_BY_NAME(.dtors.*))
 *(.dtors)
 *(.eh_frame*)
 .eh_frame      0x10009890        0x0 c:/new_sdk/msdk/tools/gnutools/10.3/bin/../lib/gcc/arm-none-eabi/10.3.1/thumb/v7e-m+fp/softfp/crtbegin.o
 .eh_frame      0x10009890        0x4 c:/new_sdk/msdk/tools/gnutools/10.3/bin/../lib/gcc/arm-none-eabi/10.3.1/thumb/v7e-m+fp/softfp/crtend.o
                0x10009894                _etext = .

.glue_7         0x10009894        0x0
 .glue_7        0x10009894        0x0 linker stubs

.glue_7t        0x10009894        0x0
 .glue_7t       0x10009894        0x0 linker stubs

.vfp11_veneer   0x10009894        0x0
 .vfp11_veneer  0x10009894        0x0 linker stubs

.v4_bx          0x10009894        0x0
 .v4_bx         0x10009894        0x0 linker stubs

.iplt           0x10009894        0x0
 .iplt          0x10009894        0x0 c:/new_sdk/msdk/tools/gnutools/10.3/bin/../lib/gcc/arm-none-eabi/10.3.1/thumb/v7e-m+fp/softfp/crtbegin.o

.ARM.extab
 *(.ARM.extab* .gnu.linkonce.armextab.*)

.bin_storage    0x10009894        0x0
 FILL mask 0xff
                0x10009894                _bin_start_ = .
 *(.bin_storage_img)
                0x10009894                _bin_end_ = .
                0x10009894                . = ALIGN (0x4)

.rom_code       0x00000000        0x0
                0x00000000                . = ALIGN (0x10)
                0x20000000                _sran_code = .
 *(.rom_code_section)
                0x20000000                _esran_code = .

.flash_code     0x10009894        0xc
                0x100098a0                . = ALIGN (0x10)
 *fill*         0x10009894        0xc 
                0x20000000                _sran_code = .
 *(.flash_code_section)
                0x20000000                _esran_code = .

.sram_code      0x20000000        0x0
                0x20000000                . = ALIGN (0x10)
                0x20000000                _sran_code = .
 *(.sram_code_section)
                0x20000000                _esran_code = .

.ARM.exidx      0x100098a0        0x8
                0x100098a0                __exidx_start = .
 *(.ARM.exidx* .gnu.linkonce.armexidx.*)
 .ARM.exidx     0x100098a0        0x8 c:/new_sdk/msdk/tools/gnutools/10.3/bin/../lib/gcc/arm-none-eabi/10.3.1/thumb/v7e-m+fp/softfp\libgcc.a(_udivmoddi4.o)
                0x100098a8                __exidx_end = .

.rel.dyn        0x100098a8        0x0
 .rel.iplt      0x100098a8        0x0 c:/new_sdk/msdk/tools/gnutools/10.3/bin/../lib/gcc/arm-none-eabi/10.3.1/thumb/v7e-m+fp/softfp/crtbegin.o

.data           0x20000000      0x9c4 load address 0x100098a8
                0x20000000                _data = ALIGN (., 0x4)
 *(vtable)
 *(.data*)
 .data.ConsoleUart
                0x20000000        0x4 c:/Code/pihat/PiHat_I2C/build/board.o
                0x20000000                ConsoleUart
 .data.overflows
                0x20000004        0x4 C:/new_sdk/msdk/Libraries/PeriphDrivers/bin/MAX78000/softfp/libPeriphDriver_softfp.a(mxc_delay.o)
 .data.interruptCheck
                0x20000008        0x4 C:/new_sdk/msdk/Libraries/PeriphDrivers/bin/MAX78000/softfp/libPeriphDriver_softfp.a(i2c_me17.o)
                0x20000008                interruptCheck
 .data._impure_ptr
                0x2000000c        0x4 c:/new_sdk/msdk/tools/gnutools/10.3/bin/../lib/gcc/arm-none-eabi/10.3.1/../../../../arm-none-eabi/lib/thumb/v7e-m+fp/softfp\libc.a(lib_a-impure.o)
                0x2000000c                _impure_ptr
 .data.impure_data
                0x20000010      0x428 c:/new_sdk/msdk/tools/gnutools/10.3/bin/../lib/gcc/arm-none-eabi/10.3.1/../../../../arm-none-eabi/lib/thumb/v7e-m+fp/softfp\libc.a(lib_a-impure.o)
 .data.__malloc_av_
                0x20000438      0x408 c:/new_sdk/msdk/tools/gnutools/10.3/bin/../lib/gcc/arm-none-eabi/10.3.1/../../../../arm-none-eabi/lib/thumb/v7e-m+fp/softfp\libc.a(lib_a-mallocr.o)
                0x20000438                __malloc_av_
 .data.__malloc_sbrk_base
                0x20000840        0x4 c:/new_sdk/msdk/tools/gnutools/10.3/bin/../lib/gcc/arm-none-eabi/10.3.1/../../../../arm-none-eabi/lib/thumb/v7e-m+fp/softfp\libc.a(lib_a-mallocr.o)
                0x20000840                __malloc_sbrk_base
 .data.__malloc_trim_threshold
                0x20000844        0x4 c:/new_sdk/msdk/tools/gnutools/10.3/bin/../lib/gcc/arm-none-eabi/10.3.1/../../../../arm-none-eabi/lib/thumb/v7e-m+fp/softfp\libc.a(lib_a-mallocr.o)
                0x20000844                __malloc_trim_threshold
 .data.__atexit_recursive_mutex
                0x20000848        0x4 c:/new_sdk/msdk/tools/gnutools/10.3/bin/../lib/gcc/arm-none-eabi/10.3.1/../../../../arm-none-eabi/lib/thumb/v7e-m+fp/softfp\libc.a(lib_a-__call_atexit.o)
                0x20000848                __atexit_recursive_mutex
 .data.__global_locale
                0x2000084c      0x16c c:/new_sdk/msdk/tools/gnutools/10.3/bin/../lib/gcc/arm-none-eabi/10.3.1/../../../../arm-none-eabi/lib/thumb/v7e-m+fp/softfp\libc.a(lib_a-locale.o)
                0x2000084c                __global_locale
 *(.flashprog*)
                0x200009b8                . = ALIGN (0x4)
                0x200009b8                PROVIDE (__preinit_array_start = .)
 *(.preinit_array)
                0x200009b8                PROVIDE (__preinit_array_end = .)
                0x200009b8                . = ALIGN (0x4)
                0x200009b8                PROVIDE (__init_array_start = .)
 *(SORT_BY_NAME(.init_array.*))
 .init_array.00000
                0x200009b8        0x4 c:/new_sdk/msdk/tools/gnutools/10.3/bin/../lib/gcc/arm-none-eabi/10.3.1/../../../../arm-none-eabi/lib/thumb/v7e-m+fp/softfp\libc.a(lib_a-__call_atexit.o)
 *(.init_array)
 .init_array    0x200009bc        0x4 c:/new_sdk/msdk/tools/gnutools/10.3/bin/../lib/gcc/arm-none-eabi/10.3.1/thumb/v7e-m+fp/softfp/crtbegin.o
                0x200009c0                PROVIDE (__init_array_end = .)
                0x200009c0                . = ALIGN (0x4)
                0x200009c0                PROVIDE (__fini_array_start = .)
 *(SORT_BY_NAME(.fini_array.*))
 *(.fini_array)
 .fini_array    0x200009c0        0x4 c:/new_sdk/msdk/tools/gnutools/10.3/bin/../lib/gcc/arm-none-eabi/10.3.1/thumb/v7e-m+fp/softfp/crtbegin.o
                0x200009c4                PROVIDE (__fini_array_end = .)
                0x200009c4                _edata = ALIGN (., 0x4)
                0x100098a8                __load_data = LOADADDR (.data)

.igot.plt       0x200009c4        0x0 load address 0x1000a26c
 .igot.plt      0x200009c4        0x0 c:/new_sdk/msdk/tools/gnutools/10.3/bin/../lib/gcc/arm-none-eabi/10.3.1/thumb/v7e-m+fp/softfp/crtbegin.o

.bss            0x200009c4      0x5a8 load address 0x1000a26c
                0x200009c4                . = ALIGN (0x4)
                0x200009c4                _bss = .
 *(.bss*)
 .bss           0x200009c4       0x1c c:/new_sdk/msdk/tools/gnutools/10.3/bin/../lib/gcc/arm-none-eabi/10.3.1/thumb/v7e-m+fp/softfp/crtbegin.o
 .bss.Srxdata   0x200009e0       0x80 c:/Code/pihat/PiHat_I2C/build/main.o
                0x200009e0                Srxdata
 .bss.Stxdata   0x20000a60       0x34 c:/Code/pihat/PiHat_I2C/build/main.o
                0x20000a60                Stxdata
 .bss.packet_ready
                0x20000a94        0x1 c:/Code/pihat/PiHat_I2C/build/main.o
                0x20000a94                packet_ready
 *fill*         0x20000a95        0x3 
 .bss.rxnum     0x20000a98        0x4 c:/Code/pihat/PiHat_I2C/build/main.o
                0x20000a98                rxnum
 .bss.txcnt     0x20000a9c        0x4 c:/Code/pihat/PiHat_I2C/build/main.o
                0x20000a9c                txcnt
 .bss.txnum     0x20000aa0        0x4 c:/Code/pihat/PiHat_I2C/build/main.o
                0x20000aa0                txnum
 .bss.heap_end  0x20000aa4        0x4 c:/Code/pihat/PiHat_I2C/build/heap.o
 .bss.cbFunc    0x20000aa8        0x4 C:/new_sdk/msdk/Libraries/PeriphDrivers/bin/MAX78000/softfp/libPeriphDriver_softfp.a(mxc_delay.o)
 .bss.ctrl_save
                0x20000aac        0x4 C:/new_sdk/msdk/Libraries/PeriphDrivers/bin/MAX78000/softfp/libPeriphDriver_softfp.a(mxc_delay.o)
 .bss.endtick   0x20000ab0        0x4 C:/new_sdk/msdk/Libraries/PeriphDrivers/bin/MAX78000/softfp/libPeriphDriver_softfp.a(mxc_delay.o)
 .bss.AsyncRead
                0x20000ab4        0xc C:/new_sdk/msdk/Libraries/PeriphDrivers/bin/MAX78000/softfp/libPeriphDriver_softfp.a(i2c_reva.o)
                0x20000ab4                AsyncRead
 .bss.AsyncRequests
                0x20000ac0        0xc C:/new_sdk/msdk/Libraries/PeriphDrivers/bin/MAX78000/softfp/libPeriphDriver_softfp.a(i2c_reva.o)
                0x20000ac0                AsyncRequests
 .bss.AsyncWritten
                0x20000acc        0xc C:/new_sdk/msdk/Libraries/PeriphDrivers/bin/MAX78000/softfp/libPeriphDriver_softfp.a(i2c_reva.o)
                0x20000acc                AsyncWritten
 .bss.states    0x20000ad8       0x48 C:/new_sdk/msdk/Libraries/PeriphDrivers/bin/MAX78000/softfp/libPeriphDriver_softfp.a(i2c_reva.o)
 .bss.callback  0x20000b20      0x200 C:/new_sdk/msdk/Libraries/PeriphDrivers/bin/MAX78000/softfp/libPeriphDriver_softfp.a(gpio_common.o)
 .bss.cbparam   0x20000d20      0x200 C:/new_sdk/msdk/Libraries/PeriphDrivers/bin/MAX78000/softfp/libPeriphDriver_softfp.a(gpio_common.o)
 .bss.initialized
                0x20000f20        0x1 C:/new_sdk/msdk/Libraries/PeriphDrivers/bin/MAX78000/softfp/libPeriphDriver_softfp.a(gpio_common.o)
 *fill*         0x20000f21        0x3 
 .bss.__malloc_current_mallinfo
                0x20000f24       0x28 c:/new_sdk/msdk/tools/gnutools/10.3/bin/../lib/gcc/arm-none-eabi/10.3.1/../../../../arm-none-eabi/lib/thumb/v7e-m+fp/softfp\libc.a(lib_a-mallocr.o)
                0x20000f24                __malloc_current_mallinfo
 .bss.__malloc_max_sbrked_mem
                0x20000f4c        0x4 c:/new_sdk/msdk/tools/gnutools/10.3/bin/../lib/gcc/arm-none-eabi/10.3.1/../../../../arm-none-eabi/lib/thumb/v7e-m+fp/softfp\libc.a(lib_a-mallocr.o)
                0x20000f4c                __malloc_max_sbrked_mem
 .bss.__malloc_max_total_mem
                0x20000f50        0x4 c:/new_sdk/msdk/tools/gnutools/10.3/bin/../lib/gcc/arm-none-eabi/10.3.1/../../../../arm-none-eabi/lib/thumb/v7e-m+fp/softfp\libc.a(lib_a-mallocr.o)
                0x20000f50                __malloc_max_total_mem
 .bss.__malloc_top_pad
                0x20000f54        0x4 c:/new_sdk/msdk/tools/gnutools/10.3/bin/../lib/gcc/arm-none-eabi/10.3.1/../../../../arm-none-eabi/lib/thumb/v7e-m+fp/softfp\libc.a(lib_a-mallocr.o)
                0x20000f54                __malloc_top_pad
 .bss.__lock___atexit_recursive_mutex
                0x20000f58        0x1 c:/new_sdk/msdk/tools/gnutools/10.3/bin/../lib/gcc/arm-none-eabi/10.3.1/../../../../arm-none-eabi/lib/thumb/v7e-m+fp/softfp\libc.a(lib_a-lock.o)
                0x20000f58                __lock___atexit_recursive_mutex
 *fill*         0x20000f59        0x3 
 .bss.__lock___malloc_recursive_mutex
                0x20000f5c        0x1 c:/new_sdk/msdk/tools/gnutools/10.3/bin/../lib/gcc/arm-none-eabi/10.3.1/../../../../arm-none-eabi/lib/thumb/v7e-m+fp/softfp\libc.a(lib_a-lock.o)
                0x20000f5c                __lock___malloc_recursive_mutex
 *fill*         0x20000f5d        0x3 
 .bss.__lock___sfp_recursive_mutex
                0x20000f60        0x1 c:/new_sdk/msdk/tools/gnutools/10.3/bin/../lib/gcc/arm-none-eabi/10.3.1/../../../../arm-none-eabi/lib/thumb/v7e-m+fp/softfp\libc.a(lib_a-lock.o)
                0x20000f60                __lock___sfp_recursive_mutex
 *fill*         0x20000f61        0x3 
 .bss.__lock___sinit_recursive_mutex
                0x20000f64        0x1 c:/new_sdk/msdk/tools/gnutools/10.3/bin/../lib/gcc/arm-none-eabi/10.3.1/../../../../arm-none-eabi/lib/thumb/v7e-m+fp/softfp\libc.a(lib_a-lock.o)
                0x20000f64                __lock___sinit_recursive_mutex
 *fill*         0x20000f65        0x3 
 .bss.errno     0x20000f68        0x4 c:/new_sdk/msdk/tools/gnutools/10.3/bin/../lib/gcc/arm-none-eabi/10.3.1/../../../../arm-none-eabi/lib/thumb/v7e-m+fp/softfp\libc.a(lib_a-reent.o)
                0x20000f68                errno
 *(COMMON)
                0x20000f6c                _ebss = ALIGN (., 0x4)

.shared         0x20000f6c        0x4 load address 0x1000a26c
                0x20000f6c                . = ALIGN (0x4)
                0x20000f6c                _shared = .
 *(.mailbox*)
                0x20000f6c                . = ALIGN (0x4)
 *(.shared*)
 .shared        0x20000f6c        0x4 c:/Code/pihat/PiHat_I2C/build/system_max78000.o
                0x20000f6c                SystemCoreClock
                0x20000f70                _eshared = ALIGN (., 0x4)
                0x1000a26c                __shared_data = LOADADDR (.shared)
                0x20020000                __StackTop = (ORIGIN (SRAM) + LENGTH (SRAM))
                0x2001f000                __StackLimit = (__StackTop - SIZEOF (.stack_dummy))

.stack_dummy    0x20000f70     0x1000 load address 0x1000a270
 *(.stack*)
 .stack         0x20000f70     0x1000 c:/Code/pihat/PiHat_I2C/build/startup_max78000.o

.heap           0x20000f70      0xc00 load address 0x1000a270
                0x20000f70                . = ALIGN (0x4)
 *(.heap*)
 .heap          0x20000f70      0xc00 c:/Code/pihat/PiHat_I2C/build/startup_max78000.o
                0x20000f70                __HeapBase
                0x2001f000                __HeapLimit = ABSOLUTE (__StackLimit)
                0x20020000                PROVIDE (__stack = __StackTop)
                0x00000001                ASSERT ((__StackLimit >= _ebss), region RAM overflowed with stack)

.riscv_flash    0x1000a270      0x190
                0x1000a300                . = ALIGN (0x100)
 *fill*         0x1000a270       0x90 
                0x1000a400                . = (. + 0x100)
 *fill*         0x1000a300      0x100 
                0x1000a400                _riscv_boot = .
 *riscv.o(.text*)
OUTPUT(c:/Code/pihat/PiHat_I2C/build/PiHat_I2C.elf elf32-littlearm)
LOAD linker stubs

.ARM.attributes
                0x00000000       0x2e
 .ARM.attributes
                0x00000000       0x1e c:/new_sdk/msdk/tools/gnutools/10.3/bin/../lib/gcc/arm-none-eabi/10.3.1/thumb/v7e-m+fp/softfp/crti.o
 .ARM.attributes
                0x0000001e       0x32 c:/new_sdk/msdk/tools/gnutools/10.3/bin/../lib/gcc/arm-none-eabi/10.3.1/thumb/v7e-m+fp/softfp/crtbegin.o
 .ARM.attributes
                0x00000050       0x32 c:/Code/pihat/PiHat_I2C/build/main.o
 .ARM.attributes
                0x00000082       0x32 c:/Code/pihat/PiHat_I2C/build/board.o
 .ARM.attributes
                0x000000b4       0x32 c:/Code/pihat/PiHat_I2C/build/stdio.o
 .ARM.attributes
                0x000000e6       0x32 c:/Code/pihat/PiHat_I2C/build/led.o
 .ARM.attributes
                0x00000118       0x32 c:/Code/pihat/PiHat_I2C/build/pb.o
 .ARM.attributes
                0x0000014a       0x1b c:/Code/pihat/PiHat_I2C/build/startup_max78000.o
 .ARM.attributes
                0x00000165       0x32 c:/Code/pihat/PiHat_I2C/build/heap.o
 .ARM.attributes
                0x00000197       0x32 c:/Code/pihat/PiHat_I2C/build/system_max78000.o
 .ARM.attributes
                0x000001c9       0x32 C:/new_sdk/msdk/Libraries/PeriphDrivers/bin/MAX78000/softfp/libPeriphDriver_softfp.a(mxc_delay.o)
 .ARM.attributes
                0x000001fb       0x32 C:/new_sdk/msdk/Libraries/PeriphDrivers/bin/MAX78000/softfp/libPeriphDriver_softfp.a(pins_ai85.o)
 .ARM.attributes
                0x0000022d       0x32 C:/new_sdk/msdk/Libraries/PeriphDrivers/bin/MAX78000/softfp/libPeriphDriver_softfp.a(sys_ai85.o)
 .ARM.attributes
                0x0000025f       0x32 C:/new_sdk/msdk/Libraries/PeriphDrivers/bin/MAX78000/softfp/libPeriphDriver_softfp.a(gpio_ai85.o)
 .ARM.attributes
                0x00000291       0x32 C:/new_sdk/msdk/Libraries/PeriphDrivers/bin/MAX78000/softfp/libPeriphDriver_softfp.a(gpio_reva.o)
 .ARM.attributes
                0x000002c3       0x32 C:/new_sdk/msdk/Libraries/PeriphDrivers/bin/MAX78000/softfp/libPeriphDriver_softfp.a(i2c_me17.o)
 .ARM.attributes
                0x000002f5       0x32 C:/new_sdk/msdk/Libraries/PeriphDrivers/bin/MAX78000/softfp/libPeriphDriver_softfp.a(i2c_reva.o)
 .ARM.attributes
                0x00000327       0x32 C:/new_sdk/msdk/Libraries/PeriphDrivers/bin/MAX78000/softfp/libPeriphDriver_softfp.a(icc_me17.o)
 .ARM.attributes
                0x00000359       0x32 C:/new_sdk/msdk/Libraries/PeriphDrivers/bin/MAX78000/softfp/libPeriphDriver_softfp.a(icc_reva.o)
 .ARM.attributes
                0x0000038b       0x32 C:/new_sdk/msdk/Libraries/PeriphDrivers/bin/MAX78000/softfp/libPeriphDriver_softfp.a(uart_ai85.o)
 .ARM.attributes
                0x000003bd       0x32 C:/new_sdk/msdk/Libraries/PeriphDrivers/bin/MAX78000/softfp/libPeriphDriver_softfp.a(uart_common.o)
 .ARM.attributes
                0x000003ef       0x32 C:/new_sdk/msdk/Libraries/PeriphDrivers/bin/MAX78000/softfp/libPeriphDriver_softfp.a(uart_revb.o)
 .ARM.attributes
                0x00000421       0x32 C:/new_sdk/msdk/Libraries/PeriphDrivers/bin/MAX78000/softfp/libPeriphDriver_softfp.a(gpio_common.o)
 .ARM.attributes
                0x00000453       0x32 c:/new_sdk/msdk/tools/gnutools/10.3/bin/../lib/gcc/arm-none-eabi/10.3.1/../../../../arm-none-eabi/lib/thumb/v7e-m+fp/softfp\libc.a(lib_a-errno.o)
 .ARM.attributes
                0x00000485       0x32 c:/new_sdk/msdk/tools/gnutools/10.3/bin/../lib/gcc/arm-none-eabi/10.3.1/../../../../arm-none-eabi/lib/thumb/v7e-m+fp/softfp\libc.a(lib_a-impure.o)
 .ARM.attributes
                0x000004b7       0x32 c:/new_sdk/msdk/tools/gnutools/10.3/bin/../lib/gcc/arm-none-eabi/10.3.1/../../../../arm-none-eabi/lib/thumb/v7e-m+fp/softfp\libc.a(lib_a-init.o)
 .ARM.attributes
                0x000004e9       0x32 c:/new_sdk/msdk/tools/gnutools/10.3/bin/../lib/gcc/arm-none-eabi/10.3.1/../../../../arm-none-eabi/lib/thumb/v7e-m+fp/softfp\libc.a(lib_a-mallocr.o)
 .ARM.attributes
                0x0000051b       0x1c c:/new_sdk/msdk/tools/gnutools/10.3/bin/../lib/gcc/arm-none-eabi/10.3.1/../../../../arm-none-eabi/lib/thumb/v7e-m+fp/softfp\libc.a(lib_a-memcpy.o)
 .ARM.attributes
                0x00000537       0x32 c:/new_sdk/msdk/tools/gnutools/10.3/bin/../lib/gcc/arm-none-eabi/10.3.1/../../../../arm-none-eabi/lib/thumb/v7e-m+fp/softfp\libc.a(lib_a-memset.o)
 .ARM.attributes
                0x00000569       0x32 c:/new_sdk/msdk/tools/gnutools/10.3/bin/../lib/gcc/arm-none-eabi/10.3.1/../../../../arm-none-eabi/lib/thumb/v7e-m+fp/softfp\libc.a(lib_a-mlock.o)
 .ARM.attributes
                0x0000059b       0x32 c:/new_sdk/msdk/tools/gnutools/10.3/bin/../lib/gcc/arm-none-eabi/10.3.1/../../../../arm-none-eabi/lib/thumb/v7e-m+fp/softfp\libc.a(lib_a-printf.o)
 .ARM.attributes
                0x000005cd       0x32 c:/new_sdk/msdk/tools/gnutools/10.3/bin/../lib/gcc/arm-none-eabi/10.3.1/../../../../arm-none-eabi/lib/thumb/v7e-m+fp/softfp\libc.a(lib_a-puts.o)
 .ARM.attributes
                0x000005ff       0x32 c:/new_sdk/msdk/tools/gnutools/10.3/bin/../lib/gcc/arm-none-eabi/10.3.1/../../../../arm-none-eabi/lib/thumb/v7e-m+fp/softfp\libc.a(lib_a-sbrkr.o)
 .ARM.attributes
                0x00000631       0x1c c:/new_sdk/msdk/tools/gnutools/10.3/bin/../lib/gcc/arm-none-eabi/10.3.1/../../../../arm-none-eabi/lib/thumb/v7e-m+fp/softfp\libc.a(lib_a-strlen.o)
 .ARM.attributes
                0x0000064d       0x32 c:/new_sdk/msdk/tools/gnutools/10.3/bin/../lib/gcc/arm-none-eabi/10.3.1/../../../../arm-none-eabi/lib/thumb/v7e-m+fp/softfp\libc.a(lib_a-vfprintf.o)
 .ARM.attributes
                0x0000067f       0x32 c:/new_sdk/msdk/tools/gnutools/10.3/bin/../lib/gcc/arm-none-eabi/10.3.1/../../../../arm-none-eabi/lib/thumb/v7e-m+fp/softfp\libc.a(lib_a-wsetup.o)
 .ARM.attributes
                0x000006b1       0x32 c:/new_sdk/msdk/tools/gnutools/10.3/bin/../lib/gcc/arm-none-eabi/10.3.1/../../../../arm-none-eabi/lib/thumb/v7e-m+fp/softfp\libc.a(lib_a-__call_atexit.o)
 .ARM.attributes
                0x000006e3       0x32 c:/new_sdk/msdk/tools/gnutools/10.3/bin/../lib/gcc/arm-none-eabi/10.3.1/../../../../arm-none-eabi/lib/thumb/v7e-m+fp/softfp\libc.a(lib_a-atexit.o)
 .ARM.attributes
                0x00000715       0x32 c:/new_sdk/msdk/tools/gnutools/10.3/bin/../lib/gcc/arm-none-eabi/10.3.1/../../../../arm-none-eabi/lib/thumb/v7e-m+fp/softfp\libc.a(lib_a-dtoa.o)
 .ARM.attributes
                0x00000747       0x32 c:/new_sdk/msdk/tools/gnutools/10.3/bin/../lib/gcc/arm-none-eabi/10.3.1/../../../../arm-none-eabi/lib/thumb/v7e-m+fp/softfp\libc.a(lib_a-fflush.o)
 .ARM.attributes
                0x00000779       0x32 c:/new_sdk/msdk/tools/gnutools/10.3/bin/../lib/gcc/arm-none-eabi/10.3.1/../../../../arm-none-eabi/lib/thumb/v7e-m+fp/softfp\libc.a(lib_a-findfp.o)
 .ARM.attributes
                0x000007ab       0x32 c:/new_sdk/msdk/tools/gnutools/10.3/bin/../lib/gcc/arm-none-eabi/10.3.1/../../../../arm-none-eabi/lib/thumb/v7e-m+fp/softfp\libc.a(lib_a-fini.o)
 .ARM.attributes
                0x000007dd       0x32 c:/new_sdk/msdk/tools/gnutools/10.3/bin/../lib/gcc/arm-none-eabi/10.3.1/../../../../arm-none-eabi/lib/thumb/v7e-m+fp/softfp\libc.a(lib_a-freer.o)
 .ARM.attributes
                0x0000080f       0x32 c:/new_sdk/msdk/tools/gnutools/10.3/bin/../lib/gcc/arm-none-eabi/10.3.1/../../../../arm-none-eabi/lib/thumb/v7e-m+fp/softfp\libc.a(lib_a-fvwrite.o)
 .ARM.attributes
                0x00000841       0x32 c:/new_sdk/msdk/tools/gnutools/10.3/bin/../lib/gcc/arm-none-eabi/10.3.1/../../../../arm-none-eabi/lib/thumb/v7e-m+fp/softfp\libc.a(lib_a-fwalk.o)
 .ARM.attributes
                0x00000873       0x32 c:/new_sdk/msdk/tools/gnutools/10.3/bin/../lib/gcc/arm-none-eabi/10.3.1/../../../../arm-none-eabi/lib/thumb/v7e-m+fp/softfp\libc.a(lib_a-localeconv.o)
 .ARM.attributes
                0x000008a5       0x32 c:/new_sdk/msdk/tools/gnutools/10.3/bin/../lib/gcc/arm-none-eabi/10.3.1/../../../../arm-none-eabi/lib/thumb/v7e-m+fp/softfp\libc.a(lib_a-lock.o)
 .ARM.attributes
                0x000008d7       0x32 c:/new_sdk/msdk/tools/gnutools/10.3/bin/../lib/gcc/arm-none-eabi/10.3.1/../../../../arm-none-eabi/lib/thumb/v7e-m+fp/softfp\libc.a(lib_a-makebuf.o)
 .ARM.attributes
                0x00000909       0x1c c:/new_sdk/msdk/tools/gnutools/10.3/bin/../lib/gcc/arm-none-eabi/10.3.1/../../../../arm-none-eabi/lib/thumb/v7e-m+fp/softfp\libc.a(lib_a-memchr.o)
 .ARM.attributes
                0x00000925       0x32 c:/new_sdk/msdk/tools/gnutools/10.3/bin/../lib/gcc/arm-none-eabi/10.3.1/../../../../arm-none-eabi/lib/thumb/v7e-m+fp/softfp\libc.a(lib_a-memmove.o)
 .ARM.attributes
                0x00000957       0x32 c:/new_sdk/msdk/tools/gnutools/10.3/bin/../lib/gcc/arm-none-eabi/10.3.1/../../../../arm-none-eabi/lib/thumb/v7e-m+fp/softfp\libc.a(lib_a-mprec.o)
 .ARM.attributes
                0x00000989       0x32 c:/new_sdk/msdk/tools/gnutools/10.3/bin/../lib/gcc/arm-none-eabi/10.3.1/../../../../arm-none-eabi/lib/thumb/v7e-m+fp/softfp\libc.a(lib_a-reallocr.o)
 .ARM.attributes
                0x000009bb       0x32 c:/new_sdk/msdk/tools/gnutools/10.3/bin/../lib/gcc/arm-none-eabi/10.3.1/../../../../arm-none-eabi/lib/thumb/v7e-m+fp/softfp\libc.a(lib_a-reent.o)
 .ARM.attributes
                0x000009ed       0x32 c:/new_sdk/msdk/tools/gnutools/10.3/bin/../lib/gcc/arm-none-eabi/10.3.1/../../../../arm-none-eabi/lib/thumb/v7e-m+fp/softfp\libc.a(lib_a-s_frexp.o)
 .ARM.attributes
                0x00000a1f       0x32 c:/new_sdk/msdk/tools/gnutools/10.3/bin/../lib/gcc/arm-none-eabi/10.3.1/../../../../arm-none-eabi/lib/thumb/v7e-m+fp/softfp\libc.a(lib_a-stdio.o)
 .ARM.attributes
                0x00000a51       0x32 c:/new_sdk/msdk/tools/gnutools/10.3/bin/../lib/gcc/arm-none-eabi/10.3.1/../../../../arm-none-eabi/lib/thumb/v7e-m+fp/softfp\libc.a(lib_a-strncpy.o)
 .ARM.attributes
                0x00000a83       0x32 c:/new_sdk/msdk/tools/gnutools/10.3/bin/../lib/gcc/arm-none-eabi/10.3.1/../../../../arm-none-eabi/lib/thumb/v7e-m+fp/softfp\libc.a(lib_a-vfiprintf.o)
 .ARM.attributes
                0x00000ab5       0x32 c:/new_sdk/msdk/tools/gnutools/10.3/bin/../lib/gcc/arm-none-eabi/10.3.1/../../../../arm-none-eabi/lib/thumb/v7e-m+fp/softfp\libc.a(lib_a-writer.o)
 .ARM.attributes
                0x00000ae7       0x32 c:/new_sdk/msdk/tools/gnutools/10.3/bin/../lib/gcc/arm-none-eabi/10.3.1/../../../../arm-none-eabi/lib/thumb/v7e-m+fp/softfp\libc.a(lib_a-__atexit.o)
 .ARM.attributes
                0x00000b19       0x32 c:/new_sdk/msdk/tools/gnutools/10.3/bin/../lib/gcc/arm-none-eabi/10.3.1/../../../../arm-none-eabi/lib/thumb/v7e-m+fp/softfp\libc.a(lib_a-assert.o)
 .ARM.attributes
                0x00000b4b       0x32 c:/new_sdk/msdk/tools/gnutools/10.3/bin/../lib/gcc/arm-none-eabi/10.3.1/../../../../arm-none-eabi/lib/thumb/v7e-m+fp/softfp\libc.a(lib_a-callocr.o)
 .ARM.attributes
                0x00000b7d       0x32 c:/new_sdk/msdk/tools/gnutools/10.3/bin/../lib/gcc/arm-none-eabi/10.3.1/../../../../arm-none-eabi/lib/thumb/v7e-m+fp/softfp\libc.a(lib_a-closer.o)
 .ARM.attributes
                0x00000baf       0x32 c:/new_sdk/msdk/tools/gnutools/10.3/bin/../lib/gcc/arm-none-eabi/10.3.1/../../../../arm-none-eabi/lib/thumb/v7e-m+fp/softfp\libc.a(lib_a-fclose.o)
 .ARM.attributes
                0x00000be1       0x32 c:/new_sdk/msdk/tools/gnutools/10.3/bin/../lib/gcc/arm-none-eabi/10.3.1/../../../../arm-none-eabi/lib/thumb/v7e-m+fp/softfp\libc.a(lib_a-fiprintf.o)
 .ARM.attributes
                0x00000c13       0x32 c:/new_sdk/msdk/tools/gnutools/10.3/bin/../lib/gcc/arm-none-eabi/10.3.1/../../../../arm-none-eabi/lib/thumb/v7e-m+fp/softfp\libc.a(lib_a-fputwc.o)
 .ARM.attributes
                0x00000c45       0x32 c:/new_sdk/msdk/tools/gnutools/10.3/bin/../lib/gcc/arm-none-eabi/10.3.1/../../../../arm-none-eabi/lib/thumb/v7e-m+fp/softfp\libc.a(lib_a-fstatr.o)
 .ARM.attributes
                0x00000c77       0x32 c:/new_sdk/msdk/tools/gnutools/10.3/bin/../lib/gcc/arm-none-eabi/10.3.1/../../../../arm-none-eabi/lib/thumb/v7e-m+fp/softfp\libc.a(lib_a-isattyr.o)
 .ARM.attributes
                0x00000ca9       0x32 c:/new_sdk/msdk/tools/gnutools/10.3/bin/../lib/gcc/arm-none-eabi/10.3.1/../../../../arm-none-eabi/lib/thumb/v7e-m+fp/softfp\libc.a(lib_a-locale.o)
 .ARM.attributes
                0x00000cdb       0x32 c:/new_sdk/msdk/tools/gnutools/10.3/bin/../lib/gcc/arm-none-eabi/10.3.1/../../../../arm-none-eabi/lib/thumb/v7e-m+fp/softfp\libc.a(lib_a-lseekr.o)
 .ARM.attributes
                0x00000d0d       0x32 c:/new_sdk/msdk/tools/gnutools/10.3/bin/../lib/gcc/arm-none-eabi/10.3.1/../../../../arm-none-eabi/lib/thumb/v7e-m+fp/softfp\libc.a(lib_a-mbtowc_r.o)
 .ARM.attributes
                0x00000d3f       0x32 c:/new_sdk/msdk/tools/gnutools/10.3/bin/../lib/gcc/arm-none-eabi/10.3.1/../../../../arm-none-eabi/lib/thumb/v7e-m+fp/softfp\libc.a(lib_a-readr.o)
 .ARM.attributes
                0x00000d71       0x32 c:/new_sdk/msdk/tools/gnutools/10.3/bin/../lib/gcc/arm-none-eabi/10.3.1/../../../../arm-none-eabi/lib/thumb/v7e-m+fp/softfp\libc.a(lib_a-wbuf.o)
 .ARM.attributes
                0x00000da3       0x32 c:/new_sdk/msdk/tools/gnutools/10.3/bin/../lib/gcc/arm-none-eabi/10.3.1/../../../../arm-none-eabi/lib/thumb/v7e-m+fp/softfp\libc.a(lib_a-wcrtomb.o)
 .ARM.attributes
                0x00000dd5       0x32 c:/new_sdk/msdk/tools/gnutools/10.3/bin/../lib/gcc/arm-none-eabi/10.3.1/../../../../arm-none-eabi/lib/thumb/v7e-m+fp/softfp\libc.a(lib_a-wctomb_r.o)
 .ARM.attributes
                0x00000e07       0x32 c:/new_sdk/msdk/tools/gnutools/10.3/bin/../lib/gcc/arm-none-eabi/10.3.1/../../../../arm-none-eabi/lib/thumb/v7e-m+fp/softfp\libc.a(lib_a-abort.o)
 .ARM.attributes
                0x00000e39       0x32 c:/new_sdk/msdk/tools/gnutools/10.3/bin/../lib/gcc/arm-none-eabi/10.3.1/../../../../arm-none-eabi/lib/thumb/v7e-m+fp/softfp\libc.a(lib_a-ctype_.o)
 .ARM.attributes
                0x00000e6b       0x32 c:/new_sdk/msdk/tools/gnutools/10.3/bin/../lib/gcc/arm-none-eabi/10.3.1/../../../../arm-none-eabi/lib/thumb/v7e-m+fp/softfp\libc.a(lib_a-signal.o)
 .ARM.attributes
                0x00000e9d       0x32 c:/new_sdk/msdk/tools/gnutools/10.3/bin/../lib/gcc/arm-none-eabi/10.3.1/../../../../arm-none-eabi/lib/thumb/v7e-m+fp/softfp\libc.a(lib_a-signalr.o)
 .ARM.attributes
                0x00000ecf       0x32 c:/new_sdk/msdk/tools/gnutools/10.3/bin/../lib/gcc/arm-none-eabi/10.3.1/../../../../arm-none-eabi/lib/thumb/v7e-m+fp/softfp\libnosys.a(getpid.o)
 .ARM.attributes
                0x00000f01       0x32 c:/new_sdk/msdk/tools/gnutools/10.3/bin/../lib/gcc/arm-none-eabi/10.3.1/../../../../arm-none-eabi/lib/thumb/v7e-m+fp/softfp\libnosys.a(kill.o)
 .ARM.attributes
                0x00000f33       0x32 c:/new_sdk/msdk/tools/gnutools/10.3/bin/../lib/gcc/arm-none-eabi/10.3.1/../../../../arm-none-eabi/lib/thumb/v7e-m+fp/softfp\libnosys.a(_exit.o)
 .ARM.attributes
                0x00000f65       0x1e c:/new_sdk/msdk/tools/gnutools/10.3/bin/../lib/gcc/arm-none-eabi/10.3.1/thumb/v7e-m+fp/softfp\libgcc.a(_arm_addsubdf3.o)
 .ARM.attributes
                0x00000f83       0x1e c:/new_sdk/msdk/tools/gnutools/10.3/bin/../lib/gcc/arm-none-eabi/10.3.1/thumb/v7e-m+fp/softfp\libgcc.a(_arm_muldivdf3.o)
 .ARM.attributes